../Drivers/CMSIS/Include/core_cm4.h:1933:34:__NVIC_SystemReset	4	static,ignoring_inline_asm
../Src/stim_lib_st_inc.c:33:6:stimLib_adcWatchdoc_callback	8	static
../Src/stim_lib_st_inc.c:53:6:stimLib_adcError_callback	8	static
../Src/stim_lib_st_inc.c:71:6:stimLib_stepup_ctrlCallback	16	static
../Src/stim_lib_st_inc.c:83:6:stimLib_trgInput_callback	16	static
../Src/stim_lib_st_inc.c:110:6:stimLib_timError_callback	16	static
../Src/stim_lib_st_inc.c:115:6:stimLib_timPwmPluseFinished_callback	16	static
../Src/stim_lib_st_inc.c:124:13:stim_lib_trg_input_active_low_hanlde	8	static
../Src/stim_lib_st_inc.c:146:13:stim_lib_trg_input_active_high_handle	8	static
