../Src/stim_lib_volt.c:47:6:stimLib_stepup_ctrlScheduler	8	static
../Src/stim_lib_volt.c:72:6:stimLib_stepup_voltFeedback	16	static
../Src/stim_lib_volt.c:87:6:stimLib_voltCfg	56	static
../Src/stim_lib_volt.c:175:6:stimLib_adc1_readBuffer	32	static
../Src/stim_lib_volt.c:201:10:stimLib_stepup_adcAVG	24	static
../Src/stim_lib_volt.c:215:10:stimLib_stepup_voltCalc	72	static
../Src/stim_lib_volt.c:237:6:stimLib_stepup_dataPrint	56	static
../Src/stim_lib_volt.c:273:6:stimLib_dacctrl_Set	8	static
../Src/stim_lib_volt.c:278:6:stimLib_dacctrl_Off	8	static
../Src/stim_lib_volt.c:286:6:stimLib_stepup_timerStart	8	static
../Src/stim_lib_volt.c:294:6:stimLib_stepup_timerStop	8	static
../Src/stim_lib_volt.c:302:6:stimLib_stepup_adcStart	8	static
../Src/stim_lib_volt.c:310:6:stimLib_stepup_adcStop	8	static
../Src/stim_lib_volt.c:316:6:stimLib_stepupStart	8	static
../Src/stim_lib_volt.c:325:6:stimLib_stepupStop	8	static
