../Src/stim_lib_volt.c:48:6:stimLib_stepup_ctrlScheduler	8	static
../Src/stim_lib_volt.c:73:6:stimLib_stepup_voltFeedback	16	static
../Src/stim_lib_volt.c:88:6:stimLib_voltCfg	56	static
../Src/stim_lib_volt.c:176:6:stimLib_adc1_readBuffer	32	static
../Src/stim_lib_volt.c:202:10:stimLib_stepup_adcAVG	24	static
../Src/stim_lib_volt.c:216:10:stimLib_stepup_voltCalc	72	static
../Src/stim_lib_volt.c:238:6:stimLib_stepup_dataPrint	56	static
../Src/stim_lib_volt.c:274:6:stimLib_dacctrl_Set	8	static
../Src/stim_lib_volt.c:279:6:stimLib_dacctrl_Off	8	static
../Src/stim_lib_volt.c:287:6:stimLib_stepup_timerStart	8	static
../Src/stim_lib_volt.c:295:6:stimLib_stepup_timerStop	8	static
../Src/stim_lib_volt.c:303:6:stimLib_stepup_adcStart	8	static
../Src/stim_lib_volt.c:311:6:stimLib_stepup_adcStop	8	static
../Src/stim_lib_volt.c:317:6:stimLib_stepupStart	8	static
../Src/stim_lib_volt.c:327:6:stimLib_stepupStop	8	static
