main.c:68:6:HAL_GPIO_EXTI_Callback	1
main.c:81:6:HAL_TIM_ErrorCallback	1
main.c:87:6:HAL_TIM_PWM_PulseFinishedHalfCpltCallback	1
main.c:92:6:HAL_TIM_PWM_PulseFinishedCallback	1
main.c:101:6:HAL_TIM_PeriodElapsedCallback	1
main.c:109:6:HAL_ADC_ErrorCallback	1
main.c:117:6:HAL_ADC_LevelOutOfWindowCallback	1
main.c:157:5:main	1
main.c:251:6:SystemClock_Config	4
main.c:303:6:MX_ADC1_Init	5
main.c:387:6:MX_ADC2_Init	4
main.c:455:6:MX_TIM1_Init	5
main.c:528:6:MX_TIM2_Init	8
main.c:597:6:MX_TIM6_Init	3
main.c:636:6:MX_USART3_UART_Init	2
main.c:669:6:MX_DMA_Init	1
main.c:694:6:MX_GPIO_Init	1
main.c:796:6:Error_Handler	1
