../Core/Src/main.c:68:6:HAL_GPIO_EXTI_Callback	16	static
../Core/Src/main.c:78:6:HAL_TIM_ErrorCallback	16	static
../Core/Src/main.c:84:6:HAL_TIM_PWM_PulseFinishedHalfCpltCallback	16	static
../Core/Src/main.c:89:6:HAL_TIM_PWM_PulseFinishedCallback	16	static
../Core/Src/main.c:106:5:main	32	static
../Core/Src/main.c:192:6:SystemClock_Config	96	static
../Core/Src/main.c:244:6:MX_ADC1_Init	72	static
../Core/Src/main.c:328:6:MX_ADC2_Init	32	static
../Core/Src/main.c:396:6:MX_TIM1_Init	96	static
../Core/Src/main.c:469:6:MX_TIM2_Init	48	static
../Core/Src/main.c:538:6:MX_TIM6_Init	24	static
../Core/Src/main.c:577:6:MX_USART3_UART_Init	8	static
../Core/Src/main.c:610:6:MX_DMA_Init	16	static
../Core/Src/main.c:635:6:MX_GPIO_Init	48	static
../Core/Src/main.c:737:6:Error_Handler	4	static,ignoring_inline_asm
