main.c:74:21:tdUsart1_handlerGet	1
main.c:79:6:USER_DMA_INIT	1
main.c:92:6:HAL_GPIO_EXTI_Callback	1
main.c:105:6:HAL_TIM_ErrorCallback	1
main.c:111:6:HAL_TIM_PWM_PulseFinishedHalfCpltCallback	1
main.c:116:6:HAL_TIM_PWM_PulseFinishedCallback	1
main.c:125:6:HAL_TIM_PeriodElapsedCallback	1
main.c:133:6:HAL_ADC_ErrorCallback	1
main.c:141:6:HAL_ADC_LevelOutOfWindowCallback	1
main.c:181:5:main	1
main.c:292:6:SystemClock_Config	4
main.c:344:6:MX_ADC1_Init	5
main.c:428:6:MX_ADC2_Init	4
main.c:496:6:MX_TIM1_Init	5
main.c:569:6:MX_TIM2_Init	8
main.c:638:6:MX_TIM6_Init	3
main.c:677:6:MX_USART1_UART_Init	2
main.c:712:6:MX_USART3_UART_Init	2
main.c:745:6:MX_DMA_Init	1
main.c:776:6:MX_GPIO_Init	1
main.c:870:6:Error_Handler	1
