../Core/Src/main.c:68:6:HAL_GPIO_EXTI_Callback	16	static
../Core/Src/main.c:81:6:HAL_TIM_ErrorCallback	16	static
../Core/Src/main.c:87:6:HAL_TIM_PWM_PulseFinishedHalfCpltCallback	16	static
../Core/Src/main.c:92:6:HAL_TIM_PWM_PulseFinishedCallback	16	static
../Core/Src/main.c:101:6:HAL_TIM_PeriodElapsedCallback	16	static
../Core/Src/main.c:109:6:HAL_ADC_ErrorCallback	16	static
../Core/Src/main.c:117:6:HAL_ADC_LevelOutOfWindowCallback	16	static
../Core/Src/main.c:157:5:main	32	static
../Core/Src/main.c:251:6:SystemClock_Config	96	static
../Core/Src/main.c:303:6:MX_ADC1_Init	72	static
../Core/Src/main.c:387:6:MX_ADC2_Init	32	static
../Core/Src/main.c:455:6:MX_TIM1_Init	96	static
../Core/Src/main.c:528:6:MX_TIM2_Init	48	static
../Core/Src/main.c:597:6:MX_TIM6_Init	24	static
../Core/Src/main.c:636:6:MX_USART3_UART_Init	8	static
../Core/Src/main.c:669:6:MX_DMA_Init	16	static
../Core/Src/main.c:694:6:MX_GPIO_Init	48	static
../Core/Src/main.c:796:6:Error_Handler	4	static,ignoring_inline_asm
