Archive member included to satisfy reference by file (symbol)

C:\Users\eidos\GitHub\Allears_EV_KIT\allears_EVK_TEST\Core\StimLib\liballear_evk_lib_debug.a(stim_lib.o)
                              ./Core/Src/main.o (stimLib_stimInit)
C:\Users\eidos\GitHub\Allears_EV_KIT\allears_EVK_TEST\Core\StimLib\liballear_evk_lib_debug.a(stim_lib_common.o)
                              C:\Users\eidos\GitHub\Allears_EV_KIT\allears_EVK_TEST\Core\StimLib\liballear_evk_lib_debug.a(stim_lib.o) (stimLib_getTick)
C:\Users\eidos\GitHub\Allears_EV_KIT\allears_EVK_TEST\Core\StimLib\liballear_evk_lib_debug.a(stim_lib_error.o)
                              C:\Users\eidos\GitHub\Allears_EV_KIT\allears_EVK_TEST\Core\StimLib\liballear_evk_lib_debug.a(stim_lib.o) (stimLib_errorHandle)
C:\Users\eidos\GitHub\Allears_EV_KIT\allears_EVK_TEST\Core\StimLib\liballear_evk_lib_debug.a(stim_lib_init.o)
                              C:\Users\eidos\GitHub\Allears_EV_KIT\allears_EVK_TEST\Core\StimLib\liballear_evk_lib_debug.a(stim_lib.o) (stimLib_initResrc)
C:\Users\eidos\GitHub\Allears_EV_KIT\allears_EVK_TEST\Core\StimLib\liballear_evk_lib_debug.a(stim_lib_st_inc.o)
                              ./Core/Src/main.o (stimLib_adcWatchdoc_callback)
C:\Users\eidos\GitHub\Allears_EV_KIT\allears_EVK_TEST\Core\StimLib\liballear_evk_lib_debug.a(stim_lib_st_inc_st.o)
                              C:\Users\eidos\GitHub\Allears_EV_KIT\allears_EVK_TEST\Core\StimLib\liballear_evk_lib_debug.a(stim_lib.o) (stimLib_stimStopDelayRaw)
C:\Users\eidos\GitHub\Allears_EV_KIT\allears_EVK_TEST\Core\StimLib\liballear_evk_lib_debug.a(stim_lib_st_init.o)
                              C:\Users\eidos\GitHub\Allears_EV_KIT\allears_EVK_TEST\Core\StimLib\liballear_evk_lib_debug.a(stim_lib_init.o) (stimLib_gpioInit)
C:\Users\eidos\GitHub\Allears_EV_KIT\allears_EVK_TEST\Core\StimLib\liballear_evk_lib_debug.a(stim_lib_st_msp.o)
                              C:\Users\eidos\GitHub\Allears_EV_KIT\allears_EVK_TEST\Core\StimLib\liballear_evk_lib_debug.a(stim_lib_st_init.o) (stimLib_adc_mspInit)
C:\Users\eidos\GitHub\Allears_EV_KIT\allears_EVK_TEST\Core\StimLib\liballear_evk_lib_debug.a(stim_lib_state.o)
                              C:\Users\eidos\GitHub\Allears_EV_KIT\allears_EVK_TEST\Core\StimLib\liballear_evk_lib_debug.a(stim_lib.o) (exStimLib_state)
C:\Users\eidos\GitHub\Allears_EV_KIT\allears_EVK_TEST\Core\StimLib\liballear_evk_lib_debug.a(stim_lib_stim_cfg.o)
                              C:\Users\eidos\GitHub\Allears_EV_KIT\allears_EVK_TEST\Core\StimLib\liballear_evk_lib_debug.a(stim_lib.o) (stimLib_signalParamCheck)
C:\Users\eidos\GitHub\Allears_EV_KIT\allears_EVK_TEST\Core\StimLib\liballear_evk_lib_debug.a(stim_lib_stim_cfg_st.o)
                              C:\Users\eidos\GitHub\Allears_EV_KIT\allears_EVK_TEST\Core\StimLib\liballear_evk_lib_debug.a(stim_lib_stim_cfg.o) (stimLib_paramPulseSettingRaw)
C:\Users\eidos\GitHub\Allears_EV_KIT\allears_EVK_TEST\Core\StimLib\liballear_evk_lib_debug.a(stim_lib_volt.o)
                              C:\Users\eidos\GitHub\Allears_EV_KIT\allears_EVK_TEST\Core\StimLib\liballear_evk_lib_debug.a(stim_lib_stim_cfg.o) (stepup_status)
C:\Users\eidos\GitHub\Allears_EV_KIT\allears_EVK_TEST\Core\StimLib\liballear_evk_lib_debug.a(stim_lib_volt_st.o)
                              C:\Users\eidos\GitHub\Allears_EV_KIT\allears_EVK_TEST\Core\StimLib\liballear_evk_lib_debug.a(stim_lib_volt.o) (stimLib_stepup_startRaw)
C:\Users\eidos\GitHub\Allears_EV_KIT\allears_EVK_TEST\Core\StimLib\liballear_evk_lib_debug.a(stim_lib_volt_table.o)
                              C:\Users\eidos\GitHub\Allears_EV_KIT\allears_EVK_TEST\Core\StimLib\liballear_evk_lib_debug.a(stim_lib_volt.o) (exStimLib_stepup_table)
C:\Users\eidos\GitHub\Allears_EV_KIT\allears_EVK_TEST\Core\StimLib\liballear_evk_lib_debug.a(stim_lib_current_st.o)
                              C:\Users\eidos\GitHub\Allears_EV_KIT\allears_EVK_TEST\Core\StimLib\liballear_evk_lib_debug.a(stim_lib_volt.o) (stimLib_dacctrl_setRaw)
c:/st/stm32cubeide_1.12.0/stm32cubeide/plugins/com.st.stm32cube.ide.mcu.externaltools.gnu-tools-for-stm32.10.3-2021.10.win32_1.0.200.202301161003/tools/bin/../lib/gcc/arm-none-eabi/10.3.1/../../../../arm-none-eabi/lib/thumb/v7e-m+fp/hard\libc_nano.a(lib_a-errno.o)
                              ./Core/Src/syscalls.o (__errno)
c:/st/stm32cubeide_1.12.0/stm32cubeide/plugins/com.st.stm32cube.ide.mcu.externaltools.gnu-tools-for-stm32.10.3-2021.10.win32_1.0.200.202301161003/tools/bin/../lib/gcc/arm-none-eabi/10.3.1/../../../../arm-none-eabi/lib/thumb/v7e-m+fp/hard\libc_nano.a(lib_a-exit.o)
                              c:/st/stm32cubeide_1.12.0/stm32cubeide/plugins/com.st.stm32cube.ide.mcu.externaltools.gnu-tools-for-stm32.10.3-2021.10.win32_1.0.200.202301161003/tools/bin/../lib/gcc/arm-none-eabi/10.3.1/../../../../arm-none-eabi/lib/thumb/v7e-m+fp/hard/crt0.o (exit)
[...]
Memory Configuration

Name             Origin             Length             Attributes
RAM              0x0000000020000000 0x000000000000a000 xrw
RAM2             0x0000000010000000 0x0000000000002000 xrw
FLASH            0x0000000008000000 0x0000000000020000 xr
*default*        0x0000000000000000 0xffffffffffffffff

Linker script and memory map

LOAD c:/st/stm32cubeide_1.12.0/stm32cubeide/plugins/com.st.stm32cube.ide.mcu.externaltools.gnu-tools-for-stm32.10.3-2021.10.win32_1.0.200.202301161003/tools/bin/../lib/gcc/arm-none-eabi/10.3.1/thumb/v7e-m+fp/hard/crti.o
LOAD c:/st/stm32cubeide_1.12.0/stm32cubeide/plugins/com.st.stm32cube.ide.mcu.externaltools.gnu-tools-for-stm32.10.3-2021.10.win32_1.0.200.202301161003/tools/bin/../lib/gcc/arm-none-eabi/10.3.1/thumb/v7e-m+fp/hard/crtbegin.o
LOAD c:/st/stm32cubeide_1.12.0/stm32cubeide/plugins/com.st.stm32cube.ide.mcu.externaltools.gnu-tools-for-stm32.10.3-2021.10.win32_1.0.200.202301161003/tools/bin/../lib/gcc/arm-none-eabi/10.3.1/../../../../arm-none-eabi/lib/thumb/v7e-m+fp/hard/crt0.o
LOAD ./Core/Src/main.o
LOAD ./Core/Src/stm32l4xx_hal_msp.o
LOAD ./Core/Src/stm32l4xx_it.o
LOAD ./Core/Src/syscalls.o
LOAD ./Core/Src/sysmem.o
LOAD ./Core/Src/system_stm32l4xx.o
LOAD ./Core/Src/td_debug.o
LOAD ./Core/Src/td_retarget.o
LOAD ./Core/Startup/startup_stm32l412rbtxp.o
LOAD ./Drivers/STM32L4xx_HAL_Driver/Src/stm32l4xx_hal.o
LOAD ./Drivers/STM32L4xx_HAL_Driver/Src/stm32l4xx_hal_adc.o
LOAD ./Drivers/STM32L4xx_HAL_Driver/Src/stm32l4xx_hal_adc_ex.o
LOAD ./Drivers/STM32L4xx_HAL_Driver/Src/stm32l4xx_hal_cortex.o
LOAD ./Drivers/STM32L4xx_HAL_Driver/Src/stm32l4xx_hal_dma.o
LOAD ./Drivers/STM32L4xx_HAL_Driver/Src/stm32l4xx_hal_dma_ex.o
LOAD ./Drivers/STM32L4xx_HAL_Driver/Src/stm32l4xx_hal_exti.o
LOAD ./Drivers/STM32L4xx_HAL_Driver/Src/stm32l4xx_hal_flash.o
LOAD ./Drivers/STM32L4xx_HAL_Driver/Src/stm32l4xx_hal_flash_ex.o
LOAD ./Drivers/STM32L4xx_HAL_Driver/Src/stm32l4xx_hal_flash_ramfunc.o
LOAD ./Drivers/STM32L4xx_HAL_Driver/Src/stm32l4xx_hal_gpio.o
LOAD ./Drivers/STM32L4xx_HAL_Driver/Src/stm32l4xx_hal_pwr.o
LOAD ./Drivers/STM32L4xx_HAL_Driver/Src/stm32l4xx_hal_pwr_ex.o
LOAD ./Drivers/STM32L4xx_HAL_Driver/Src/stm32l4xx_hal_rcc.o
LOAD ./Drivers/STM32L4xx_HAL_Driver/Src/stm32l4xx_hal_rcc_ex.o
LOAD ./Drivers/STM32L4xx_HAL_Driver/Src/stm32l4xx_hal_tim.o
LOAD ./Drivers/STM32L4xx_HAL_Driver/Src/stm32l4xx_hal_tim_ex.o
LOAD ./Drivers/STM32L4xx_HAL_Driver/Src/stm32l4xx_hal_uart.o
LOAD ./Drivers/STM32L4xx_HAL_Driver/Src/stm32l4xx_hal_uart_ex.o
LOAD C:\Users\eidos\GitHub\Allears_EV_KIT\allears_EVK_TEST\Core\StimLib\liballear_evk_lib_debug.a
START GROUP
LOAD c:/st/stm32cubeide_1.12.0/stm32cubeide/plugins/com.st.stm32cube.ide.mcu.externaltools.gnu-tools-for-stm32.10.3-2021.10.win32_1.0.200.202301161003/tools/bin/../lib/gcc/arm-none-eabi/10.3.1/../../../../arm-none-eabi/lib/thumb/v7e-m+fp/hard\libc_nano.a
LOAD c:/st/stm32cubeide_1.12.0/stm32cubeide/plugins/com.st.stm32cube.ide.mcu.externaltools.gnu-tools-for-stm32.10.3-2021.10.win32_1.0.200.202301161003/tools/bin/../lib/gcc/arm-none-eabi/10.3.1/../../../../arm-none-eabi/lib/thumb/v7e-m+fp/hard\libm.a
END GROUP
START GROUP
LOAD c:/st/stm32cubeide_1.12.0/stm32cubeide/plugins/com.st.stm32cube.ide.mcu.externaltools.gnu-tools-for-stm32.10.3-2021.10.win32_1.0.200.202301161003/tools/bin/../lib/gcc/arm-none-eabi/10.3.1/thumb/v7e-m+fp/hard\libgcc.a
LOAD c:/st/stm32cubeide_1.12.0/stm32cubeide/plugins/com.st.stm32cube.ide.mcu.externaltools.gnu-tools-for-stm32.10.3-2021.10.win32_1.0.200.202301161003/tools/bin/../lib/gcc/arm-none-eabi/10.3.1/../../../../arm-none-eabi/lib/thumb/v7e-m+fp/hard\libc_nano.a
END GROUP
START GROUP
LOAD c:/st/stm32cubeide_1.12.0/stm32cubeide/plugins/com.st.stm32cube.ide.mcu.externaltools.gnu-tools-for-stm32.10.3-2021.10.win32_1.0.200.202301161003/tools/bin/../lib/gcc/arm-none-eabi/10.3.1/thumb/v7e-m+fp/hard\libgcc.a
LOAD c:/st/stm32cubeide_1.12.0/stm32cubeide/plugins/com.st.stm32cube.ide.mcu.externaltools.gnu-tools-for-stm32.10.3-2021.10.win32_1.0.200.202301161003/tools/bin/../lib/gcc/arm-none-eabi/10.3.1/../../../../arm-none-eabi/lib/thumb/v7e-m+fp/hard\libc_nano.a
LOAD c:/st/stm32cubeide_1.12.0/stm32cubeide/plugins/com.st.stm32cube.ide.mcu.externaltools.gnu-tools-for-stm32.10.3-2021.10.win32_1.0.200.202301161003/tools/bin/../lib/gcc/arm-none-eabi/10.3.1/../../../../arm-none-eabi/lib/thumb/v7e-m+fp/hard\libnosys.a
END GROUP
START GROUP
LOAD c:/st/stm32cubeide_1.12.0/stm32cubeide/plugins/com.st.stm32cube.ide.mcu.externaltools.gnu-tools-for-stm32.10.3-2021.10.win32_1.0.200.202301161003/tools/bin/../lib/gcc/arm-none-eabi/10.3.1/thumb/v7e-m+fp/hard\libgcc.a
LOAD c:/st/stm32cubeide_1.12.0/stm32cubeide/plugins/com.st.stm32cube.ide.mcu.externaltools.gnu-tools-for-stm32.10.3-2021.10.win32_1.0.200.202301161003/tools/bin/../lib/gcc/arm-none-eabi/10.3.1/../../../../arm-none-eabi/lib/thumb/v7e-m+fp/hard\libc_nano.a
LOAD c:/st/stm32cubeide_1.12.0/stm32cubeide/plugins/com.st.stm32cube.ide.mcu.externaltools.gnu-tools-for-stm32.10.3-2021.10.win32_1.0.200.202301161003/tools/bin/../lib/gcc/arm-none-eabi/10.3.1/../../../../arm-none-eabi/lib/thumb/v7e-m+fp/hard\libnosys.a
END GROUP
LOAD c:/st/stm32cubeide_1.12.0/stm32cubeide/plugins/com.st.stm32cube.ide.mcu.externaltools.gnu-tools-for-stm32.10.3-2021.10.win32_1.0.200.202301161003/tools/bin/../lib/gcc/arm-none-eabi/10.3.1/thumb/v7e-m+fp/hard/crtend.o
LOAD c:/st/stm32cubeide_1.12.0/stm32cubeide/plugins/com.st.stm32cube.ide.mcu.externaltools.gnu-tools-for-stm32.10.3-2021.10.win32_1.0.200.202301161003/tools/bin/../lib/gcc/arm-none-eabi/10.3.1/thumb/v7e-m+fp/hard/crtn.o
                0x000000002000a000                _estack = (ORIGIN (RAM) + LENGTH (RAM))
                0x00000000000007ff                _Min_Heap_Size = 0x7ff
                0x00000000000007ff                _Min_Stack_Size = 0x7ff

.isr_vector     0x0000000008000000      0x18c
                0x0000000008000000                . = ALIGN (0x4)
 *(.isr_vector)
 .isr_vector    0x0000000008000000      0x18c ./Core/Startup/startup_stm32l412rbtxp.o
                0x0000000008000000                g_pfnVectors
                0x000000000800018c                . = ALIGN (0x4)

.text           0x0000000008000190     0xa1a8
                0x0000000008000190                . = ALIGN (0x4)
 *(.text)
 .text          0x0000000008000190       0x40 c:/st/stm32cubeide_1.12.0/stm32cubeide/plugins/com.st.stm32cube.ide.mcu.externaltools.gnu-tools-for-stm32.10.3-2021.10.win32_1.0.200.202301161003/tools/bin/../lib/gcc/arm-none-eabi/10.3.1/thumb/v7e-m+fp/hard/crtbegin.o
 .text          0x00000000080001d0       0xa0 c:/st/stm32cubeide_1.12.0/stm32cubeide/plugins/com.st.stm32cube.ide.mcu.externaltools.gnu-tools-for-stm32.10.3-2021.10.win32_1.0.200.202301161003/tools/bin/../lib/gcc/arm-none-eabi/10.3.1/../../../../arm-none-eabi/lib/thumb/v7e-m+fp/hard\libc_nano.a(lib_a-memchr.o)
                0x00000000080001d0                memchr
 .text          0x0000000008000270       0x30 c:/st/stm32cubeide_1.12.0/stm32cubeide/plugins/com.st.stm32cube.ide.mcu.externaltools.gnu-tools-for-stm32.10.3-2021.10.win32_1.0.200.202301161003/tools/bin/../lib/gcc/arm-none-eabi/10.3.1/thumb/v7e-m+fp/hard\libgcc.a(_aeabi_uldivmod.o)
                0x0000000008000270                __aeabi_uldivmod
 .text          0x00000000080002a0      0x2d0 c:/st/stm32cubeide_1.12.0/stm32cubeide/plugins/com.st.stm32cube.ide.mcu.externaltools.gnu-tools-for-stm32.10.3-2021.10.win32_1.0.200.202301161003/tools/bin/../lib/gcc/arm-none-eabi/10.3.1/thumb/v7e-m+fp/hard\libgcc.a(_udivmoddi4.o)
                0x00000000080002a0                __udivmoddi4
 .text          0x0000000008000570        0x4 c:/st/stm32cubeide_1.12.0/stm32cubeide/plugins/com.st.stm32cube.ide.mcu.externaltools.gnu-tools-for-stm32.10.3-2021.10.win32_1.0.200.202301161003/tools/bin/../lib/gcc/arm-none-eabi/10.3.1/thumb/v7e-m+fp/hard\libgcc.a(_dvmd_tls.o)
                0x0000000008000570                __aeabi_idiv0
                0x0000000008000570                __aeabi_ldiv0
 *(.text*)
 .text.HAL_GPIO_EXTI_Callback
                0x0000000008000574       0x1a ./Core/Src/main.o
                0x0000000008000574                HAL_GPIO_EXTI_Callback
 *fill*         0x000000000800058e        0x2 
 .text.HAL_TIM_ErrorCallback
                0x0000000008000590       0x20 ./Core/Src/main.o
                0x0000000008000590                HAL_TIM_ErrorCallback
 .text.HAL_TIM_PWM_PulseFinishedHalfCpltCallback
                0x00000000080005b0       0x1c ./Core/Src/main.o
                0x00000000080005b0                HAL_TIM_PWM_PulseFinishedHalfCpltCallback
 .text.HAL_TIM_PWM_PulseFinishedCallback
                0x00000000080005cc       0x20 ./Core/Src/main.o
                0x00000000080005cc                HAL_TIM_PWM_PulseFinishedCallback
 .text.HAL_TIM_PeriodElapsedCallback
                0x00000000080005ec       0x16 ./Core/Src/main.o
                0x00000000080005ec                HAL_TIM_PeriodElapsedCallback
 .text.HAL_ADC_ErrorCallback
                0x0000000008000602       0x14 ./Core/Src/main.o
                0x0000000008000602                HAL_ADC_ErrorCallback
 .text.HAL_ADC_LevelOutOfWindowCallback
                0x0000000008000616       0x14 ./Core/Src/main.o
                0x0000000008000616                HAL_ADC_LevelOutOfWindowCallback
 .text.main     0x000000000800062a       0x50 ./Core/Src/main.o
                0x000000000800062a                main
 .text.SystemClock_Config
                0x000000000800067a       0xa0 ./Core/Src/main.o
                0x000000000800067a                SystemClock_Config
 .text.Error_Handler
                0x000000000800071a        0xa ./Core/Src/main.o
                0x000000000800071a                Error_Handler
 .text.HAL_MspInit
                0x0000000008000724       0x48 ./Core/Src/stm32l4xx_hal_msp.o
                0x0000000008000724                HAL_MspInit
 .text.HAL_ADC_MspInit
                0x000000000800076c      0x1dc ./Core/Src/stm32l4xx_hal_msp.o
                0x000000000800076c                HAL_ADC_MspInit
 .text.HAL_ADC_MspDeInit
                0x0000000008000948       0x9c ./Core/Src/stm32l4xx_hal_msp.o
                0x0000000008000948                HAL_ADC_MspDeInit
 .text.HAL_TIM_PWM_MspInit
                0x00000000080009e4      0x14c ./Core/Src/stm32l4xx_hal_msp.o
                0x00000000080009e4                HAL_TIM_PWM_MspInit
 .text.HAL_TIM_Base_MspInit
                0x0000000008000b30       0x4c ./Core/Src/stm32l4xx_hal_msp.o
                0x0000000008000b30                HAL_TIM_Base_MspInit
 .text.HAL_TIM_PWM_MspDeInit
                0x0000000008000b7c       0x70 ./Core/Src/stm32l4xx_hal_msp.o
                0x0000000008000b7c                HAL_TIM_PWM_MspDeInit
 .text.NMI_Handler
                0x0000000008000bec        0x6 ./Core/Src/stm32l4xx_it.o
                0x0000000008000bec                NMI_Handler
 .text.HardFault_Handler
                0x0000000008000bf2        0x6 ./Core/Src/stm32l4xx_it.o
                0x0000000008000bf2                HardFault_Handler
 .text.MemManage_Handler
                0x0000000008000bf8        0x6 ./Core/Src/stm32l4xx_it.o
                0x0000000008000bf8                MemManage_Handler
 .text.BusFault_Handler
                0x0000000008000bfe        0x6 ./Core/Src/stm32l4xx_it.o
                0x0000000008000bfe                BusFault_Handler
 .text.UsageFault_Handler
                0x0000000008000c04        0x6 ./Core/Src/stm32l4xx_it.o
                0x0000000008000c04                UsageFault_Handler
 .text.SVC_Handler
                0x0000000008000c0a        0xe ./Core/Src/stm32l4xx_it.o
                0x0000000008000c0a                SVC_Handler
 .text.DebugMon_Handler
                0x0000000008000c18        0xe ./Core/Src/stm32l4xx_it.o
                0x0000000008000c18                DebugMon_Handler
 .text.PendSV_Handler
                0x0000000008000c26        0xe ./Core/Src/stm32l4xx_it.o
                0x0000000008000c26                PendSV_Handler
 .text.SysTick_Handler
                0x0000000008000c34        0xc ./Core/Src/stm32l4xx_it.o
                0x0000000008000c34                SysTick_Handler
 .text.EXTI0_IRQHandler
                0x0000000008000c40        0xe ./Core/Src/stm32l4xx_it.o
                0x0000000008000c40                EXTI0_IRQHandler
 *fill*         0x0000000008000c4e        0x2 
 .text.DMA1_Channel1_IRQHandler
                0x0000000008000c50       0x14 ./Core/Src/stm32l4xx_it.o
                0x0000000008000c50                DMA1_Channel1_IRQHandler
 .text.DMA1_Channel2_IRQHandler
                0x0000000008000c64       0x14 ./Core/Src/stm32l4xx_it.o
                0x0000000008000c64                DMA1_Channel2_IRQHandler
 .text.DMA1_Channel7_IRQHandler
                0x0000000008000c78       0x14 ./Core/Src/stm32l4xx_it.o
                0x0000000008000c78                DMA1_Channel7_IRQHandler
 .text.ADC1_2_IRQHandler
                0x0000000008000c8c       0x1c ./Core/Src/stm32l4xx_it.o
                0x0000000008000c8c                ADC1_2_IRQHandler
 .text.TIM1_UP_TIM16_IRQHandler
                0x0000000008000ca8       0x14 ./Core/Src/stm32l4xx_it.o
                0x0000000008000ca8                TIM1_UP_TIM16_IRQHandler
 .text.TIM2_IRQHandler
                0x0000000008000cbc       0x14 ./Core/Src/stm32l4xx_it.o
                0x0000000008000cbc                TIM2_IRQHandler
 .text.USART3_IRQHandler
                0x0000000008000cd0       0x14 ./Core/Src/stm32l4xx_it.o
                0x0000000008000cd0                USART3_IRQHandler
 .text.EXTI15_10_IRQHandler
                0x0000000008000ce4       0x18 ./Core/Src/stm32l4xx_it.o
                0x0000000008000ce4                EXTI15_10_IRQHandler
 .text.TIM6_IRQHandler
                0x0000000008000cfc       0x14 ./Core/Src/stm32l4xx_it.o
                0x0000000008000cfc                TIM6_IRQHandler
 .text._read    0x0000000008000d10       0x3a ./Core/Src/syscalls.o
                0x0000000008000d10                _read
 .text._close   0x0000000008000d4a       0x18 ./Core/Src/syscalls.o
                0x0000000008000d4a                _close
 .text._fstat   0x0000000008000d62       0x20 ./Core/Src/syscalls.o
                0x0000000008000d62                _fstat
 .text._isatty  0x0000000008000d82       0x16 ./Core/Src/syscalls.o
                0x0000000008000d82                _isatty
 .text._lseek   0x0000000008000d98       0x1a ./Core/Src/syscalls.o
                0x0000000008000d98                _lseek
 *fill*         0x0000000008000db2        0x2 
 .text._sbrk    0x0000000008000db4       0x6c ./Core/Src/sysmem.o
                0x0000000008000db4                _sbrk
 .text.SystemInit
                0x0000000008000e20       0x24 ./Core/Src/system_stm32l4xx.o
                0x0000000008000e20                SystemInit
 .text._write   0x0000000008000e44       0x38 ./Core/Src/td_retarget.o
                0x0000000008000e44                _write
 .text.__io_putchar
                0x0000000008000e7c       0x4c ./Core/Src/td_retarget.o
                0x0000000008000e7c                __io_putchar
 .text.Reset_Handler
                0x0000000008000ec8       0x50 ./Core/Startup/startup_stm32l412rbtxp.o
                0x0000000008000ec8                Reset_Handler
 .text.Default_Handler
                0x0000000008000f18        0x2 ./Core/Startup/startup_stm32l412rbtxp.o
                0x0000000008000f18                RTC_Alarm_IRQHandler
                0x0000000008000f18                EXTI2_IRQHandler
                0x0000000008000f18                TIM1_CC_IRQHandler
                0x0000000008000f18                TSC_IRQHandler
                0x0000000008000f18                TAMP_STAMP_IRQHandler
                0x0000000008000f18                EXTI3_IRQHandler
                0x0000000008000f18                LPTIM2_IRQHandler
                0x0000000008000f18                I2C3_ER_IRQHandler
                0x0000000008000f18                I2C2_EV_IRQHandler
                0x0000000008000f18                FPU_IRQHandler
                0x0000000008000f18                SPI1_IRQHandler
                0x0000000008000f18                DMA2_Channel2_IRQHandler
                0x0000000008000f18                DMA1_Channel4_IRQHandler
                0x0000000008000f18                DMA2_Channel1_IRQHandler
                0x0000000008000f18                QUADSPI_IRQHandler
                0x0000000008000f18                I2C1_EV_IRQHandler
                0x0000000008000f18                DMA1_Channel6_IRQHandler
                0x0000000008000f18                DMA2_Channel4_IRQHandler
                0x0000000008000f18                RCC_IRQHandler
                0x0000000008000f18                TIM1_TRG_COM_IRQHandler
                0x0000000008000f18                Default_Handler
                0x0000000008000f18                DMA2_Channel7_IRQHandler
                0x0000000008000f18                I2C3_EV_IRQHandler
                0x0000000008000f18                USB_IRQHandler
                0x0000000008000f18                EXTI9_5_IRQHandler
                0x0000000008000f18                RTC_WKUP_IRQHandler
                0x0000000008000f18                PVD_PVM_IRQHandler
                0x0000000008000f18                SPI2_IRQHandler
                0x0000000008000f18                DMA2_Channel5_IRQHandler
                0x0000000008000f18                CRS_IRQHandler
                0x0000000008000f18                DMA1_Channel5_IRQHandler
                0x0000000008000f18                EXTI4_IRQHandler
                0x0000000008000f18                RNG_IRQHandler
                0x0000000008000f18                DMA1_Channel3_IRQHandler
                0x0000000008000f18                COMP_IRQHandler
                0x0000000008000f18                WWDG_IRQHandler
                0x0000000008000f18                LPUART1_IRQHandler
                0x0000000008000f18                DMA2_Channel6_IRQHandler
                0x0000000008000f18                EXTI1_IRQHandler
                0x0000000008000f18                USART2_IRQHandler
                0x0000000008000f18                I2C2_ER_IRQHandler
                0x0000000008000f18                FLASH_IRQHandler
                0x0000000008000f18                USART1_IRQHandler
                0x0000000008000f18                I2C1_ER_IRQHandler
                0x0000000008000f18                LPTIM1_IRQHandler
                0x0000000008000f18                DMA2_Channel3_IRQHandler
                0x0000000008000f18                TIM1_BRK_TIM15_IRQHandler
 *fill*         0x0000000008000f1a        0x2 
 .text.HAL_Init
                0x0000000008000f1c       0x40 ./Drivers/STM32L4xx_HAL_Driver/Src/stm32l4xx_hal.o
                0x0000000008000f1c                HAL_Init
 .text.HAL_InitTick
                0x0000000008000f5c       0x78 ./Drivers/STM32L4xx_HAL_Driver/Src/stm32l4xx_hal.o
                0x0000000008000f5c                HAL_InitTick
 .text.HAL_IncTick
                0x0000000008000fd4       0x28 ./Drivers/STM32L4xx_HAL_Driver/Src/stm32l4xx_hal.o
                0x0000000008000fd4                HAL_IncTick
 .text.HAL_GetTick
                0x0000000008000ffc       0x18 ./Drivers/STM32L4xx_HAL_Driver/Src/stm32l4xx_hal.o
                0x0000000008000ffc                HAL_GetTick
 .text.LL_ADC_SetCommonClock
                0x0000000008001014       0x26 ./Drivers/STM32L4xx_HAL_Driver/Src/stm32l4xx_hal_adc.o
 .text.LL_ADC_SetCommonPathInternalCh
                0x000000000800103a       0x26 ./Drivers/STM32L4xx_HAL_Driver/Src/stm32l4xx_hal_adc.o
 .text.LL_ADC_GetCommonPathInternalCh
                0x0000000008001060       0x1c ./Drivers/STM32L4xx_HAL_Driver/Src/stm32l4xx_hal_adc.o
 .text.LL_ADC_SetOffset
                0x000000000800107c       0x48 ./Drivers/STM32L4xx_HAL_Driver/Src/stm32l4xx_hal_adc.o
 .text.LL_ADC_GetOffsetChannel
                0x00000000080010c4       0x2c ./Drivers/STM32L4xx_HAL_Driver/Src/stm32l4xx_hal_adc.o
 .text.LL_ADC_SetOffsetState
                0x00000000080010f0       0x36 ./Drivers/STM32L4xx_HAL_Driver/Src/stm32l4xx_hal_adc.o
 .text.LL_ADC_SetSamplingTimeCommonConfig
                0x0000000008001126       0x26 ./Drivers/STM32L4xx_HAL_Driver/Src/stm32l4xx_hal_adc.o
 .text.LL_ADC_REG_IsTriggerSourceSWStart
                0x000000000800114c       0x26 ./Drivers/STM32L4xx_HAL_Driver/Src/stm32l4xx_hal_adc.o
 .text.LL_ADC_REG_SetSequencerRanks
                0x0000000008001172       0x58 ./Drivers/STM32L4xx_HAL_Driver/Src/stm32l4xx_hal_adc.o
 .text.LL_ADC_INJ_IsTriggerSourceSWStart
                0x00000000080011ca       0x26 ./Drivers/STM32L4xx_HAL_Driver/Src/stm32l4xx_hal_adc.o
 .text.LL_ADC_SetChannelSamplingTime
                0x00000000080011f0       0x56 ./Drivers/STM32L4xx_HAL_Driver/Src/stm32l4xx_hal_adc.o
 *fill*         0x0000000008001246        0x2 
 .text.LL_ADC_SetChannelSingleDiff
                0x0000000008001248       0x48 ./Drivers/STM32L4xx_HAL_Driver/Src/stm32l4xx_hal_adc.o
 .text.LL_ADC_SetAnalogWDMonitChannels
                0x0000000008001290       0x5a ./Drivers/STM32L4xx_HAL_Driver/Src/stm32l4xx_hal_adc.o
 .text.LL_ADC_ConfigAnalogWDThresholds
                0x00000000080012ea       0x44 ./Drivers/STM32L4xx_HAL_Driver/Src/stm32l4xx_hal_adc.o
 .text.LL_ADC_GetMultimode
                0x000000000800132e       0x1c ./Drivers/STM32L4xx_HAL_Driver/Src/stm32l4xx_hal_adc.o
 .text.LL_ADC_GetMultiDMATransfer
                0x000000000800134a       0x1c ./Drivers/STM32L4xx_HAL_Driver/Src/stm32l4xx_hal_adc.o
 .text.LL_ADC_DisableDeepPowerDown
                0x0000000008001366       0x24 ./Drivers/STM32L4xx_HAL_Driver/Src/stm32l4xx_hal_adc.o
 .text.LL_ADC_IsDeepPowerDownEnabled
                0x000000000800138a       0x28 ./Drivers/STM32L4xx_HAL_Driver/Src/stm32l4xx_hal_adc.o
 .text.LL_ADC_EnableInternalRegulator
                0x00000000080013b2       0x28 ./Drivers/STM32L4xx_HAL_Driver/Src/stm32l4xx_hal_adc.o
 .text.LL_ADC_IsInternalRegulatorEnabled
                0x00000000080013da       0x28 ./Drivers/STM32L4xx_HAL_Driver/Src/stm32l4xx_hal_adc.o
 .text.LL_ADC_Enable
                0x0000000008001402       0x28 ./Drivers/STM32L4xx_HAL_Driver/Src/stm32l4xx_hal_adc.o
 .text.LL_ADC_Disable
                0x000000000800142a       0x28 ./Drivers/STM32L4xx_HAL_Driver/Src/stm32l4xx_hal_adc.o
 .text.LL_ADC_IsEnabled
                0x0000000008001452       0x26 ./Drivers/STM32L4xx_HAL_Driver/Src/stm32l4xx_hal_adc.o
 .text.LL_ADC_IsDisableOngoing
                0x0000000008001478       0x26 ./Drivers/STM32L4xx_HAL_Driver/Src/stm32l4xx_hal_adc.o
 .text.LL_ADC_REG_StartConversion
                0x000000000800149e       0x28 ./Drivers/STM32L4xx_HAL_Driver/Src/stm32l4xx_hal_adc.o
 .text.LL_ADC_REG_StopConversion
                0x00000000080014c6       0x28 ./Drivers/STM32L4xx_HAL_Driver/Src/stm32l4xx_hal_adc.o
 .text.LL_ADC_REG_IsConversionOngoing
                0x00000000080014ee       0x26 ./Drivers/STM32L4xx_HAL_Driver/Src/stm32l4xx_hal_adc.o
 .text.LL_ADC_INJ_StopConversion
                0x0000000008001514       0x28 ./Drivers/STM32L4xx_HAL_Driver/Src/stm32l4xx_hal_adc.o
 .text.LL_ADC_INJ_IsConversionOngoing
                0x000000000800153c       0x26 ./Drivers/STM32L4xx_HAL_Driver/Src/stm32l4xx_hal_adc.o
 .text.LL_ADC_ClearFlag_AWD1
                0x0000000008001562       0x1a ./Drivers/STM32L4xx_HAL_Driver/Src/stm32l4xx_hal_adc.o
 .text.LL_ADC_ClearFlag_AWD2
                0x000000000800157c       0x1c ./Drivers/STM32L4xx_HAL_Driver/Src/stm32l4xx_hal_adc.o
 .text.LL_ADC_ClearFlag_AWD3
                0x0000000008001598       0x1c ./Drivers/STM32L4xx_HAL_Driver/Src/stm32l4xx_hal_adc.o
 .text.LL_ADC_EnableIT_AWD1
                0x00000000080015b4       0x20 ./Drivers/STM32L4xx_HAL_Driver/Src/stm32l4xx_hal_adc.o
 .text.LL_ADC_EnableIT_AWD2
                0x00000000080015d4       0x20 ./Drivers/STM32L4xx_HAL_Driver/Src/stm32l4xx_hal_adc.o
 .text.LL_ADC_EnableIT_AWD3
                0x00000000080015f4       0x20 ./Drivers/STM32L4xx_HAL_Driver/Src/stm32l4xx_hal_adc.o
 .text.LL_ADC_DisableIT_AWD1
                0x0000000008001614       0x20 ./Drivers/STM32L4xx_HAL_Driver/Src/stm32l4xx_hal_adc.o
 .text.LL_ADC_DisableIT_AWD2
                0x0000000008001634       0x20 ./Drivers/STM32L4xx_HAL_Driver/Src/stm32l4xx_hal_adc.o
 .text.LL_ADC_DisableIT_AWD3
                0x0000000008001654       0x20 ./Drivers/STM32L4xx_HAL_Driver/Src/stm32l4xx_hal_adc.o
 .text.HAL_ADC_Init
                0x0000000008001674      0x2a0 ./Drivers/STM32L4xx_HAL_Driver/Src/stm32l4xx_hal_adc.o
                0x0000000008001674                HAL_ADC_Init
 .text.HAL_ADC_DeInit
                0x0000000008001914      0x260 ./Drivers/STM32L4xx_HAL_Driver/Src/stm32l4xx_hal_adc.o
                0x0000000008001914                HAL_ADC_DeInit
 .text.HAL_ADC_Start_DMA
                0x0000000008001b74      0x168 ./Drivers/STM32L4xx_HAL_Driver/Src/stm32l4xx_hal_adc.o
                0x0000000008001b74                HAL_ADC_Start_DMA
 .text.HAL_ADC_Stop_DMA
                0x0000000008001cdc       0xc2 ./Drivers/STM32L4xx_HAL_Driver/Src/stm32l4xx_hal_adc.o
                0x0000000008001cdc                HAL_ADC_Stop_DMA
 *fill*         0x0000000008001d9e        0x2 
 .text.HAL_ADC_IRQHandler
                0x0000000008001da0      0x434 ./Drivers/STM32L4xx_HAL_Driver/Src/stm32l4xx_hal_adc.o
                0x0000000008001da0                HAL_ADC_IRQHandler
 .text.HAL_ADC_ConvCpltCallback
                0x00000000080021d4       0x14 ./Drivers/STM32L4xx_HAL_Driver/Src/stm32l4xx_hal_adc.o
                0x00000000080021d4                HAL_ADC_ConvCpltCallback
 .text.HAL_ADC_ConvHalfCpltCallback
                0x00000000080021e8       0x14 ./Drivers/STM32L4xx_HAL_Driver/Src/stm32l4xx_hal_adc.o
                0x00000000080021e8                HAL_ADC_ConvHalfCpltCallback
 .text.HAL_ADC_ConfigChannel
                0x00000000080021fc      0x7f8 ./Drivers/STM32L4xx_HAL_Driver/Src/stm32l4xx_hal_adc.o
                0x00000000080021fc                HAL_ADC_ConfigChannel
 .text.HAL_ADC_AnalogWDGConfig
                0x00000000080029f4      0x418 ./Drivers/STM32L4xx_HAL_Driver/Src/stm32l4xx_hal_adc.o
                0x00000000080029f4                HAL_ADC_AnalogWDGConfig
 .text.ADC_ConversionStop
                0x0000000008002e0c      0x178 ./Drivers/STM32L4xx_HAL_Driver/Src/stm32l4xx_hal_adc.o
                0x0000000008002e0c                ADC_ConversionStop
 .text.ADC_Enable
                0x0000000008002f84      0x10c ./Drivers/STM32L4xx_HAL_Driver/Src/stm32l4xx_hal_adc.o
                0x0000000008002f84                ADC_Enable
 .text.ADC_Disable
                0x0000000008003090       0xbe ./Drivers/STM32L4xx_HAL_Driver/Src/stm32l4xx_hal_adc.o
                0x0000000008003090                ADC_Disable
 .text.ADC_DMAConvCplt
                0x000000000800314e       0xd8 ./Drivers/STM32L4xx_HAL_Driver/Src/stm32l4xx_hal_adc.o
                0x000000000800314e                ADC_DMAConvCplt
 .text.ADC_DMAHalfConvCplt
                0x0000000008003226       0x1c ./Drivers/STM32L4xx_HAL_Driver/Src/stm32l4xx_hal_adc.o
                0x0000000008003226                ADC_DMAHalfConvCplt
 .text.ADC_DMAError
                0x0000000008003242       0x34 ./Drivers/STM32L4xx_HAL_Driver/Src/stm32l4xx_hal_adc.o
                0x0000000008003242                ADC_DMAError
 .text.LL_ADC_IsEnabled
                0x0000000008003276       0x26 ./Drivers/STM32L4xx_HAL_Driver/Src/stm32l4xx_hal_adc_ex.o
 .text.LL_ADC_REG_IsConversionOngoing
                0x000000000800329c       0x26 ./Drivers/STM32L4xx_HAL_Driver/Src/stm32l4xx_hal_adc_ex.o
 .text.HAL_ADCEx_InjectedConvCpltCallback
                0x00000000080032c2       0x14 ./Drivers/STM32L4xx_HAL_Driver/Src/stm32l4xx_hal_adc_ex.o
                0x00000000080032c2                HAL_ADCEx_InjectedConvCpltCallback
 .text.HAL_ADCEx_InjectedQueueOverflowCallback
                0x00000000080032d6       0x14 ./Drivers/STM32L4xx_HAL_Driver/Src/stm32l4xx_hal_adc_ex.o
                0x00000000080032d6                HAL_ADCEx_InjectedQueueOverflowCallback
 .text.HAL_ADCEx_LevelOutOfWindow2Callback
                0x00000000080032ea       0x14 ./Drivers/STM32L4xx_HAL_Driver/Src/stm32l4xx_hal_adc_ex.o
                0x00000000080032ea                HAL_ADCEx_LevelOutOfWindow2Callback
 .text.HAL_ADCEx_LevelOutOfWindow3Callback
                0x00000000080032fe       0x14 ./Drivers/STM32L4xx_HAL_Driver/Src/stm32l4xx_hal_adc_ex.o
                0x00000000080032fe                HAL_ADCEx_LevelOutOfWindow3Callback
 .text.HAL_ADCEx_EndOfSamplingCallback
                0x0000000008003312       0x14 ./Drivers/STM32L4xx_HAL_Driver/Src/stm32l4xx_hal_adc_ex.o
                0x0000000008003312                HAL_ADCEx_EndOfSamplingCallback
 *fill*         0x0000000008003326        0x2 
 .text.HAL_ADCEx_MultiModeConfigChannel
                0x0000000008003328      0x148 ./Drivers/STM32L4xx_HAL_Driver/Src/stm32l4xx_hal_adc_ex.o
                0x0000000008003328                HAL_ADCEx_MultiModeConfigChannel
 .text.__NVIC_SetPriorityGrouping
                0x0000000008003470       0x48 ./Drivers/STM32L4xx_HAL_Driver/Src/stm32l4xx_hal_cortex.o
 .text.__NVIC_GetPriorityGrouping
                0x00000000080034b8       0x1c ./Drivers/STM32L4xx_HAL_Driver/Src/stm32l4xx_hal_cortex.o
 .text.__NVIC_EnableIRQ
                0x00000000080034d4       0x3c ./Drivers/STM32L4xx_HAL_Driver/Src/stm32l4xx_hal_cortex.o
 .text.__NVIC_DisableIRQ
                0x0000000008003510       0x48 ./Drivers/STM32L4xx_HAL_Driver/Src/stm32l4xx_hal_cortex.o
 .text.__NVIC_SetPriority
                0x0000000008003558       0x54 ./Drivers/STM32L4xx_HAL_Driver/Src/stm32l4xx_hal_cortex.o
 .text.NVIC_EncodePriority
                0x00000000080035ac       0x66 ./Drivers/STM32L4xx_HAL_Driver/Src/stm32l4xx_hal_cortex.o
 *fill*         0x0000000008003612        0x2 
 .text.SysTick_Config
                0x0000000008003614       0x44 ./Drivers/STM32L4xx_HAL_Driver/Src/stm32l4xx_hal_cortex.o
 .text.HAL_NVIC_SetPriorityGrouping
                0x0000000008003658       0x16 ./Drivers/STM32L4xx_HAL_Driver/Src/stm32l4xx_hal_cortex.o
                0x0000000008003658                HAL_NVIC_SetPriorityGrouping
 .text.HAL_NVIC_SetPriority
                0x000000000800366e       0x38 ./Drivers/STM32L4xx_HAL_Driver/Src/stm32l4xx_hal_cortex.o
                0x000000000800366e                HAL_NVIC_SetPriority
 .text.HAL_NVIC_EnableIRQ
                0x00000000080036a6       0x1c ./Drivers/STM32L4xx_HAL_Driver/Src/stm32l4xx_hal_cortex.o
                0x00000000080036a6                HAL_NVIC_EnableIRQ
 .text.HAL_NVIC_DisableIRQ
                0x00000000080036c2       0x1c ./Drivers/STM32L4xx_HAL_Driver/Src/stm32l4xx_hal_cortex.o
                0x00000000080036c2                HAL_NVIC_DisableIRQ
 .text.HAL_SYSTICK_Config
                0x00000000080036de       0x18 ./Drivers/STM32L4xx_HAL_Driver/Src/stm32l4xx_hal_cortex.o
                0x00000000080036de                HAL_SYSTICK_Config
 *fill*         0x00000000080036f6        0x2 
 .text.HAL_DMA_Init
                0x00000000080036f8      0x170 ./Drivers/STM32L4xx_HAL_Driver/Src/stm32l4xx_hal_dma.o
                0x00000000080036f8                HAL_DMA_Init
 .text.HAL_DMA_DeInit
                0x0000000008003868      0x124 ./Drivers/STM32L4xx_HAL_Driver/Src/stm32l4xx_hal_dma.o
                0x0000000008003868                HAL_DMA_DeInit
 .text.HAL_DMA_Start_IT
                0x000000000800398c       0xc0 ./Drivers/STM32L4xx_HAL_Driver/Src/stm32l4xx_hal_dma.o
                0x000000000800398c                HAL_DMA_Start_IT
 .text.HAL_DMA_Abort
                0x0000000008003a4c       0x7c ./Drivers/STM32L4xx_HAL_Driver/Src/stm32l4xx_hal_dma.o
                0x0000000008003a4c                HAL_DMA_Abort
 .text.HAL_DMA_Abort_IT
                0x0000000008003ac8       0x82 ./Drivers/STM32L4xx_HAL_Driver/Src/stm32l4xx_hal_dma.o
                0x0000000008003ac8                HAL_DMA_Abort_IT
 .text.HAL_DMA_IRQHandler
                0x0000000008003b4a      0x15e ./Drivers/STM32L4xx_HAL_Driver/Src/stm32l4xx_hal_dma.o
                0x0000000008003b4a                HAL_DMA_IRQHandler
 .text.DMA_SetConfig
                0x0000000008003ca8       0x60 ./Drivers/STM32L4xx_HAL_Driver/Src/stm32l4xx_hal_dma.o
 .text.HAL_GPIO_Init
                0x0000000008003d08      0x2e4 ./Drivers/STM32L4xx_HAL_Driver/Src/stm32l4xx_hal_gpio.o
                0x0000000008003d08                HAL_GPIO_Init
 .text.HAL_GPIO_DeInit
                0x0000000008003fec      0x1a4 ./Drivers/STM32L4xx_HAL_Driver/Src/stm32l4xx_hal_gpio.o
                0x0000000008003fec                HAL_GPIO_DeInit
 .text.HAL_GPIO_ReadPin
                0x0000000008004190       0x30 ./Drivers/STM32L4xx_HAL_Driver/Src/stm32l4xx_hal_gpio.o
                0x0000000008004190                HAL_GPIO_ReadPin
 .text.HAL_GPIO_WritePin
                0x00000000080041c0       0x30 ./Drivers/STM32L4xx_HAL_Driver/Src/stm32l4xx_hal_gpio.o
                0x00000000080041c0                HAL_GPIO_WritePin
 .text.HAL_GPIO_EXTI_IRQHandler
                0x00000000080041f0       0x30 ./Drivers/STM32L4xx_HAL_Driver/Src/stm32l4xx_hal_gpio.o
                0x00000000080041f0                HAL_GPIO_EXTI_IRQHandler
 .text.HAL_PWREx_GetVoltageRange
                0x0000000008004220       0x1c ./Drivers/STM32L4xx_HAL_Driver/Src/stm32l4xx_hal_pwr_ex.o
                0x0000000008004220                HAL_PWREx_GetVoltageRange
 .text.HAL_PWREx_ControlVoltageScaling
                0x000000000800423c       0xac ./Drivers/STM32L4xx_HAL_Driver/Src/stm32l4xx_hal_pwr_ex.o
                0x000000000800423c                HAL_PWREx_ControlVoltageScaling
 .text.HAL_RCC_OscConfig
                0x00000000080042e8      0x8c4 ./Drivers/STM32L4xx_HAL_Driver/Src/stm32l4xx_hal_rcc.o
                0x00000000080042e8                HAL_RCC_OscConfig
 .text.HAL_RCC_ClockConfig
                0x0000000008004bac      0x200 ./Drivers/STM32L4xx_HAL_Driver/Src/stm32l4xx_hal_rcc.o
                0x0000000008004bac                HAL_RCC_ClockConfig
 .text.HAL_RCC_GetSysClockFreq
                0x0000000008004dac      0x118 ./Drivers/STM32L4xx_HAL_Driver/Src/stm32l4xx_hal_rcc.o
                0x0000000008004dac                HAL_RCC_GetSysClockFreq
 .text.HAL_RCC_GetHCLKFreq
                0x0000000008004ec4       0x18 ./Drivers/STM32L4xx_HAL_Driver/Src/stm32l4xx_hal_rcc.o
                0x0000000008004ec4                HAL_RCC_GetHCLKFreq
 .text.RCC_SetFlashLatencyFromMSIRange
                0x0000000008004edc       0xc0 ./Drivers/STM32L4xx_HAL_Driver/Src/stm32l4xx_hal_rcc.o
 .text.HAL_TIM_Base_Init
                0x0000000008004f9c       0xae ./Drivers/STM32L4xx_HAL_Driver/Src/stm32l4xx_hal_tim.o
                0x0000000008004f9c                HAL_TIM_Base_Init
 .text.HAL_TIM_Base_Stop
                0x000000000800504a       0x4e ./Drivers/STM32L4xx_HAL_Driver/Src/stm32l4xx_hal_tim.o
                0x000000000800504a                HAL_TIM_Base_Stop
 .text.HAL_TIM_Base_Start_IT
                0x0000000008005098       0xa8 ./Drivers/STM32L4xx_HAL_Driver/Src/stm32l4xx_hal_tim.o
                0x0000000008005098                HAL_TIM_Base_Start_IT
 .text.HAL_TIM_Base_Stop_IT
                0x0000000008005140       0x5e ./Drivers/STM32L4xx_HAL_Driver/Src/stm32l4xx_hal_tim.o
                0x0000000008005140                HAL_TIM_Base_Stop_IT
 .text.HAL_TIM_OC_Init
                0x000000000800519e       0xae ./Drivers/STM32L4xx_HAL_Driver/Src/stm32l4xx_hal_tim.o
                0x000000000800519e                HAL_TIM_OC_Init
 .text.HAL_TIM_OC_MspInit
                0x000000000800524c       0x14 ./Drivers/STM32L4xx_HAL_Driver/Src/stm32l4xx_hal_tim.o
                0x000000000800524c                HAL_TIM_OC_MspInit
 .text.HAL_TIM_OC_Start_DMA
                0x0000000008005260      0x3f0 ./Drivers/STM32L4xx_HAL_Driver/Src/stm32l4xx_hal_tim.o
                0x0000000008005260                HAL_TIM_OC_Start_DMA
 .text.HAL_TIM_OC_Stop_DMA
                0x0000000008005650      0x1d0 ./Drivers/STM32L4xx_HAL_Driver/Src/stm32l4xx_hal_tim.o
                0x0000000008005650                HAL_TIM_OC_Stop_DMA
 .text.HAL_TIM_PWM_Init
                0x0000000008005820       0xae ./Drivers/STM32L4xx_HAL_Driver/Src/stm32l4xx_hal_tim.o
                0x0000000008005820                HAL_TIM_PWM_Init
 .text.HAL_TIM_PWM_DeInit
                0x00000000080058ce       0xb8 ./Drivers/STM32L4xx_HAL_Driver/Src/stm32l4xx_hal_tim.o
                0x00000000080058ce                HAL_TIM_PWM_DeInit
 *fill*         0x0000000008005986        0x2 
 .text.HAL_TIM_PWM_Start
                0x0000000008005988      0x1bc ./Drivers/STM32L4xx_HAL_Driver/Src/stm32l4xx_hal_tim.o
                0x0000000008005988                HAL_TIM_PWM_Start
 .text.HAL_TIM_PWM_Stop
                0x0000000008005b44      0x110 ./Drivers/STM32L4xx_HAL_Driver/Src/stm32l4xx_hal_tim.o
                0x0000000008005b44                HAL_TIM_PWM_Stop
 .text.HAL_TIM_IRQHandler
                0x0000000008005c54      0x23e ./Drivers/STM32L4xx_HAL_Driver/Src/stm32l4xx_hal_tim.o
                0x0000000008005c54                HAL_TIM_IRQHandler
 *fill*         0x0000000008005e92        0x2 
 .text.HAL_TIM_OC_ConfigChannel
                0x0000000008005e94       0xf4 ./Drivers/STM32L4xx_HAL_Driver/Src/stm32l4xx_hal_tim.o
                0x0000000008005e94                HAL_TIM_OC_ConfigChannel
 .text.HAL_TIM_PWM_ConfigChannel
                0x0000000008005f88      0x228 ./Drivers/STM32L4xx_HAL_Driver/Src/stm32l4xx_hal_tim.o
                0x0000000008005f88                HAL_TIM_PWM_ConfigChannel
 .text.HAL_TIM_GenerateEvent
                0x00000000080061b0       0x4e ./Drivers/STM32L4xx_HAL_Driver/Src/stm32l4xx_hal_tim.o
                0x00000000080061b0                HAL_TIM_GenerateEvent
 .text.HAL_TIM_OC_DelayElapsedCallback
                0x00000000080061fe       0x14 ./Drivers/STM32L4xx_HAL_Driver/Src/stm32l4xx_hal_tim.o
                0x00000000080061fe                HAL_TIM_OC_DelayElapsedCallback
 .text.HAL_TIM_IC_CaptureCallback
                0x0000000008006212       0x14 ./Drivers/STM32L4xx_HAL_Driver/Src/stm32l4xx_hal_tim.o
                0x0000000008006212                HAL_TIM_IC_CaptureCallback
 .text.HAL_TIM_TriggerCallback
                0x0000000008006226       0x14 ./Drivers/STM32L4xx_HAL_Driver/Src/stm32l4xx_hal_tim.o
                0x0000000008006226                HAL_TIM_TriggerCallback
 .text.TIM_DMAError
                0x000000000800623a       0x92 ./Drivers/STM32L4xx_HAL_Driver/Src/stm32l4xx_hal_tim.o
                0x000000000800623a                TIM_DMAError
 .text.TIM_DMADelayPulseCplt
                0x00000000080062cc       0xa8 ./Drivers/STM32L4xx_HAL_Driver/Src/stm32l4xx_hal_tim.o
 .text.TIM_DMADelayPulseHalfCplt
                0x0000000008006374       0x68 ./Drivers/STM32L4xx_HAL_Driver/Src/stm32l4xx_hal_tim.o
                0x0000000008006374                TIM_DMADelayPulseHalfCplt
 .text.TIM_Base_SetConfig
                0x00000000080063dc       0xc8 ./Drivers/STM32L4xx_HAL_Driver/Src/stm32l4xx_hal_tim.o
                0x00000000080063dc                TIM_Base_SetConfig
 .text.TIM_OC1_SetConfig
                0x00000000080064a4       0xf8 ./Drivers/STM32L4xx_HAL_Driver/Src/stm32l4xx_hal_tim.o
 .text.TIM_OC2_SetConfig
                0x000000000800659c       0xf4 ./Drivers/STM32L4xx_HAL_Driver/Src/stm32l4xx_hal_tim.o
                0x000000000800659c                TIM_OC2_SetConfig
 .text.TIM_OC3_SetConfig
                0x0000000008006690       0xf0 ./Drivers/STM32L4xx_HAL_Driver/Src/stm32l4xx_hal_tim.o
 .text.TIM_OC4_SetConfig
                0x0000000008006780       0xbc ./Drivers/STM32L4xx_HAL_Driver/Src/stm32l4xx_hal_tim.o
 .text.TIM_OC5_SetConfig
                0x000000000800683c       0xb0 ./Drivers/STM32L4xx_HAL_Driver/Src/stm32l4xx_hal_tim.o
 .text.TIM_OC6_SetConfig
                0x00000000080068ec       0xb4 ./Drivers/STM32L4xx_HAL_Driver/Src/stm32l4xx_hal_tim.o
 .text.TIM_CCxChannelCmd
                0x00000000080069a0       0x4a ./Drivers/STM32L4xx_HAL_Driver/Src/stm32l4xx_hal_tim.o
                0x00000000080069a0                TIM_CCxChannelCmd
 *fill*         0x00000000080069ea        0x2 
 .text.HAL_TIMEx_MasterConfigSynchronization
                0x00000000080069ec       0xcc ./Drivers/STM32L4xx_HAL_Driver/Src/stm32l4xx_hal_tim_ex.o
                0x00000000080069ec                HAL_TIMEx_MasterConfigSynchronization
 .text.HAL_TIMEx_ConfigBreakDeadTime
                0x0000000008006ab8       0xf0 ./Drivers/STM32L4xx_HAL_Driver/Src/stm32l4xx_hal_tim_ex.o
                0x0000000008006ab8                HAL_TIMEx_ConfigBreakDeadTime
 .text.HAL_TIMEx_CommutCallback
                0x0000000008006ba8       0x14 ./Drivers/STM32L4xx_HAL_Driver/Src/stm32l4xx_hal_tim_ex.o
                0x0000000008006ba8                HAL_TIMEx_CommutCallback
 .text.HAL_TIMEx_BreakCallback
                0x0000000008006bbc       0x14 ./Drivers/STM32L4xx_HAL_Driver/Src/stm32l4xx_hal_tim_ex.o
                0x0000000008006bbc                HAL_TIMEx_BreakCallback
 .text.HAL_TIMEx_Break2Callback
                0x0000000008006bd0       0x14 ./Drivers/STM32L4xx_HAL_Driver/Src/stm32l4xx_hal_tim_ex.o
                0x0000000008006bd0                HAL_TIMEx_Break2Callback
 .text.HAL_UART_IRQHandler
                0x0000000008006be4      0x5c4 ./Drivers/STM32L4xx_HAL_Driver/Src/stm32l4xx_hal_uart.o
                0x0000000008006be4                HAL_UART_IRQHandler
 .text.HAL_UART_TxCpltCallback
                0x00000000080071a8       0x14 ./Drivers/STM32L4xx_HAL_Driver/Src/stm32l4xx_hal_uart.o
                0x00000000080071a8                HAL_UART_TxCpltCallback
 .text.HAL_UART_ErrorCallback
                0x00000000080071bc       0x14 ./Drivers/STM32L4xx_HAL_Driver/Src/stm32l4xx_hal_uart.o
                0x00000000080071bc                HAL_UART_ErrorCallback
 .text.HAL_UARTEx_RxEventCallback
                0x00000000080071d0       0x18 ./Drivers/STM32L4xx_HAL_Driver/Src/stm32l4xx_hal_uart.o
                0x00000000080071d0                HAL_UARTEx_RxEventCallback
 .text.UART_EndRxTransfer
                0x00000000080071e8       0xc6 ./Drivers/STM32L4xx_HAL_Driver/Src/stm32l4xx_hal_uart.o
 .text.UART_DMAAbortOnError
                0x00000000080072ae       0x2c ./Drivers/STM32L4xx_HAL_Driver/Src/stm32l4xx_hal_uart.o
 .text.UART_EndTransmit_IT
                0x00000000080072da       0x54 ./Drivers/STM32L4xx_HAL_Driver/Src/stm32l4xx_hal_uart.o
 .text.HAL_UARTEx_WakeupCallback
                0x000000000800732e       0x14 ./Drivers/STM32L4xx_HAL_Driver/Src/stm32l4xx_hal_uart_ex.o
                0x000000000800732e                HAL_UARTEx_WakeupCallback
 *fill*         0x0000000008007342        0x2 
 .text.stimLib_stimInit
                0x0000000008007344       0x3c C:\Users\eidos\GitHub\Allears_EV_KIT\allears_EVK_TEST\Core\StimLib\liballear_evk_lib_debug.a(stim_lib.o)
                0x0000000008007344                stimLib_stimInit
 .text.stimLib_stimSignalConfig
                0x0000000008007380       0x42 C:\Users\eidos\GitHub\Allears_EV_KIT\allears_EVK_TEST\Core\StimLib\liballear_evk_lib_debug.a(stim_lib.o)
                0x0000000008007380                stimLib_stimSignalConfig
 .text.stimLib_stimTriggerConfig
                0x00000000080073c2       0x42 C:\Users\eidos\GitHub\Allears_EV_KIT\allears_EVK_TEST\Core\StimLib\liballear_evk_lib_debug.a(stim_lib.o)
                0x00000000080073c2                stimLib_stimTriggerConfig
 .text.stimLib_stimSessionStart
                0x0000000008007404       0x58 C:\Users\eidos\GitHub\Allears_EV_KIT\allears_EVK_TEST\Core\StimLib\liballear_evk_lib_debug.a(stim_lib.o)
                0x0000000008007404                stimLib_stimSessionStart
 .text.stimLib_stimStart
                0x000000000800745c       0x22 C:\Users\eidos\GitHub\Allears_EV_KIT\allears_EVK_TEST\Core\StimLib\liballear_evk_lib_debug.a(stim_lib.o)
                0x000000000800745c                stimLib_stimStart
 .text.stimLib_chkSystem
                0x000000000800747e       0x10 C:\Users\eidos\GitHub\Allears_EV_KIT\allears_EVK_TEST\Core\StimLib\liballear_evk_lib_debug.a(stim_lib_common.o)
                0x000000000800747e                stimLib_chkSystem
 *fill*         0x000000000800748e        0x2 
 .text.stimLib_errorHandle
                0x0000000008007490       0x28 C:\Users\eidos\GitHub\Allears_EV_KIT\allears_EVK_TEST\Core\StimLib\liballear_evk_lib_debug.a(stim_lib_error.o)
                0x0000000008007490                stimLib_errorHandle
 .text.sitmLib_appErrorHandle_callback
                0x00000000080074b8        0xe C:\Users\eidos\GitHub\Allears_EV_KIT\allears_EVK_TEST\Core\StimLib\liballear_evk_lib_debug.a(stim_lib_error.o)
                0x00000000080074b8                sitmLib_appErrorHandle_callback
 *fill*         0x00000000080074c6        0x2 
 .text.stimLib_initResource
                0x00000000080074c8       0xf8 C:\Users\eidos\GitHub\Allears_EV_KIT\allears_EVK_TEST\Core\StimLib\liballear_evk_lib_debug.a(stim_lib_init.o)
 .text.stimLib_initResrc
                0x00000000080075c0       0xd4 C:\Users\eidos\GitHub\Allears_EV_KIT\allears_EVK_TEST\Core\StimLib\liballear_evk_lib_debug.a(stim_lib_init.o)
                0x00000000080075c0                stimLib_initResrc
 .text.__NVIC_SystemReset
                0x0000000008007694       0x2c C:\Users\eidos\GitHub\Allears_EV_KIT\allears_EVK_TEST\Core\StimLib\liballear_evk_lib_debug.a(stim_lib_st_inc.o)
 .text.stimLib_adcWatchdoc_callback
                0x00000000080076c0       0x20 C:\Users\eidos\GitHub\Allears_EV_KIT\allears_EVK_TEST\Core\StimLib\liballear_evk_lib_debug.a(stim_lib_st_inc.o)
                0x00000000080076c0                stimLib_adcWatchdoc_callback
 .text.stimLib_adcError_callback
                0x00000000080076e0       0x18 C:\Users\eidos\GitHub\Allears_EV_KIT\allears_EVK_TEST\Core\StimLib\liballear_evk_lib_debug.a(stim_lib_st_inc.o)
                0x00000000080076e0                stimLib_adcError_callback
 .text.stimLib_stepup_ctrlCallback
                0x00000000080076f8       0x24 C:\Users\eidos\GitHub\Allears_EV_KIT\allears_EVK_TEST\Core\StimLib\liballear_evk_lib_debug.a(stim_lib_st_inc.o)
                0x00000000080076f8                stimLib_stepup_ctrlCallback
 .text.stimLib_trgInput_callback
                0x000000000800771c       0x84 C:\Users\eidos\GitHub\Allears_EV_KIT\allears_EVK_TEST\Core\StimLib\liballear_evk_lib_debug.a(stim_lib_st_inc.o)
                0x000000000800771c                stimLib_trgInput_callback
 .text.stimLib_timError_callback
                0x00000000080077a0       0x14 C:\Users\eidos\GitHub\Allears_EV_KIT\allears_EVK_TEST\Core\StimLib\liballear_evk_lib_debug.a(stim_lib_st_inc.o)
                0x00000000080077a0                stimLib_timError_callback
 .text.stimLib_timPwmPluseFinished_callback
                0x00000000080077b4       0x1e C:\Users\eidos\GitHub\Allears_EV_KIT\allears_EVK_TEST\Core\StimLib\liballear_evk_lib_debug.a(stim_lib_st_inc.o)
                0x00000000080077b4                stimLib_timPwmPluseFinished_callback
 *fill*         0x00000000080077d2        0x2 
 .text.stim_lib_trg_input_active_low_hanlde
                0x00000000080077d4       0x24 C:\Users\eidos\GitHub\Allears_EV_KIT\allears_EVK_TEST\Core\StimLib\liballear_evk_lib_debug.a(stim_lib_st_inc.o)
 .text.stim_lib_trg_input_active_high_handle
                0x00000000080077f8       0x24 C:\Users\eidos\GitHub\Allears_EV_KIT\allears_EVK_TEST\Core\StimLib\liballear_evk_lib_debug.a(stim_lib_st_inc.o)
 .text.stimLib_stimStopDelayRaw
                0x000000000800781c       0x94 C:\Users\eidos\GitHub\Allears_EV_KIT\allears_EVK_TEST\Core\StimLib\liballear_evk_lib_debug.a(stim_lib_st_inc_st.o)
                0x000000000800781c                stimLib_stimStopDelayRaw
 .text.stimLib_gpioInit
                0x00000000080078b0       0xdc C:\Users\eidos\GitHub\Allears_EV_KIT\allears_EVK_TEST\Core\StimLib\liballear_evk_lib_debug.a(stim_lib_st_init.o)
                0x00000000080078b0                stimLib_gpioInit
 .text.stimLib_dmaInit
                0x000000000800798c       0x74 C:\Users\eidos\GitHub\Allears_EV_KIT\allears_EVK_TEST\Core\StimLib\liballear_evk_lib_debug.a(stim_lib_st_init.o)
                0x000000000800798c                stimLib_dmaInit
 .text.stimLib_tim1_Init
                0x0000000008007a00      0x128 C:\Users\eidos\GitHub\Allears_EV_KIT\allears_EVK_TEST\Core\StimLib\liballear_evk_lib_debug.a(stim_lib_st_init.o)
                0x0000000008007a00                stimLib_tim1_Init
 .text.stimLib_tim2_Init
                0x0000000008007b28      0x194 C:\Users\eidos\GitHub\Allears_EV_KIT\allears_EVK_TEST\Core\StimLib\liballear_evk_lib_debug.a(stim_lib_st_init.o)
                0x0000000008007b28                stimLib_tim2_Init
 .text.stimLib_tim6_Init
                0x0000000008007cbc       0xbc C:\Users\eidos\GitHub\Allears_EV_KIT\allears_EVK_TEST\Core\StimLib\liballear_evk_lib_debug.a(stim_lib_st_init.o)
                0x0000000008007cbc                stimLib_tim6_Init
 .text.stimLib_adc1_Init
                0x0000000008007d78      0x150 C:\Users\eidos\GitHub\Allears_EV_KIT\allears_EVK_TEST\Core\StimLib\liballear_evk_lib_debug.a(stim_lib_st_init.o)
                0x0000000008007d78                stimLib_adc1_Init
 .text.stimLib_adc2_Init
                0x0000000008007ec8      0x108 C:\Users\eidos\GitHub\Allears_EV_KIT\allears_EVK_TEST\Core\StimLib\liballear_evk_lib_debug.a(stim_lib_st_init.o)
                0x0000000008007ec8                stimLib_adc2_Init
 .text.stimLib_gpioDeinit
                0x0000000008007fd0       0x30 C:\Users\eidos\GitHub\Allears_EV_KIT\allears_EVK_TEST\Core\StimLib\liballear_evk_lib_debug.a(stim_lib_st_init.o)
                0x0000000008007fd0                stimLib_gpioDeinit
 .text.stimLib_dmaDeinit
                0x0000000008008000       0x30 C:\Users\eidos\GitHub\Allears_EV_KIT\allears_EVK_TEST\Core\StimLib\liballear_evk_lib_debug.a(stim_lib_st_init.o)
                0x0000000008008000                stimLib_dmaDeinit
 .text.stimLib_tim1_Deinit
                0x0000000008008030       0x14 C:\Users\eidos\GitHub\Allears_EV_KIT\allears_EVK_TEST\Core\StimLib\liballear_evk_lib_debug.a(stim_lib_st_init.o)
                0x0000000008008030                stimLib_tim1_Deinit
 .text.stimLib_tim2_Deinit
                0x0000000008008044       0x14 C:\Users\eidos\GitHub\Allears_EV_KIT\allears_EVK_TEST\Core\StimLib\liballear_evk_lib_debug.a(stim_lib_st_init.o)
                0x0000000008008044                stimLib_tim2_Deinit
 .text.stimLib_tim6_Deinit
                0x0000000008008058       0x14 C:\Users\eidos\GitHub\Allears_EV_KIT\allears_EVK_TEST\Core\StimLib\liballear_evk_lib_debug.a(stim_lib_st_init.o)
                0x0000000008008058                stimLib_tim6_Deinit
 .text.stimLib_adc1_Deinit
                0x000000000800806c       0x14 C:\Users\eidos\GitHub\Allears_EV_KIT\allears_EVK_TEST\Core\StimLib\liballear_evk_lib_debug.a(stim_lib_st_init.o)
                0x000000000800806c                stimLib_adc1_Deinit
 .text.stimLib_adc2_Deinit
                0x0000000008008080       0x14 C:\Users\eidos\GitHub\Allears_EV_KIT\allears_EVK_TEST\Core\StimLib\liballear_evk_lib_debug.a(stim_lib_st_init.o)
                0x0000000008008080                stimLib_adc2_Deinit
 .text.stimLib_adc_mspInit
                0x0000000008008094      0x1b8 C:\Users\eidos\GitHub\Allears_EV_KIT\allears_EVK_TEST\Core\StimLib\liballear_evk_lib_debug.a(stim_lib_st_msp.o)
                0x0000000008008094                stimLib_adc_mspInit
 .text.stimLib_tim_pwmmspInit
                0x000000000800824c      0x138 C:\Users\eidos\GitHub\Allears_EV_KIT\allears_EVK_TEST\Core\StimLib\liballear_evk_lib_debug.a(stim_lib_st_msp.o)
                0x000000000800824c                stimLib_tim_pwmmspInit
 .text.stimLib_tim_basemspInit
                0x0000000008008384       0x4c C:\Users\eidos\GitHub\Allears_EV_KIT\allears_EVK_TEST\Core\StimLib\liballear_evk_lib_debug.a(stim_lib_st_msp.o)
                0x0000000008008384                stimLib_tim_basemspInit
 .text.stimLib_tim_msppostInit
                0x00000000080083d0       0xc4 C:\Users\eidos\GitHub\Allears_EV_KIT\allears_EVK_TEST\Core\StimLib\liballear_evk_lib_debug.a(stim_lib_st_msp.o)
                0x00000000080083d0                stimLib_tim_msppostInit
 .text.stimLib_stateGet
                0x0000000008008494       0x18 C:\Users\eidos\GitHub\Allears_EV_KIT\allears_EVK_TEST\Core\StimLib\liballear_evk_lib_debug.a(stim_lib_state.o)
                0x0000000008008494                stimLib_stateGet
 .text.stimLib_stateSet
                0x00000000080084ac       0xe0 C:\Users\eidos\GitHub\Allears_EV_KIT\allears_EVK_TEST\Core\StimLib\liballear_evk_lib_debug.a(stim_lib_state.o)
                0x00000000080084ac                stimLib_stateSet
 .text.stimLib_stateSigParamSet
                0x000000000800858c       0x48 C:\Users\eidos\GitHub\Allears_EV_KIT\allears_EVK_TEST\Core\StimLib\liballear_evk_lib_debug.a(stim_lib_state.o)
                0x000000000800858c                stimLib_stateSigParamSet
 .text.stimLib_stateTrgParamSet
                0x00000000080085d4       0x58 C:\Users\eidos\GitHub\Allears_EV_KIT\allears_EVK_TEST\Core\StimLib\liballear_evk_lib_debug.a(stim_lib_state.o)
                0x00000000080085d4                stimLib_stateTrgParamSet
 .text.stimLib_stateSigParamCheck
                0x000000000800862c       0x30 C:\Users\eidos\GitHub\Allears_EV_KIT\allears_EVK_TEST\Core\StimLib\liballear_evk_lib_debug.a(stim_lib_state.o)
                0x000000000800862c                stimLib_stateSigParamCheck
 .text.stimLib_stateParamClear
                0x000000000800865c       0x50 C:\Users\eidos\GitHub\Allears_EV_KIT\allears_EVK_TEST\Core\StimLib\liballear_evk_lib_debug.a(stim_lib_state.o)
                0x000000000800865c                stimLib_stateParamClear
 .text.stimLib_signalParamCheck
                0x00000000080086ac       0x70 C:\Users\eidos\GitHub\Allears_EV_KIT\allears_EVK_TEST\Core\StimLib\liballear_evk_lib_debug.a(stim_lib_stim_cfg.o)
                0x00000000080086ac                stimLib_signalParamCheck
 .text.stimLib_triggerParamCheck
                0x000000000800871c       0x20 C:\Users\eidos\GitHub\Allears_EV_KIT\allears_EVK_TEST\Core\StimLib\liballear_evk_lib_debug.a(stim_lib_stim_cfg.o)
                0x000000000800871c                stimLib_triggerParamCheck
 .text.stimLib_paramSetting
                0x000000000800873c       0x22 C:\Users\eidos\GitHub\Allears_EV_KIT\allears_EVK_TEST\Core\StimLib\liballear_evk_lib_debug.a(stim_lib_stim_cfg.o)
                0x000000000800873c                stimLib_paramSetting
 .text.stimLib_paramClear
                0x000000000800875e       0x10 C:\Users\eidos\GitHub\Allears_EV_KIT\allears_EVK_TEST\Core\StimLib\liballear_evk_lib_debug.a(stim_lib_stim_cfg.o)
                0x000000000800875e                stimLib_paramClear
 *fill*         0x000000000800876e        0x2 
 .text.stimLib_stimPulseStart
                0x0000000008008770       0x34 C:\Users\eidos\GitHub\Allears_EV_KIT\allears_EVK_TEST\Core\StimLib\liballear_evk_lib_debug.a(stim_lib_stim_cfg.o)
                0x0000000008008770                stimLib_stimPulseStart
 .text.stimLib_stimPulseStop
                0x00000000080087a4       0x20 C:\Users\eidos\GitHub\Allears_EV_KIT\allears_EVK_TEST\Core\StimLib\liballear_evk_lib_debug.a(stim_lib_stim_cfg.o)
                0x00000000080087a4                stimLib_stimPulseStop
 .text.stimLib_stimPulseSetiing
                0x00000000080087c4        0xe C:\Users\eidos\GitHub\Allears_EV_KIT\allears_EVK_TEST\Core\StimLib\liballear_evk_lib_debug.a(stim_lib_stim_cfg.o)
                0x00000000080087c4                stimLib_stimPulseSetiing
 *fill*         0x00000000080087d2        0x2 
 .text.stimLib_paramPulseSettingRaw
                0x00000000080087d4      0x19c C:\Users\eidos\GitHub\Allears_EV_KIT\allears_EVK_TEST\Core\StimLib\liballear_evk_lib_debug.a(stim_lib_stim_cfg_st.o)
                0x00000000080087d4                stimLib_paramPulseSettingRaw
 .text.stimLib_paramTrgSettingRaw
                0x0000000008008970       0xf0 C:\Users\eidos\GitHub\Allears_EV_KIT\allears_EVK_TEST\Core\StimLib\liballear_evk_lib_debug.a(stim_lib_stim_cfg_st.o)
                0x0000000008008970                stimLib_paramTrgSettingRaw
 .text.stimLib_paramTrgResettingRaw
                0x0000000008008a60        0xe C:\Users\eidos\GitHub\Allears_EV_KIT\allears_EVK_TEST\Core\StimLib\liballear_evk_lib_debug.a(stim_lib_stim_cfg_st.o)
                0x0000000008008a60                stimLib_paramTrgResettingRaw
 *fill*         0x0000000008008a6e        0x2 
 .text.stimLib_pulseConfigRaw
                0x0000000008008a70       0x88 C:\Users\eidos\GitHub\Allears_EV_KIT\allears_EVK_TEST\Core\StimLib\liballear_evk_lib_debug.a(stim_lib_stim_cfg_st.o)
                0x0000000008008a70                stimLib_pulseConfigRaw
 .text.stimLib_stimStartRaw
                0x0000000008008af8       0x74 C:\Users\eidos\GitHub\Allears_EV_KIT\allears_EVK_TEST\Core\StimLib\liballear_evk_lib_debug.a(stim_lib_stim_cfg_st.o)
                0x0000000008008af8                stimLib_stimStartRaw
 .text.stimLib_stimStopRaw
                0x0000000008008b6c       0x58 C:\Users\eidos\GitHub\Allears_EV_KIT\allears_EVK_TEST\Core\StimLib\liballear_evk_lib_debug.a(stim_lib_stim_cfg_st.o)
                0x0000000008008b6c                stimLib_stimStopRaw
 .text.stimLib_stepup_ctrlScheduler
                0x0000000008008bc4       0x80 C:\Users\eidos\GitHub\Allears_EV_KIT\allears_EVK_TEST\Core\StimLib\liballear_evk_lib_debug.a(stim_lib_volt.o)
                0x0000000008008bc4                stimLib_stepup_ctrlScheduler
 .text.stimLib_stepup_voltFeedback
                0x0000000008008c44       0x4c C:\Users\eidos\GitHub\Allears_EV_KIT\allears_EVK_TEST\Core\StimLib\liballear_evk_lib_debug.a(stim_lib_volt.o)
                0x0000000008008c44                stimLib_stepup_voltFeedback
 .text.stimLib_voltCfg
                0x0000000008008c90      0x188 C:\Users\eidos\GitHub\Allears_EV_KIT\allears_EVK_TEST\Core\StimLib\liballear_evk_lib_debug.a(stim_lib_volt.o)
                0x0000000008008c90                stimLib_voltCfg
 .text.stimLib_adc1_readBuffer
                0x0000000008008e18       0xb2 C:\Users\eidos\GitHub\Allears_EV_KIT\allears_EVK_TEST\Core\StimLib\liballear_evk_lib_debug.a(stim_lib_volt.o)
                0x0000000008008e18                stimLib_adc1_readBuffer
 .text.stimLib_stepup_adcAVG
                0x0000000008008eca       0x4a C:\Users\eidos\GitHub\Allears_EV_KIT\allears_EVK_TEST\Core\StimLib\liballear_evk_lib_debug.a(stim_lib_volt.o)
                0x0000000008008eca                stimLib_stepup_adcAVG
 .text.stimLib_stepup_voltCalc
                0x0000000008008f14       0xcc C:\Users\eidos\GitHub\Allears_EV_KIT\allears_EVK_TEST\Core\StimLib\liballear_evk_lib_debug.a(stim_lib_volt.o)
                0x0000000008008f14                stimLib_stepup_voltCalc
 .text.stimLib_stepup_dataPrint
                0x0000000008008fe0      0x10c C:\Users\eidos\GitHub\Allears_EV_KIT\allears_EVK_TEST\Core\StimLib\liballear_evk_lib_debug.a(stim_lib_volt.o)
                0x0000000008008fe0                stimLib_stepup_dataPrint
 .text.stimLib_dacctrl_Set
                0x00000000080090ec        0xc C:\Users\eidos\GitHub\Allears_EV_KIT\allears_EVK_TEST\Core\StimLib\liballear_evk_lib_debug.a(stim_lib_volt.o)
                0x00000000080090ec                stimLib_dacctrl_Set
 .text.stimLib_dacctrl_Off
                0x00000000080090f8        0xc C:\Users\eidos\GitHub\Allears_EV_KIT\allears_EVK_TEST\Core\StimLib\liballear_evk_lib_debug.a(stim_lib_volt.o)
                0x00000000080090f8                stimLib_dacctrl_Off
 .text.stimLib_stepup_adcStart
                0x0000000008009104        0xc C:\Users\eidos\GitHub\Allears_EV_KIT\allears_EVK_TEST\Core\StimLib\liballear_evk_lib_debug.a(stim_lib_volt.o)
                0x0000000008009104                stimLib_stepup_adcStart
 .text.stimLib_stepup_adcStop
                0x0000000008009110        0xc C:\Users\eidos\GitHub\Allears_EV_KIT\allears_EVK_TEST\Core\StimLib\liballear_evk_lib_debug.a(stim_lib_volt.o)
                0x0000000008009110                stimLib_stepup_adcStop
 .text.stimLib_stepupStart
                0x000000000800911c       0x20 C:\Users\eidos\GitHub\Allears_EV_KIT\allears_EVK_TEST\Core\StimLib\liballear_evk_lib_debug.a(stim_lib_volt.o)
                0x000000000800911c                stimLib_stepupStart
 .text.stimLib_stepupStop
                0x000000000800913c       0x20 C:\Users\eidos\GitHub\Allears_EV_KIT\allears_EVK_TEST\Core\StimLib\liballear_evk_lib_debug.a(stim_lib_volt.o)
                0x000000000800913c                stimLib_stepupStop
 .text.stimLib_stepup_startRaw
                0x000000000800915c       0x8c C:\Users\eidos\GitHub\Allears_EV_KIT\allears_EVK_TEST\Core\StimLib\liballear_evk_lib_debug.a(stim_lib_volt_st.o)
                0x000000000800915c                stimLib_stepup_startRaw
 .text.stimLib_stepup_stopRaw
                0x00000000080091e8       0x30 C:\Users\eidos\GitHub\Allears_EV_KIT\allears_EVK_TEST\Core\StimLib\liballear_evk_lib_debug.a(stim_lib_volt_st.o)
                0x00000000080091e8                stimLib_stepup_stopRaw
 .text.stimLib_stepup_adcStartRaw
                0x0000000008009218       0x40 C:\Users\eidos\GitHub\Allears_EV_KIT\allears_EVK_TEST\Core\StimLib\liballear_evk_lib_debug.a(stim_lib_volt_st.o)
                0x0000000008009218                stimLib_stepup_adcStartRaw
 .text.stimLib_stepup_adcStopRaw
                0x0000000008009258       0x14 C:\Users\eidos\GitHub\Allears_EV_KIT\allears_EVK_TEST\Core\StimLib\liballear_evk_lib_debug.a(stim_lib_volt_st.o)
                0x0000000008009258                stimLib_stepup_adcStopRaw
 .text.stimLib_dacctrl_setRaw
                0x000000000800926c       0x30 C:\Users\eidos\GitHub\Allears_EV_KIT\allears_EVK_TEST\Core\StimLib\liballear_evk_lib_debug.a(stim_lib_current_st.o)
                0x000000000800926c                stimLib_dacctrl_setRaw
 .text.stimLib_dacctrl_offRaw
                0x000000000800929c       0x18 C:\Users\eidos\GitHub\Allears_EV_KIT\allears_EVK_TEST\Core\StimLib\liballear_evk_lib_debug.a(stim_lib_current_st.o)
                0x000000000800929c                stimLib_dacctrl_offRaw
 .text.__errno  0x00000000080092b4        0xc c:/st/stm32cubeide_1.12.0/stm32cubeide/plugins/com.st.stm32cube.ide.mcu.externaltools.gnu-tools-for-stm32.10.3-2021.10.win32_1.0.200.202301161003/tools/bin/../lib/gcc/arm-none-eabi/10.3.1/../../../../arm-none-eabi/lib/thumb/v7e-m+fp/hard\libc_nano.a(lib_a-errno.o)
                0x00000000080092b4                __errno
 .text.__libc_init_array
                0x00000000080092c0       0x48 c:/st/stm32cubeide_1.12.0/stm32cubeide/plugins/com.st.stm32cube.ide.mcu.externaltools.gnu-tools-for-stm32.10.3-2021.10.win32_1.0.200.202301161003/tools/bin/../lib/gcc/arm-none-eabi/10.3.1/../../../../arm-none-eabi/lib/thumb/v7e-m+fp/hard\libc_nano.a(lib_a-init.o)
                0x00000000080092c0                __libc_init_array
 .text.memset   0x0000000008009308       0x10 c:/st/stm32cubeide_1.12.0/stm32cubeide/plugins/com.st.stm32cube.ide.mcu.externaltools.gnu-tools-for-stm32.10.3-2021.10.win32_1.0.200.202301161003/tools/bin/../lib/gcc/arm-none-eabi/10.3.1/../../../../arm-none-eabi/lib/thumb/v7e-m+fp/hard\libc_nano.a(lib_a-memset.o)
                0x0000000008009308                memset
 .text.printf   0x0000000008009318       0x30 c:/st/stm32cubeide_1.12.0/stm32cubeide/plugins/com.st.stm32cube.ide.mcu.externaltools.gnu-tools-for-stm32.10.3-2021.10.win32_1.0.200.202301161003/tools/bin/../lib/gcc/arm-none-eabi/10.3.1/../../../../arm-none-eabi/lib/thumb/v7e-m+fp/hard\libc_nano.a(lib_a-printf.o)
                0x0000000008009318                iprintf
                0x0000000008009318                printf
 .text._puts_r  0x0000000008009348       0xdc c:/st/stm32cubeide_1.12.0/stm32cubeide/plugins/com.st.stm32cube.ide.mcu.externaltools.gnu-tools-for-stm32.10.3-2021.10.win32_1.0.200.202301161003/tools/bin/../lib/gcc/arm-none-eabi/10.3.1/../../../../arm-none-eabi/lib/thumb/v7e-m+fp/hard\libc_nano.a(lib_a-puts.o)
                0x0000000008009348                _puts_r
 .text.puts     0x0000000008009424       0x10 c:/st/stm32cubeide_1.12.0/stm32cubeide/plugins/com.st.stm32cube.ide.mcu.externaltools.gnu-tools-for-stm32.10.3-2021.10.win32_1.0.200.202301161003/tools/bin/../lib/gcc/arm-none-eabi/10.3.1/../../../../arm-none-eabi/lib/thumb/v7e-m+fp/hard\libc_nano.a(lib_a-puts.o)
                0x0000000008009424                puts
 .text.__swbuf_r
                0x0000000008009434       0xa4 c:/st/stm32cubeide_1.12.0/stm32cubeide/plugins/com.st.stm32cube.ide.mcu.externaltools.gnu-tools-for-stm32.10.3-2021.10.win32_1.0.200.202301161003/tools/bin/../lib/gcc/arm-none-eabi/10.3.1/../../../../arm-none-eabi/lib/thumb/v7e-m+fp/hard\libc_nano.a(lib_a-wbuf.o)
                0x0000000008009434                __swbuf_r
 .text.__swsetup_r
                0x00000000080094d8       0xdc c:/st/stm32cubeide_1.12.0/stm32cubeide/plugins/com.st.stm32cube.ide.mcu.externaltools.gnu-tools-for-stm32.10.3-2021.10.win32_1.0.200.202301161003/tools/bin/../lib/gcc/arm-none-eabi/10.3.1/../../../../arm-none-eabi/lib/thumb/v7e-m+fp/hard\libc_nano.a(lib_a-wsetup.o)
                0x00000000080094d8                __swsetup_r
 .text.__sflush_r
                0x00000000080095b4      0x10c c:/st/stm32cubeide_1.12.0/stm32cubeide/plugins/com.st.stm32cube.ide.mcu.externaltools.gnu-tools-for-stm32.10.3-2021.10.win32_1.0.200.202301161003/tools/bin/../lib/gcc/arm-none-eabi/10.3.1/../../../../arm-none-eabi/lib/thumb/v7e-m+fp/hard\libc_nano.a(lib_a-fflush.o)
                0x00000000080095b4                __sflush_r
 .text._fflush_r
                0x00000000080096c0       0x78 c:/st/stm32cubeide_1.12.0/stm32cubeide/plugins/com.st.stm32cube.ide.mcu.externaltools.gnu-tools-for-stm32.10.3-2021.10.win32_1.0.200.202301161003/tools/bin/../lib/gcc/arm-none-eabi/10.3.1/../../../../arm-none-eabi/lib/thumb/v7e-m+fp/hard\libc_nano.a(lib_a-fflush.o)
                0x00000000080096c0                _fflush_r
 .text.std      0x0000000008009738       0x48 c:/st/stm32cubeide_1.12.0/stm32cubeide/plugins/com.st.stm32cube.ide.mcu.externaltools.gnu-tools-for-stm32.10.3-2021.10.win32_1.0.200.202301161003/tools/bin/../lib/gcc/arm-none-eabi/10.3.1/../../../../arm-none-eabi/lib/thumb/v7e-m+fp/hard\libc_nano.a(lib_a-findfp.o)
 .text._cleanup_r
                0x0000000008009780        0xc c:/st/stm32cubeide_1.12.0/stm32cubeide/plugins/com.st.stm32cube.ide.mcu.externaltools.gnu-tools-for-stm32.10.3-2021.10.win32_1.0.200.202301161003/tools/bin/../lib/gcc/arm-none-eabi/10.3.1/../../../../arm-none-eabi/lib/thumb/v7e-m+fp/hard\libc_nano.a(lib_a-findfp.o)
                0x0000000008009780                _cleanup_r
 .text.__sfmoreglue
                0x000000000800978c       0x2c c:/st/stm32cubeide_1.12.0/stm32cubeide/plugins/com.st.stm32cube.ide.mcu.externaltools.gnu-tools-for-stm32.10.3-2021.10.win32_1.0.200.202301161003/tools/bin/../lib/gcc/arm-none-eabi/10.3.1/../../../../arm-none-eabi/lib/thumb/v7e-m+fp/hard\libc_nano.a(lib_a-findfp.o)
                0x000000000800978c                __sfmoreglue
 .text.__sfp_lock_acquire
                0x00000000080097b8        0xc c:/st/stm32cubeide_1.12.0/stm32cubeide/plugins/com.st.stm32cube.ide.mcu.externaltools.gnu-tools-for-stm32.10.3-2021.10.win32_1.0.200.202301161003/tools/bin/../lib/gcc/arm-none-eabi/10.3.1/../../../../arm-none-eabi/lib/thumb/v7e-m+fp/hard\libc_nano.a(lib_a-findfp.o)
                0x00000000080097b8                __sfp_lock_acquire
 .text.__sfp_lock_release
                0x00000000080097c4        0xc c:/st/stm32cubeide_1.12.0/stm32cubeide/plugins/com.st.stm32cube.ide.mcu.externaltools.gnu-tools-for-stm32.10.3-2021.10.win32_1.0.200.202301161003/tools/bin/../lib/gcc/arm-none-eabi/10.3.1/../../../../arm-none-eabi/lib/thumb/v7e-m+fp/hard\libc_nano.a(lib_a-findfp.o)
                0x00000000080097c4                __sfp_lock_release
 .text.__sinit_lock_acquire
                0x00000000080097d0        0xc c:/st/stm32cubeide_1.12.0/stm32cubeide/plugins/com.st.stm32cube.ide.mcu.externaltools.gnu-tools-for-stm32.10.3-2021.10.win32_1.0.200.202301161003/tools/bin/../lib/gcc/arm-none-eabi/10.3.1/../../../../arm-none-eabi/lib/thumb/v7e-m+fp/hard\libc_nano.a(lib_a-findfp.o)
                0x00000000080097d0                __sinit_lock_acquire
 .text.__sinit_lock_release
                0x00000000080097dc        0xc c:/st/stm32cubeide_1.12.0/stm32cubeide/plugins/com.st.stm32cube.ide.mcu.externaltools.gnu-tools-for-stm32.10.3-2021.10.win32_1.0.200.202301161003/tools/bin/../lib/gcc/arm-none-eabi/10.3.1/../../../../arm-none-eabi/lib/thumb/v7e-m+fp/hard\libc_nano.a(lib_a-findfp.o)
                0x00000000080097dc                __sinit_lock_release
 .text.__sinit  0x00000000080097e8       0x70 c:/st/stm32cubeide_1.12.0/stm32cubeide/plugins/com.st.stm32cube.ide.mcu.externaltools.gnu-tools-for-stm32.10.3-2021.10.win32_1.0.200.202301161003/tools/bin/../lib/gcc/arm-none-eabi/10.3.1/../../../../arm-none-eabi/lib/thumb/v7e-m+fp/hard\libc_nano.a(lib_a-findfp.o)
                0x00000000080097e8                __sinit
 .text.__sfp    0x0000000008009858       0x8c c:/st/stm32cubeide_1.12.0/stm32cubeide/plugins/com.st.stm32cube.ide.mcu.externaltools.gnu-tools-for-stm32.10.3-2021.10.win32_1.0.200.202301161003/tools/bin/../lib/gcc/arm-none-eabi/10.3.1/../../../../arm-none-eabi/lib/thumb/v7e-m+fp/hard\libc_nano.a(lib_a-findfp.o)
                0x0000000008009858                __sfp
 .text._fwalk_reent
                0x00000000080098e4       0x3e c:/st/stm32cubeide_1.12.0/stm32cubeide/plugins/com.st.stm32cube.ide.mcu.externaltools.gnu-tools-for-stm32.10.3-2021.10.win32_1.0.200.202301161003/tools/bin/../lib/gcc/arm-none-eabi/10.3.1/../../../../arm-none-eabi/lib/thumb/v7e-m+fp/hard\libc_nano.a(lib_a-fwalk.o)
                0x00000000080098e4                _fwalk_reent
 .text.__retarget_lock_init_recursive
                0x0000000008009922        0x2 c:/st/stm32cubeide_1.12.0/stm32cubeide/plugins/com.st.stm32cube.ide.mcu.externaltools.gnu-tools-for-stm32.10.3-2021.10.win32_1.0.200.202301161003/tools/bin/../lib/gcc/arm-none-eabi/10.3.1/../../../../arm-none-eabi/lib/thumb/v7e-m+fp/hard\libc_nano.a(lib_a-lock.o)
                0x0000000008009922                __retarget_lock_init_recursive
 .text.__retarget_lock_acquire_recursive
                0x0000000008009924        0x2 c:/st/stm32cubeide_1.12.0/stm32cubeide/plugins/com.st.stm32cube.ide.mcu.externaltools.gnu-tools-for-stm32.10.3-2021.10.win32_1.0.200.202301161003/tools/bin/../lib/gcc/arm-none-eabi/10.3.1/../../../../arm-none-eabi/lib/thumb/v7e-m+fp/hard\libc_nano.a(lib_a-lock.o)
                0x0000000008009924                __retarget_lock_acquire_recursive
 .text.__retarget_lock_release_recursive
                0x0000000008009926        0x2 c:/st/stm32cubeide_1.12.0/stm32cubeide/plugins/com.st.stm32cube.ide.mcu.externaltools.gnu-tools-for-stm32.10.3-2021.10.win32_1.0.200.202301161003/tools/bin/../lib/gcc/arm-none-eabi/10.3.1/../../../../arm-none-eabi/lib/thumb/v7e-m+fp/hard\libc_nano.a(lib_a-lock.o)
                0x0000000008009926                __retarget_lock_release_recursive
 .text.__swhatbuf_r
                0x0000000008009928       0x4a c:/st/stm32cubeide_1.12.0/stm32cubeide/plugins/com.st.stm32cube.ide.mcu.externaltools.gnu-tools-for-stm32.10.3-2021.10.win32_1.0.200.202301161003/tools/bin/../lib/gcc/arm-none-eabi/10.3.1/../../../../arm-none-eabi/lib/thumb/v7e-m+fp/hard\libc_nano.a(lib_a-makebuf.o)
                0x0000000008009928                __swhatbuf_r
 *fill*         0x0000000008009972        0x2 
 .text.__smakebuf_r
                0x0000000008009974       0x80 c:/st/stm32cubeide_1.12.0/stm32cubeide/plugins/com.st.stm32cube.ide.mcu.externaltools.gnu-tools-for-stm32.10.3-2021.10.win32_1.0.200.202301161003/tools/bin/../lib/gcc/arm-none-eabi/10.3.1/../../../../arm-none-eabi/lib/thumb/v7e-m+fp/hard\libc_nano.a(lib_a-makebuf.o)
                0x0000000008009974                __smakebuf_r
 .text._free_r  0x00000000080099f4       0x98 c:/st/stm32cubeide_1.12.0/stm32cubeide/plugins/com.st.stm32cube.ide.mcu.externaltools.gnu-tools-for-stm32.10.3-2021.10.win32_1.0.200.202301161003/tools/bin/../lib/gcc/arm-none-eabi/10.3.1/../../../../arm-none-eabi/lib/thumb/v7e-m+fp/hard\libc_nano.a(lib_a-nano-freer.o)
                0x00000000080099f4                _free_r
 .text.sbrk_aligned
                0x0000000008009a8c       0x40 c:/st/stm32cubeide_1.12.0/stm32cubeide/plugins/com.st.stm32cube.ide.mcu.externaltools.gnu-tools-for-stm32.10.3-2021.10.win32_1.0.200.202301161003/tools/bin/../lib/gcc/arm-none-eabi/10.3.1/../../../../arm-none-eabi/lib/thumb/v7e-m+fp/hard\libc_nano.a(lib_a-nano-mallocr.o)
 .text._malloc_r
                0x0000000008009acc       0xe8 c:/st/stm32cubeide_1.12.0/stm32cubeide/plugins/com.st.stm32cube.ide.mcu.externaltools.gnu-tools-for-stm32.10.3-2021.10.win32_1.0.200.202301161003/tools/bin/../lib/gcc/arm-none-eabi/10.3.1/../../../../arm-none-eabi/lib/thumb/v7e-m+fp/hard\libc_nano.a(lib_a-nano-mallocr.o)
                0x0000000008009acc                _malloc_r
 .text.__sfputc_r
                0x0000000008009bb4       0x2e c:/st/stm32cubeide_1.12.0/stm32cubeide/plugins/com.st.stm32cube.ide.mcu.externaltools.gnu-tools-for-stm32.10.3-2021.10.win32_1.0.200.202301161003/tools/bin/../lib/gcc/arm-none-eabi/10.3.1/../../../../arm-none-eabi/lib/thumb/v7e-m+fp/hard\libc_nano.a(lib_a-nano-vfprintf.o)
 .text.__sfputs_r
                0x0000000008009be2       0x24 c:/st/stm32cubeide_1.12.0/stm32cubeide/plugins/com.st.stm32cube.ide.mcu.externaltools.gnu-tools-for-stm32.10.3-2021.10.win32_1.0.200.202301161003/tools/bin/../lib/gcc/arm-none-eabi/10.3.1/../../../../arm-none-eabi/lib/thumb/v7e-m+fp/hard\libc_nano.a(lib_a-nano-vfprintf.o)
                0x0000000008009be2                __sfputs_r
 *fill*         0x0000000008009c06        0x2 
 .text._vfprintf_r
                0x0000000008009c08      0x260 c:/st/stm32cubeide_1.12.0/stm32cubeide/plugins/com.st.stm32cube.ide.mcu.externaltools.gnu-tools-for-stm32.10.3-2021.10.win32_1.0.200.202301161003/tools/bin/../lib/gcc/arm-none-eabi/10.3.1/../../../../arm-none-eabi/lib/thumb/v7e-m+fp/hard\libc_nano.a(lib_a-nano-vfprintf.o)
                0x0000000008009c08                _vfprintf_r
                0x0000000008009c08                _vfiprintf_r
 .text._printf_common
                0x0000000008009e68       0xda c:/st/stm32cubeide_1.12.0/stm32cubeide/plugins/com.st.stm32cube.ide.mcu.externaltools.gnu-tools-for-stm32.10.3-2021.10.win32_1.0.200.202301161003/tools/bin/../lib/gcc/arm-none-eabi/10.3.1/../../../../arm-none-eabi/lib/thumb/v7e-m+fp/hard\libc_nano.a(lib_a-nano-vfprintf_i.o)
                0x0000000008009e68                _printf_common
 *fill*         0x0000000008009f42        0x2 
 .text._printf_i
                0x0000000008009f44      0x24c c:/st/stm32cubeide_1.12.0/stm32cubeide/plugins/com.st.stm32cube.ide.mcu.externaltools.gnu-tools-for-stm32.10.3-2021.10.win32_1.0.200.202301161003/tools/bin/../lib/gcc/arm-none-eabi/10.3.1/../../../../arm-none-eabi/lib/thumb/v7e-m+fp/hard\libc_nano.a(lib_a-nano-vfprintf_i.o)
                0x0000000008009f44                _printf_i
 .text._sbrk_r  0x000000000800a190       0x20 c:/st/stm32cubeide_1.12.0/stm32cubeide/plugins/com.st.stm32cube.ide.mcu.externaltools.gnu-tools-for-stm32.10.3-2021.10.win32_1.0.200.202301161003/tools/bin/../lib/gcc/arm-none-eabi/10.3.1/../../../../arm-none-eabi/lib/thumb/v7e-m+fp/hard\libc_nano.a(lib_a-sbrkr.o)
                0x000000000800a190                _sbrk_r
 .text.__sread  0x000000000800a1b0       0x22 c:/st/stm32cubeide_1.12.0/stm32cubeide/plugins/com.st.stm32cube.ide.mcu.externaltools.gnu-tools-for-stm32.10.3-2021.10.win32_1.0.200.202301161003/tools/bin/../lib/gcc/arm-none-eabi/10.3.1/../../../../arm-none-eabi/lib/thumb/v7e-m+fp/hard\libc_nano.a(lib_a-stdio.o)
                0x000000000800a1b0                __sread
 .text.__swrite
                0x000000000800a1d2       0x38 c:/st/stm32cubeide_1.12.0/stm32cubeide/plugins/com.st.stm32cube.ide.mcu.externaltools.gnu-tools-for-stm32.10.3-2021.10.win32_1.0.200.202301161003/tools/bin/../lib/gcc/arm-none-eabi/10.3.1/../../../../arm-none-eabi/lib/thumb/v7e-m+fp/hard\libc_nano.a(lib_a-stdio.o)
                0x000000000800a1d2                __swrite
 .text.__sseek  0x000000000800a20a       0x24 c:/st/stm32cubeide_1.12.0/stm32cubeide/plugins/com.st.stm32cube.ide.mcu.externaltools.gnu-tools-for-stm32.10.3-2021.10.win32_1.0.200.202301161003/tools/bin/../lib/gcc/arm-none-eabi/10.3.1/../../../../arm-none-eabi/lib/thumb/v7e-m+fp/hard\libc_nano.a(lib_a-stdio.o)
                0x000000000800a20a                __sseek
 .text.__sclose
                0x000000000800a22e        0x8 c:/st/stm32cubeide_1.12.0/stm32cubeide/plugins/com.st.stm32cube.ide.mcu.externaltools.gnu-tools-for-stm32.10.3-2021.10.win32_1.0.200.202301161003/tools/bin/../lib/gcc/arm-none-eabi/10.3.1/../../../../arm-none-eabi/lib/thumb/v7e-m+fp/hard\libc_nano.a(lib_a-stdio.o)
                0x000000000800a22e                __sclose
 *fill*         0x000000000800a236        0x2 
 .text._write_r
                0x000000000800a238       0x24 c:/st/stm32cubeide_1.12.0/stm32cubeide/plugins/com.st.stm32cube.ide.mcu.externaltools.gnu-tools-for-stm32.10.3-2021.10.win32_1.0.200.202301161003/tools/bin/../lib/gcc/arm-none-eabi/10.3.1/../../../../arm-none-eabi/lib/thumb/v7e-m+fp/hard\libc_nano.a(lib_a-writer.o)
                0x000000000800a238                _write_r
 .text._close_r
                0x000000000800a25c       0x20 c:/st/stm32cubeide_1.12.0/stm32cubeide/plugins/com.st.stm32cube.ide.mcu.externaltools.gnu-tools-for-stm32.10.3-2021.10.win32_1.0.200.202301161003/tools/bin/../lib/gcc/arm-none-eabi/10.3.1/../../../../arm-none-eabi/lib/thumb/v7e-m+fp/hard\libc_nano.a(lib_a-closer.o)
                0x000000000800a25c                _close_r
 .text._fstat_r
                0x000000000800a27c       0x24 c:/st/stm32cubeide_1.12.0/stm32cubeide/plugins/com.st.stm32cube.ide.mcu.externaltools.gnu-tools-for-stm32.10.3-2021.10.win32_1.0.200.202301161003/tools/bin/../lib/gcc/arm-none-eabi/10.3.1/../../../../arm-none-eabi/lib/thumb/v7e-m+fp/hard\libc_nano.a(lib_a-fstatr.o)
                0x000000000800a27c                _fstat_r
 .text._isatty_r
                0x000000000800a2a0       0x20 c:/st/stm32cubeide_1.12.0/stm32cubeide/plugins/com.st.stm32cube.ide.mcu.externaltools.gnu-tools-for-stm32.10.3-2021.10.win32_1.0.200.202301161003/tools/bin/../lib/gcc/arm-none-eabi/10.3.1/../../../../arm-none-eabi/lib/thumb/v7e-m+fp/hard\libc_nano.a(lib_a-isattyr.o)
                0x000000000800a2a0                _isatty_r
 .text._lseek_r
                0x000000000800a2c0       0x24 c:/st/stm32cubeide_1.12.0/stm32cubeide/plugins/com.st.stm32cube.ide.mcu.externaltools.gnu-tools-for-stm32.10.3-2021.10.win32_1.0.200.202301161003/tools/bin/../lib/gcc/arm-none-eabi/10.3.1/../../../../arm-none-eabi/lib/thumb/v7e-m+fp/hard\libc_nano.a(lib_a-lseekr.o)
                0x000000000800a2c0                _lseek_r
 .text.__malloc_lock
                0x000000000800a2e4        0xc c:/st/stm32cubeide_1.12.0/stm32cubeide/plugins/com.st.stm32cube.ide.mcu.externaltools.gnu-tools-for-stm32.10.3-2021.10.win32_1.0.200.202301161003/tools/bin/../lib/gcc/arm-none-eabi/10.3.1/../../../../arm-none-eabi/lib/thumb/v7e-m+fp/hard\libc_nano.a(lib_a-mlock.o)
                0x000000000800a2e4                __malloc_lock
 .text.__malloc_unlock
                0x000000000800a2f0        0xc c:/st/stm32cubeide_1.12.0/stm32cubeide/plugins/com.st.stm32cube.ide.mcu.externaltools.gnu-tools-for-stm32.10.3-2021.10.win32_1.0.200.202301161003/tools/bin/../lib/gcc/arm-none-eabi/10.3.1/../../../../arm-none-eabi/lib/thumb/v7e-m+fp/hard\libc_nano.a(lib_a-mlock.o)
                0x000000000800a2f0                __malloc_unlock
 .text._read_r  0x000000000800a2fc       0x24 c:/st/stm32cubeide_1.12.0/stm32cubeide/plugins/com.st.stm32cube.ide.mcu.externaltools.gnu-tools-for-stm32.10.3-2021.10.win32_1.0.200.202301161003/tools/bin/../lib/gcc/arm-none-eabi/10.3.1/../../../../arm-none-eabi/lib/thumb/v7e-m+fp/hard\libc_nano.a(lib_a-readr.o)
                0x000000000800a2fc                _read_r
 *(.glue_7)
 .glue_7        0x000000000800a320        0x0 linker stubs
 *(.glue_7t)
 .glue_7t       0x000000000800a320        0x0 linker stubs
 *(.eh_frame)
 .eh_frame      0x000000000800a320        0x0 c:/st/stm32cubeide_1.12.0/stm32cubeide/plugins/com.st.stm32cube.ide.mcu.externaltools.gnu-tools-for-stm32.10.3-2021.10.win32_1.0.200.202301161003/tools/bin/../lib/gcc/arm-none-eabi/10.3.1/thumb/v7e-m+fp/hard/crtbegin.o
 *(.init)
 .init          0x000000000800a320        0x4 c:/st/stm32cubeide_1.12.0/stm32cubeide/plugins/com.st.stm32cube.ide.mcu.externaltools.gnu-tools-for-stm32.10.3-2021.10.win32_1.0.200.202301161003/tools/bin/../lib/gcc/arm-none-eabi/10.3.1/thumb/v7e-m+fp/hard/crti.o
                0x000000000800a320                _init
 .init          0x000000000800a324        0x8 c:/st/stm32cubeide_1.12.0/stm32cubeide/plugins/com.st.stm32cube.ide.mcu.externaltools.gnu-tools-for-stm32.10.3-2021.10.win32_1.0.200.202301161003/tools/bin/../lib/gcc/arm-none-eabi/10.3.1/thumb/v7e-m+fp/hard/crtn.o
 *(.fini)
 .fini          0x000000000800a32c        0x4 c:/st/stm32cubeide_1.12.0/stm32cubeide/plugins/com.st.stm32cube.ide.mcu.externaltools.gnu-tools-for-stm32.10.3-2021.10.win32_1.0.200.202301161003/tools/bin/../lib/gcc/arm-none-eabi/10.3.1/thumb/v7e-m+fp/hard/crti.o
                0x000000000800a32c                _fini
 .fini          0x000000000800a330        0x8 c:/st/stm32cubeide_1.12.0/stm32cubeide/plugins/com.st.stm32cube.ide.mcu.externaltools.gnu-tools-for-stm32.10.3-2021.10.win32_1.0.200.202301161003/tools/bin/../lib/gcc/arm-none-eabi/10.3.1/thumb/v7e-m+fp/hard/crtn.o
                0x000000000800a338                . = ALIGN (0x4)
                0x000000000800a338                _etext = .

.vfp11_veneer   0x000000000800a338        0x0
 .vfp11_veneer  0x000000000800a338        0x0 linker stubs

.v4_bx          0x000000000800a338        0x0
 .v4_bx         0x000000000800a338        0x0 linker stubs

.iplt           0x000000000800a338        0x0
 .iplt          0x000000000800a338        0x0 c:/st/stm32cubeide_1.12.0/stm32cubeide/plugins/com.st.stm32cube.ide.mcu.externaltools.gnu-tools-for-stm32.10.3-2021.10.win32_1.0.200.202301161003/tools/bin/../lib/gcc/arm-none-eabi/10.3.1/thumb/v7e-m+fp/hard/crtbegin.o

.rodata         0x000000000800a338      0x460
                0x000000000800a338                . = ALIGN (0x4)
 *(.rodata)
 .rodata        0x000000000800a338       0x66 ./Core/Src/main.o
 *fill*         0x000000000800a39e        0x2 
 .rodata        0x000000000800a3a0       0x54 C:\Users\eidos\GitHub\Allears_EV_KIT\allears_EVK_TEST\Core\StimLib\liballear_evk_lib_debug.a(stim_lib.o)
 .rodata        0x000000000800a3f4       0x12 C:\Users\eidos\GitHub\Allears_EV_KIT\allears_EVK_TEST\Core\StimLib\liballear_evk_lib_debug.a(stim_lib_error.o)
 *fill*         0x000000000800a406        0x2 
 .rodata        0x000000000800a408       0x7e C:\Users\eidos\GitHub\Allears_EV_KIT\allears_EVK_TEST\Core\StimLib\liballear_evk_lib_debug.a(stim_lib_st_inc.o)
 *fill*         0x000000000800a486        0x2 
 .rodata        0x000000000800a488       0x3e C:\Users\eidos\GitHub\Allears_EV_KIT\allears_EVK_TEST\Core\StimLib\liballear_evk_lib_debug.a(stim_lib_stim_cfg_st.o)
 *fill*         0x000000000800a4c6        0x2 
 .rodata        0x000000000800a4c8       0x8e C:\Users\eidos\GitHub\Allears_EV_KIT\allears_EVK_TEST\Core\StimLib\liballear_evk_lib_debug.a(stim_lib_volt.o)
 *(.rodata*)
 *fill*         0x000000000800a556        0x2 
 .rodata.AHBPrescTable
                0x000000000800a558       0x10 ./Core/Src/system_stm32l4xx.o
                0x000000000800a558                AHBPrescTable
 .rodata.MSIRangeTable
                0x000000000800a568       0x30 ./Core/Src/system_stm32l4xx.o
                0x000000000800a568                MSIRangeTable
 .rodata.exStimLib_stepup_table
                0x000000000800a598      0x168 C:\Users\eidos\GitHub\Allears_EV_KIT\allears_EVK_TEST\Core\StimLib\liballear_evk_lib_debug.a(stim_lib_volt_table.o)
                0x000000000800a598                exStimLib_stepup_table
 .rodata._global_impure_ptr
                0x000000000800a700        0x4 c:/st/stm32cubeide_1.12.0/stm32cubeide/plugins/com.st.stm32cube.ide.mcu.externaltools.gnu-tools-for-stm32.10.3-2021.10.win32_1.0.200.202301161003/tools/bin/../lib/gcc/arm-none-eabi/10.3.1/../../../../arm-none-eabi/lib/thumb/v7e-m+fp/hard\libc_nano.a(lib_a-impure.o)
                0x000000000800a700                _global_impure_ptr
 .rodata.__sf_fake_stderr
                0x000000000800a704       0x20 c:/st/stm32cubeide_1.12.0/stm32cubeide/plugins/com.st.stm32cube.ide.mcu.externaltools.gnu-tools-for-stm32.10.3-2021.10.win32_1.0.200.202301161003/tools/bin/../lib/gcc/arm-none-eabi/10.3.1/../../../../arm-none-eabi/lib/thumb/v7e-m+fp/hard\libc_nano.a(lib_a-findfp.o)
                0x000000000800a704                __sf_fake_stderr
 .rodata.__sf_fake_stdin
                0x000000000800a724       0x20 c:/st/stm32cubeide_1.12.0/stm32cubeide/plugins/com.st.stm32cube.ide.mcu.externaltools.gnu-tools-for-stm32.10.3-2021.10.win32_1.0.200.202301161003/tools/bin/../lib/gcc/arm-none-eabi/10.3.1/../../../../arm-none-eabi/lib/thumb/v7e-m+fp/hard\libc_nano.a(lib_a-findfp.o)
                0x000000000800a724                __sf_fake_stdin
 .rodata.__sf_fake_stdout
                0x000000000800a744       0x20 c:/st/stm32cubeide_1.12.0/stm32cubeide/plugins/com.st.stm32cube.ide.mcu.externaltools.gnu-tools-for-stm32.10.3-2021.10.win32_1.0.200.202301161003/tools/bin/../lib/gcc/arm-none-eabi/10.3.1/../../../../arm-none-eabi/lib/thumb/v7e-m+fp/hard\libc_nano.a(lib_a-findfp.o)
                0x000000000800a744                __sf_fake_stdout
 .rodata._vfprintf_r.str1.1
                0x000000000800a764       0x11 c:/st/stm32cubeide_1.12.0/stm32cubeide/plugins/com.st.stm32cube.ide.mcu.externaltools.gnu-tools-for-stm32.10.3-2021.10.win32_1.0.200.202301161003/tools/bin/../lib/gcc/arm-none-eabi/10.3.1/../../../../arm-none-eabi/lib/thumb/v7e-m+fp/hard\libc_nano.a(lib_a-nano-vfprintf.o)
 .rodata._printf_i.str1.1
                0x000000000800a775       0x22 c:/st/stm32cubeide_1.12.0/stm32cubeide/plugins/com.st.stm32cube.ide.mcu.externaltools.gnu-tools-for-stm32.10.3-2021.10.win32_1.0.200.202301161003/tools/bin/../lib/gcc/arm-none-eabi/10.3.1/../../../../arm-none-eabi/lib/thumb/v7e-m+fp/hard\libc_nano.a(lib_a-nano-vfprintf_i.o)
                0x000000000800a798                . = ALIGN (0x4)
 *fill*         0x000000000800a797        0x1 

.ARM.extab      0x000000000800a798        0x0
                0x000000000800a798                . = ALIGN (0x4)
 *(.ARM.extab* .gnu.linkonce.armextab.*)
                0x000000000800a798                . = ALIGN (0x4)

.ARM            0x000000000800a798        0x8
                0x000000000800a798                . = ALIGN (0x4)
                0x000000000800a798                __exidx_start = .
 *(.ARM.exidx*)
 .ARM.exidx     0x000000000800a798        0x8 c:/st/stm32cubeide_1.12.0/stm32cubeide/plugins/com.st.stm32cube.ide.mcu.externaltools.gnu-tools-for-stm32.10.3-2021.10.win32_1.0.200.202301161003/tools/bin/../lib/gcc/arm-none-eabi/10.3.1/thumb/v7e-m+fp/hard\libgcc.a(_udivmoddi4.o)
                0x000000000800a7a0                __exidx_end = .
                0x000000000800a7a0                . = ALIGN (0x4)

.rel.dyn        0x000000000800a7a0        0x0
 .rel.iplt      0x000000000800a7a0        0x0 c:/st/stm32cubeide_1.12.0/stm32cubeide/plugins/com.st.stm32cube.ide.mcu.externaltools.gnu-tools-for-stm32.10.3-2021.10.win32_1.0.200.202301161003/tools/bin/../lib/gcc/arm-none-eabi/10.3.1/thumb/v7e-m+fp/hard/crtbegin.o

.preinit_array  0x000000000800a7a0        0x0
                0x000000000800a7a0                . = ALIGN (0x4)
                0x000000000800a7a0                PROVIDE (__preinit_array_start = .)
 *(.preinit_array*)
                0x000000000800a7a0                PROVIDE (__preinit_array_end = .)
                0x000000000800a7a0                . = ALIGN (0x4)

.init_array     0x000000000800a7a0        0x4
                0x000000000800a7a0                . = ALIGN (0x4)
                0x000000000800a7a0                PROVIDE (__init_array_start = .)
 *(SORT_BY_NAME(.init_array.*))
 *(.init_array*)
 .init_array    0x000000000800a7a0        0x4 c:/st/stm32cubeide_1.12.0/stm32cubeide/plugins/com.st.stm32cube.ide.mcu.externaltools.gnu-tools-for-stm32.10.3-2021.10.win32_1.0.200.202301161003/tools/bin/../lib/gcc/arm-none-eabi/10.3.1/thumb/v7e-m+fp/hard/crtbegin.o
                0x000000000800a7a4                PROVIDE (__init_array_end = .)
                0x000000000800a7a4                . = ALIGN (0x4)

.fini_array     0x000000000800a7a4        0x4
                0x000000000800a7a4                . = ALIGN (0x4)
                [!provide]                        PROVIDE (__fini_array_start = .)
 *(SORT_BY_NAME(.fini_array.*))
 *(.fini_array*)
 .fini_array    0x000000000800a7a4        0x4 c:/st/stm32cubeide_1.12.0/stm32cubeide/plugins/com.st.stm32cube.ide.mcu.externaltools.gnu-tools-for-stm32.10.3-2021.10.win32_1.0.200.202301161003/tools/bin/../lib/gcc/arm-none-eabi/10.3.1/thumb/v7e-m+fp/hard/crtbegin.o
                [!provide]                        PROVIDE (__fini_array_end = .)
                0x000000000800a7a8                . = ALIGN (0x4)
                0x000000000800a7a8                _sidata = LOADADDR (.data)

.data           0x0000000020000000       0x70 load address 0x000000000800a7a8
                0x0000000020000000                . = ALIGN (0x4)
                0x0000000020000000                _sdata = .
 *(.data)
 *(.data*)
 .data.SystemCoreClock
                0x0000000020000000        0x4 ./Core/Src/system_stm32l4xx.o
                0x0000000020000000                SystemCoreClock
 .data.uwTickPrio
                0x0000000020000004        0x4 ./Drivers/STM32L4xx_HAL_Driver/Src/stm32l4xx_hal.o
                0x0000000020000004                uwTickPrio
 .data.uwTickFreq
                0x0000000020000008        0x1 ./Drivers/STM32L4xx_HAL_Driver/Src/stm32l4xx_hal.o
                0x0000000020000008                uwTickFreq
 *fill*         0x0000000020000009        0x3 
 .data._impure_ptr
                0x000000002000000c        0x4 c:/st/stm32cubeide_1.12.0/stm32cubeide/plugins/com.st.stm32cube.ide.mcu.externaltools.gnu-tools-for-stm32.10.3-2021.10.win32_1.0.200.202301161003/tools/bin/../lib/gcc/arm-none-eabi/10.3.1/../../../../arm-none-eabi/lib/thumb/v7e-m+fp/hard\libc_nano.a(lib_a-impure.o)
                0x000000002000000c                _impure_ptr
 .data.impure_data
                0x0000000020000010       0x60 c:/st/stm32cubeide_1.12.0/stm32cubeide/plugins/com.st.stm32cube.ide.mcu.externaltools.gnu-tools-for-stm32.10.3-2021.10.win32_1.0.200.202301161003/tools/bin/../lib/gcc/arm-none-eabi/10.3.1/../../../../arm-none-eabi/lib/thumb/v7e-m+fp/hard\libc_nano.a(lib_a-impure.o)
 *(.RamFunc)
 *(.RamFunc*)
                0x0000000020000070                . = ALIGN (0x4)
                0x0000000020000070                _edata = .

.igot.plt       0x0000000020000070        0x0 load address 0x000000000800a818
 .igot.plt      0x0000000020000070        0x0 c:/st/stm32cubeide_1.12.0/stm32cubeide/plugins/com.st.stm32cube.ide.mcu.externaltools.gnu-tools-for-stm32.10.3-2021.10.win32_1.0.200.202301161003/tools/bin/../lib/gcc/arm-none-eabi/10.3.1/thumb/v7e-m+fp/hard/crtbegin.o
                0x0000000020000070                . = ALIGN (0x4)

.bss            0x0000000020000070      0x3fc load address 0x000000000800a818
                0x0000000020000070                _sbss = .
                0x0000000020000070                __bss_start__ = _sbss
 *(.bss)
 .bss           0x0000000020000070       0x1c c:/st/stm32cubeide_1.12.0/stm32cubeide/plugins/com.st.stm32cube.ide.mcu.externaltools.gnu-tools-for-stm32.10.3-2021.10.win32_1.0.200.202301161003/tools/bin/../lib/gcc/arm-none-eabi/10.3.1/thumb/v7e-m+fp/hard/crtbegin.o
 *(.bss*)
 .bss.hadc1     0x000000002000008c       0x64 ./Core/Src/main.o
                0x000000002000008c                hadc1
 .bss.hadc2     0x00000000200000f0       0x64 ./Core/Src/main.o
                0x00000000200000f0                hadc2
 .bss.hdma_adc1
                0x0000000020000154       0x48 ./Core/Src/main.o
                0x0000000020000154                hdma_adc1
 .bss.hdma_adc2
                0x000000002000019c       0x48 ./Core/Src/main.o
                0x000000002000019c                hdma_adc2
 .bss.htim1     0x00000000200001e4       0x4c ./Core/Src/main.o
                0x00000000200001e4                htim1
 .bss.htim2     0x0000000020000230       0x4c ./Core/Src/main.o
                0x0000000020000230                htim2
 .bss.htim6     0x000000002000027c       0x4c ./Core/Src/main.o
                0x000000002000027c                htim6
 .bss.hdma_tim2_ch2_ch4
                0x00000000200002c8       0x48 ./Core/Src/main.o
                0x00000000200002c8                hdma_tim2_ch2_ch4
 .bss.hdma_tim2_ch3
                0x0000000020000310       0x48 ./Core/Src/main.o
                0x0000000020000310                hdma_tim2_ch3
 .bss.huart3    0x0000000020000358       0x84 ./Core/Src/main.o
                0x0000000020000358                huart3
 .bss.HAL_RCC_ADC_CLK_ENABLED
                0x00000000200003dc        0x4 ./Core/Src/stm32l4xx_hal_msp.o
 .bss.__sbrk_heap_end
                0x00000000200003e0        0x4 ./Core/Src/sysmem.o
 .bss.uwTick    0x00000000200003e4        0x4 ./Drivers/STM32L4xx_HAL_Driver/Src/stm32l4xx_hal.o
                0x00000000200003e4                uwTick
 .bss.HAL_RCC_ADC_CLK_ENABLED
                0x00000000200003e8        0x4 C:\Users\eidos\GitHub\Allears_EV_KIT\allears_EVK_TEST\Core\StimLib\liballear_evk_lib_debug.a(stim_lib_st_msp.o)
 .bss.exStimLib_state