Archive member included to satisfy reference by file (symbol)

C:\Users\eidos\GitHub\Allears_EV_KIT\allears_EVK_TEST\Core\StimLib\liballear_evk_lib_release.a(stim_lib.o)
                              ./Core/Src/main.o (stimLib_stimInit)
C:\Users\eidos\GitHub\Allears_EV_KIT\allears_EVK_TEST\Core\StimLib\liballear_evk_lib_release.a(stim_lib_common.o)
                              C:\Users\eidos\GitHub\Allears_EV_KIT\allears_EVK_TEST\Core\StimLib\liballear_evk_lib_release.a(stim_lib.o) (stimLib_getTick)
C:\Users\eidos\GitHub\Allears_EV_KIT\allears_EVK_TEST\Core\StimLib\liballear_evk_lib_release.a(stim_lib_error.o)
                              C:\Users\eidos\GitHub\Allears_EV_KIT\allears_EVK_TEST\Core\StimLib\liballear_evk_lib_release.a(stim_lib.o) (stimLib_errorHandle)
C:\Users\eidos\GitHub\Allears_EV_KIT\allears_EVK_TEST\Core\StimLib\liballear_evk_lib_release.a(stim_lib_init.o)
                              C:\Users\eidos\GitHub\Allears_EV_KIT\allears_EVK_TEST\Core\StimLib\liballear_evk_lib_release.a(stim_lib.o) (stimLib_initResrc)
C:\Users\eidos\GitHub\Allears_EV_KIT\allears_EVK_TEST\Core\StimLib\liballear_evk_lib_release.a(stim_lib_st_inc.o)
                              ./Core/Src/main.o (stimLib_trgInput_callback)
C:\Users\eidos\GitHub\Allears_EV_KIT\allears_EVK_TEST\Core\StimLib\liballear_evk_lib_release.a(stim_lib_st_inc_st.o)
                              C:\Users\eidos\GitHub\Allears_EV_KIT\allears_EVK_TEST\Core\StimLib\liballear_evk_lib_release.a(stim_lib.o) (stimLib_stimStopDelayRaw)
C:\Users\eidos\GitHub\Allears_EV_KIT\allears_EVK_TEST\Core\StimLib\liballear_evk_lib_release.a(stim_lib_st_init.o)
                              C:\Users\eidos\GitHub\Allears_EV_KIT\allears_EVK_TEST\Core\StimLib\liballear_evk_lib_release.a(stim_lib_init.o) (stimLib_gpioInit)
C:\Users\eidos\GitHub\Allears_EV_KIT\allears_EVK_TEST\Core\StimLib\liballear_evk_lib_release.a(stim_lib_st_msp.o)
                              C:\Users\eidos\GitHub\Allears_EV_KIT\allears_EVK_TEST\Core\StimLib\liballear_evk_lib_release.a(stim_lib_st_init.o) (stimLib_adc_mspInit)
C:\Users\eidos\GitHub\Allears_EV_KIT\allears_EVK_TEST\Core\StimLib\liballear_evk_lib_release.a(stim_lib_state.o)
                              C:\Users\eidos\GitHub\Allears_EV_KIT\allears_EVK_TEST\Core\StimLib\liballear_evk_lib_release.a(stim_lib.o) (stimLib_stateGet)
C:\Users\eidos\GitHub\Allears_EV_KIT\allears_EVK_TEST\Core\StimLib\liballear_evk_lib_release.a(stim_lib_stim_cfg.o)
                              C:\Users\eidos\GitHub\Allears_EV_KIT\allears_EVK_TEST\Core\StimLib\liballear_evk_lib_release.a(stim_lib.o) (stimLib_signalParamCheck)
C:\Users\eidos\GitHub\Allears_EV_KIT\allears_EVK_TEST\Core\StimLib\liballear_evk_lib_release.a(stim_lib_stim_cfg_st.o)
                              C:\Users\eidos\GitHub\Allears_EV_KIT\allears_EVK_TEST\Core\StimLib\liballear_evk_lib_release.a(stim_lib_stim_cfg.o) (stimLib_paramPulseSettingRaw)
C:\Users\eidos\GitHub\Allears_EV_KIT\allears_EVK_TEST\Core\StimLib\liballear_evk_lib_release.a(stim_lib_volt.o)
                              C:\Users\eidos\GitHub\Allears_EV_KIT\allears_EVK_TEST\Core\StimLib\liballear_evk_lib_release.a(stim_lib_st_inc.o) (stimLib_stepup_ctrlScheduler)
C:\Users\eidos\GitHub\Allears_EV_KIT\allears_EVK_TEST\Core\StimLib\liballear_evk_lib_release.a(stim_lib_volt_st.o)
                              C:\Users\eidos\GitHub\Allears_EV_KIT\allears_EVK_TEST\Core\StimLib\liballear_evk_lib_release.a(stim_lib_volt.o) (stimLib_stepup_startRaw)
C:\Users\eidos\GitHub\Allears_EV_KIT\allears_EVK_TEST\Core\StimLib\liballear_evk_lib_release.a(stim_lib_volt_table.o)
                              C:\Users\eidos\GitHub\Allears_EV_KIT\allears_EVK_TEST\Core\StimLib\liballear_evk_lib_release.a(stim_lib_volt.o) (exStimLib_stepup_table)
c:/st/stm32cubeide_1.12.0/stm32cubeide/plugins/com.st.stm32cube.ide.mcu.externaltools.gnu-tools-for-stm32.10.3-2021.10.win32_1.0.200.202301161003/tools/bin/../lib/gcc/arm-none-eabi/10.3.1/../../../../arm-none-eabi/lib/thumb/v7e-m+fp/hard\libc_nano.a(lib_a-errno.o)
                              ./Core/Src/syscalls.o (__errno)
c:/st/stm32cubeide_1.12.0/stm32cubeide/plugins/com.st.stm32cube.ide.mcu.externaltools.gnu-tools-for-stm32.10.3-2021.10.win32_1.0.200.202301161003/tools/bin/../lib/gcc/arm-none-eabi/10.3.1/../../../../arm-none-eabi/lib/thumb/v7e-m+fp/hard\libc_nano.a(lib_a-exit.o)
                              c:/st/stm32cubeide_1.12.0/stm32cubeide/plugins/com.st.stm32cube.ide.mcu.externaltools.gnu-tools-for-stm32.10.3-2021.10.win32_1.0.200.202301161003/tools/bin/../lib/gcc/arm-none-eabi/10.3.1/../../../../arm-none-eabi/lib/thumb/v7e-m+fp/hard/crt0.o (exit)
c:/st/stm32cubeide_1.12.0/stm32cubeide/plugins/com.st.stm32cube.ide.mcu.externaltools.gnu-tools-for-stm32.10.3-2021.10.win32_1.0.200.202301161003/tools/bin/../lib/gcc/arm-none-eabi/10.3.1/../../../../arm-none-eabi/lib/thumb/v7e-m+fp/hard\libc_nano.a(lib_a-impure.o)
[...]
Memory Configuration

Name             Origin             Length             Attributes
RAM              0x0000000020000000 0x000000000000a000 xrw
RAM2             0x0000000010000000 0x0000000000002000 xrw
FLASH            0x0000000008000000 0x0000000000020000 xr
*default*        0x0000000000000000 0xffffffffffffffff

Linker script and memory map

LOAD c:/st/stm32cubeide_1.12.0/stm32cubeide/plugins/com.st.stm32cube.ide.mcu.externaltools.gnu-tools-for-stm32.10.3-2021.10.win32_1.0.200.202301161003/tools/bin/../lib/gcc/arm-none-eabi/10.3.1/thumb/v7e-m+fp/hard/crti.o
LOAD c:/st/stm32cubeide_1.12.0/stm32cubeide/plugins/com.st.stm32cube.ide.mcu.externaltools.gnu-tools-for-stm32.10.3-2021.10.win32_1.0.200.202301161003/tools/bin/../lib/gcc/arm-none-eabi/10.3.1/thumb/v7e-m+fp/hard/crtbegin.o
LOAD c:/st/stm32cubeide_1.12.0/stm32cubeide/plugins/com.st.stm32cube.ide.mcu.externaltools.gnu-tools-for-stm32.10.3-2021.10.win32_1.0.200.202301161003/tools/bin/../lib/gcc/arm-none-eabi/10.3.1/../../../../arm-none-eabi/lib/thumb/v7e-m+fp/hard/crt0.o
LOAD ./Core/Src/main.o
LOAD ./Core/Src/stm32l4xx_hal_msp.o
LOAD ./Core/Src/stm32l4xx_it.o
LOAD ./Core/Src/syscalls.o
LOAD ./Core/Src/sysmem.o
LOAD ./Core/Src/system_stm32l4xx.o
LOAD ./Core/Src/td_debug.o
LOAD ./Core/Src/td_retarget.o
LOAD ./Core/Startup/startup_stm32l412rbtxp.o
LOAD ./Drivers/STM32L4xx_HAL_Driver/Src/stm32l4xx_hal.o
LOAD ./Drivers/STM32L4xx_HAL_Driver/Src/stm32l4xx_hal_adc.o
LOAD ./Drivers/STM32L4xx_HAL_Driver/Src/stm32l4xx_hal_adc_ex.o
LOAD ./Drivers/STM32L4xx_HAL_Driver/Src/stm32l4xx_hal_cortex.o
LOAD ./Drivers/STM32L4xx_HAL_Driver/Src/stm32l4xx_hal_dma.o
LOAD ./Drivers/STM32L4xx_HAL_Driver/Src/stm32l4xx_hal_dma_ex.o
LOAD ./Drivers/STM32L4xx_HAL_Driver/Src/stm32l4xx_hal_exti.o
LOAD ./Drivers/STM32L4xx_HAL_Driver/Src/stm32l4xx_hal_flash.o
LOAD ./Drivers/STM32L4xx_HAL_Driver/Src/stm32l4xx_hal_flash_ex.o
LOAD ./Drivers/STM32L4xx_HAL_Driver/Src/stm32l4xx_hal_flash_ramfunc.o
LOAD ./Drivers/STM32L4xx_HAL_Driver/Src/stm32l4xx_hal_gpio.o
LOAD ./Drivers/STM32L4xx_HAL_Driver/Src/stm32l4xx_hal_pwr.o
LOAD ./Drivers/STM32L4xx_HAL_Driver/Src/stm32l4xx_hal_pwr_ex.o
LOAD ./Drivers/STM32L4xx_HAL_Driver/Src/stm32l4xx_hal_rcc.o
LOAD ./Drivers/STM32L4xx_HAL_Driver/Src/stm32l4xx_hal_rcc_ex.o
LOAD ./Drivers/STM32L4xx_HAL_Driver/Src/stm32l4xx_hal_tim.o
LOAD ./Drivers/STM32L4xx_HAL_Driver/Src/stm32l4xx_hal_tim_ex.o
LOAD ./Drivers/STM32L4xx_HAL_Driver/Src/stm32l4xx_hal_uart.o
LOAD ./Drivers/STM32L4xx_HAL_Driver/Src/stm32l4xx_hal_uart_ex.o
LOAD C:\Users\eidos\GitHub\Allears_EV_KIT\allears_EVK_TEST\Core\StimLib\liballear_evk_lib_release.a
START GROUP
LOAD c:/st/stm32cubeide_1.12.0/stm32cubeide/plugins/com.st.stm32cube.ide.mcu.externaltools.gnu-tools-for-stm32.10.3-2021.10.win32_1.0.200.202301161003/tools/bin/../lib/gcc/arm-none-eabi/10.3.1/../../../../arm-none-eabi/lib/thumb/v7e-m+fp/hard\libc_nano.a
LOAD c:/st/stm32cubeide_1.12.0/stm32cubeide/plugins/com.st.stm32cube.ide.mcu.externaltools.gnu-tools-for-stm32.10.3-2021.10.win32_1.0.200.202301161003/tools/bin/../lib/gcc/arm-none-eabi/10.3.1/../../../../arm-none-eabi/lib/thumb/v7e-m+fp/hard\libm.a
END GROUP
START GROUP
LOAD c:/st/stm32cubeide_1.12.0/stm32cubeide/plugins/com.st.stm32cube.ide.mcu.externaltools.gnu-tools-for-stm32.10.3-2021.10.win32_1.0.200.202301161003/tools/bin/../lib/gcc/arm-none-eabi/10.3.1/thumb/v7e-m+fp/hard\libgcc.a
LOAD c:/st/stm32cubeide_1.12.0/stm32cubeide/plugins/com.st.stm32cube.ide.mcu.externaltools.gnu-tools-for-stm32.10.3-2021.10.win32_1.0.200.202301161003/tools/bin/../lib/gcc/arm-none-eabi/10.3.1/../../../../arm-none-eabi/lib/thumb/v7e-m+fp/hard\libc_nano.a
END GROUP
START GROUP
LOAD c:/st/stm32cubeide_1.12.0/stm32cubeide/plugins/com.st.stm32cube.ide.mcu.externaltools.gnu-tools-for-stm32.10.3-2021.10.win32_1.0.200.202301161003/tools/bin/../lib/gcc/arm-none-eabi/10.3.1/thumb/v7e-m+fp/hard\libgcc.a
LOAD c:/st/stm32cubeide_1.12.0/stm32cubeide/plugins/com.st.stm32cube.ide.mcu.externaltools.gnu-tools-for-stm32.10.3-2021.10.win32_1.0.200.202301161003/tools/bin/../lib/gcc/arm-none-eabi/10.3.1/../../../../arm-none-eabi/lib/thumb/v7e-m+fp/hard\libc_nano.a
LOAD c:/st/stm32cubeide_1.12.0/stm32cubeide/plugins/com.st.stm32cube.ide.mcu.externaltools.gnu-tools-for-stm32.10.3-2021.10.win32_1.0.200.202301161003/tools/bin/../lib/gcc/arm-none-eabi/10.3.1/../../../../arm-none-eabi/lib/thumb/v7e-m+fp/hard\libnosys.a
END GROUP
START GROUP
LOAD c:/st/stm32cubeide_1.12.0/stm32cubeide/plugins/com.st.stm32cube.ide.mcu.externaltools.gnu-tools-for-stm32.10.3-2021.10.win32_1.0.200.202301161003/tools/bin/../lib/gcc/arm-none-eabi/10.3.1/thumb/v7e-m+fp/hard\libgcc.a
LOAD c:/st/stm32cubeide_1.12.0/stm32cubeide/plugins/com.st.stm32cube.ide.mcu.externaltools.gnu-tools-for-stm32.10.3-2021.10.win32_1.0.200.202301161003/tools/bin/../lib/gcc/arm-none-eabi/10.3.1/../../../../arm-none-eabi/lib/thumb/v7e-m+fp/hard\libc_nano.a
LOAD c:/st/stm32cubeide_1.12.0/stm32cubeide/plugins/com.st.stm32cube.ide.mcu.externaltools.gnu-tools-for-stm32.10.3-2021.10.win32_1.0.200.202301161003/tools/bin/../lib/gcc/arm-none-eabi/10.3.1/../../../../arm-none-eabi/lib/thumb/v7e-m+fp/hard\libnosys.a
END GROUP
LOAD c:/st/stm32cubeide_1.12.0/stm32cubeide/plugins/com.st.stm32cube.ide.mcu.externaltools.gnu-tools-for-stm32.10.3-2021.10.win32_1.0.200.202301161003/tools/bin/../lib/gcc/arm-none-eabi/10.3.1/thumb/v7e-m+fp/hard/crtend.o
LOAD c:/st/stm32cubeide_1.12.0/stm32cubeide/plugins/com.st.stm32cube.ide.mcu.externaltools.gnu-tools-for-stm32.10.3-2021.10.win32_1.0.200.202301161003/tools/bin/../lib/gcc/arm-none-eabi/10.3.1/thumb/v7e-m+fp/hard/crtn.o
                0x000000002000a000                _estack = (ORIGIN (RAM) + LENGTH (RAM))
                0x00000000000007ff                _Min_Heap_Size = 0x7ff
                0x00000000000007ff                _Min_Stack_Size = 0x7ff

.isr_vector     0x0000000008000000      0x18c
                0x0000000008000000                . = ALIGN (0x4)
 *(.isr_vector)
 .isr_vector    0x0000000008000000      0x18c ./Core/Startup/startup_stm32l412rbtxp.o
                0x0000000008000000                g_pfnVectors
                0x000000000800018c                . = ALIGN (0x4)

.text           0x000000000800018c     0x98c0
                0x000000000800018c                . = ALIGN (0x4)
 *(.text)
 .text          0x000000000800018c       0x40 c:/st/stm32cubeide_1.12.0/stm32cubeide/plugins/com.st.stm32cube.ide.mcu.externaltools.gnu-tools-for-stm32.10.3-2021.10.win32_1.0.200.202301161003/tools/bin/../lib/gcc/arm-none-eabi/10.3.1/thumb/v7e-m+fp/hard/crtbegin.o
 .text          0x00000000080001cc       0x30 c:/st/stm32cubeide_1.12.0/stm32cubeide/plugins/com.st.stm32cube.ide.mcu.externaltools.gnu-tools-for-stm32.10.3-2021.10.win32_1.0.200.202301161003/tools/bin/../lib/gcc/arm-none-eabi/10.3.1/thumb/v7e-m+fp/hard\libgcc.a(_aeabi_uldivmod.o)
                0x00000000080001cc                __aeabi_uldivmod
 .text          0x00000000080001fc      0x2d0 c:/st/stm32cubeide_1.12.0/stm32cubeide/plugins/com.st.stm32cube.ide.mcu.externaltools.gnu-tools-for-stm32.10.3-2021.10.win32_1.0.200.202301161003/tools/bin/../lib/gcc/arm-none-eabi/10.3.1/thumb/v7e-m+fp/hard\libgcc.a(_udivmoddi4.o)
                0x00000000080001fc                __udivmoddi4
 .text          0x00000000080004cc        0x4 c:/st/stm32cubeide_1.12.0/stm32cubeide/plugins/com.st.stm32cube.ide.mcu.externaltools.gnu-tools-for-stm32.10.3-2021.10.win32_1.0.200.202301161003/tools/bin/../lib/gcc/arm-none-eabi/10.3.1/thumb/v7e-m+fp/hard\libgcc.a(_dvmd_tls.o)
                0x00000000080004cc                __aeabi_idiv0
                0x00000000080004cc                __aeabi_ldiv0
 *(.text*)
 .text.HAL_GPIO_EXTI_Callback
                0x00000000080004d0       0x1a ./Core/Src/main.o
                0x00000000080004d0                HAL_GPIO_EXTI_Callback
 *fill*         0x00000000080004ea        0x2 
 .text.HAL_TIM_ErrorCallback
                0x00000000080004ec       0x20 ./Core/Src/main.o
                0x00000000080004ec                HAL_TIM_ErrorCallback
 .text.HAL_TIM_PWM_PulseFinishedHalfCpltCallback
                0x000000000800050c       0x1c ./Core/Src/main.o
                0x000000000800050c                HAL_TIM_PWM_PulseFinishedHalfCpltCallback
 .text.HAL_TIM_PWM_PulseFinishedCallback
                0x0000000008000528       0x20 ./Core/Src/main.o
                0x0000000008000528                HAL_TIM_PWM_PulseFinishedCallback
 .text.main     0x0000000008000548       0x50 ./Core/Src/main.o
                0x0000000008000548                main
 .text.SystemClock_Config
                0x0000000008000598       0xa0 ./Core/Src/main.o
                0x0000000008000598                SystemClock_Config
 .text.MX_USART3_UART_Init
                0x0000000008000638       0x60 ./Core/Src/main.o
                0x0000000008000638                MX_USART3_UART_Init
 .text.Error_Handler
                0x0000000008000698        0xa ./Core/Src/main.o
                0x0000000008000698                Error_Handler
 *fill*         0x00000000080006a2        0x2 
 .text.HAL_MspInit
                0x00000000080006a4       0x48 ./Core/Src/stm32l4xx_hal_msp.o
                0x00000000080006a4                HAL_MspInit
 .text.HAL_ADC_MspInit
                0x00000000080006ec      0x1dc ./Core/Src/stm32l4xx_hal_msp.o
                0x00000000080006ec                HAL_ADC_MspInit
 .text.HAL_ADC_MspDeInit
                0x00000000080008c8       0x9c ./Core/Src/stm32l4xx_hal_msp.o
                0x00000000080008c8                HAL_ADC_MspDeInit
 .text.HAL_TIM_PWM_MspInit
                0x0000000008000964      0x14c ./Core/Src/stm32l4xx_hal_msp.o
                0x0000000008000964                HAL_TIM_PWM_MspInit
 .text.HAL_TIM_Base_MspInit
                0x0000000008000ab0       0x40 ./Core/Src/stm32l4xx_hal_msp.o
                0x0000000008000ab0                HAL_TIM_Base_MspInit
 .text.HAL_TIM_PWM_MspDeInit
                0x0000000008000af0       0x70 ./Core/Src/stm32l4xx_hal_msp.o
                0x0000000008000af0                HAL_TIM_PWM_MspDeInit
 .text.HAL_UART_MspInit
                0x0000000008000b60       0xc4 ./Core/Src/stm32l4xx_hal_msp.o
                0x0000000008000b60                HAL_UART_MspInit
 .text.NMI_Handler
                0x0000000008000c24        0x6 ./Core/Src/stm32l4xx_it.o
                0x0000000008000c24                NMI_Handler
 .text.HardFault_Handler
                0x0000000008000c2a        0x6 ./Core/Src/stm32l4xx_it.o
                0x0000000008000c2a                HardFault_Handler
 .text.MemManage_Handler
                0x0000000008000c30        0x6 ./Core/Src/stm32l4xx_it.o
                0x0000000008000c30                MemManage_Handler
 .text.BusFault_Handler
                0x0000000008000c36        0x6 ./Core/Src/stm32l4xx_it.o
                0x0000000008000c36                BusFault_Handler
 .text.UsageFault_Handler
                0x0000000008000c3c        0x6 ./Core/Src/stm32l4xx_it.o
                0x0000000008000c3c                UsageFault_Handler
 .text.SVC_Handler
                0x0000000008000c42        0xe ./Core/Src/stm32l4xx_it.o
                0x0000000008000c42                SVC_Handler
 .text.DebugMon_Handler
                0x0000000008000c50        0xe ./Core/Src/stm32l4xx_it.o
                0x0000000008000c50                DebugMon_Handler
 .text.PendSV_Handler
                0x0000000008000c5e        0xe ./Core/Src/stm32l4xx_it.o
                0x0000000008000c5e                PendSV_Handler
 .text.SysTick_Handler
                0x0000000008000c6c        0xc ./Core/Src/stm32l4xx_it.o
                0x0000000008000c6c                SysTick_Handler
 .text.EXTI0_IRQHandler
                0x0000000008000c78        0xe ./Core/Src/stm32l4xx_it.o
                0x0000000008000c78                EXTI0_IRQHandler
 *fill*         0x0000000008000c86        0x2 
 .text.DMA1_Channel1_IRQHandler
                0x0000000008000c88       0x14 ./Core/Src/stm32l4xx_it.o
                0x0000000008000c88                DMA1_Channel1_IRQHandler
 .text.DMA1_Channel2_IRQHandler
                0x0000000008000c9c       0x14 ./Core/Src/stm32l4xx_it.o
                0x0000000008000c9c                DMA1_Channel2_IRQHandler
 .text.DMA1_Channel7_IRQHandler
                0x0000000008000cb0       0x14 ./Core/Src/stm32l4xx_it.o
                0x0000000008000cb0                DMA1_Channel7_IRQHandler
 .text.ADC1_2_IRQHandler
                0x0000000008000cc4       0x1c ./Core/Src/stm32l4xx_it.o
                0x0000000008000cc4                ADC1_2_IRQHandler
 .text.TIM1_UP_TIM16_IRQHandler
                0x0000000008000ce0       0x14 ./Core/Src/stm32l4xx_it.o
                0x0000000008000ce0                TIM1_UP_TIM16_IRQHandler
 .text.TIM2_IRQHandler
                0x0000000008000cf4       0x14 ./Core/Src/stm32l4xx_it.o
                0x0000000008000cf4                TIM2_IRQHandler
 .text.USART3_IRQHandler
                0x0000000008000d08       0x14 ./Core/Src/stm32l4xx_it.o
                0x0000000008000d08                USART3_IRQHandler
 .text.EXTI15_10_IRQHandler
                0x0000000008000d1c       0x18 ./Core/Src/stm32l4xx_it.o
                0x0000000008000d1c                EXTI15_10_IRQHandler
 .text._read    0x0000000008000d34       0x3a ./Core/Src/syscalls.o
                0x0000000008000d34                _read
 .text._close   0x0000000008000d6e       0x18 ./Core/Src/syscalls.o
                0x0000000008000d6e                _close
 .text._fstat   0x0000000008000d86       0x20 ./Core/Src/syscalls.o
                0x0000000008000d86                _fstat
 .text._isatty  0x0000000008000da6       0x16 ./Core/Src/syscalls.o
                0x0000000008000da6                _isatty
 .text._lseek   0x0000000008000dbc       0x1a ./Core/Src/syscalls.o
                0x0000000008000dbc                _lseek
 *fill*         0x0000000008000dd6        0x2 
 .text._sbrk    0x0000000008000dd8       0x6c ./Core/Src/sysmem.o
                0x0000000008000dd8                _sbrk
 .text.SystemInit
                0x0000000008000e44       0x24 ./Core/Src/system_stm32l4xx.o
                0x0000000008000e44                SystemInit
 .text._write   0x0000000008000e68       0x38 ./Core/Src/td_retarget.o
                0x0000000008000e68                _write
 .text.__io_putchar
                0x0000000008000ea0       0x4c ./Core/Src/td_retarget.o
                0x0000000008000ea0                __io_putchar
 .text.Reset_Handler
                0x0000000008000eec       0x50 ./Core/Startup/startup_stm32l412rbtxp.o
                0x0000000008000eec                Reset_Handler
 .text.Default_Handler
                0x0000000008000f3c        0x2 ./Core/Startup/startup_stm32l412rbtxp.o
                0x0000000008000f3c                RTC_Alarm_IRQHandler
                0x0000000008000f3c                EXTI2_IRQHandler
                0x0000000008000f3c                TIM1_CC_IRQHandler
                0x0000000008000f3c                TSC_IRQHandler
                0x0000000008000f3c                TIM6_IRQHandler
                0x0000000008000f3c                TAMP_STAMP_IRQHandler
                0x0000000008000f3c                EXTI3_IRQHandler
                0x0000000008000f3c                LPTIM2_IRQHandler
                0x0000000008000f3c                I2C3_ER_IRQHandler
                0x0000000008000f3c                I2C2_EV_IRQHandler
                0x0000000008000f3c                FPU_IRQHandler
                0x0000000008000f3c                SPI1_IRQHandler
                0x0000000008000f3c                DMA2_Channel2_IRQHandler
                0x0000000008000f3c                DMA1_Channel4_IRQHandler
                0x0000000008000f3c                DMA2_Channel1_IRQHandler
                0x0000000008000f3c                QUADSPI_IRQHandler
                0x0000000008000f3c                I2C1_EV_IRQHandler
                0x0000000008000f3c                DMA1_Channel6_IRQHandler
                0x0000000008000f3c                DMA2_Channel4_IRQHandler
                0x0000000008000f3c                RCC_IRQHandler
                0x0000000008000f3c                TIM1_TRG_COM_IRQHandler
                0x0000000008000f3c                Default_Handler
                0x0000000008000f3c                DMA2_Channel7_IRQHandler
                0x0000000008000f3c                I2C3_EV_IRQHandler
                0x0000000008000f3c                USB_IRQHandler
                0x0000000008000f3c                EXTI9_5_IRQHandler
                0x0000000008000f3c                RTC_WKUP_IRQHandler
                0x0000000008000f3c                PVD_PVM_IRQHandler
                0x0000000008000f3c                SPI2_IRQHandler
                0x0000000008000f3c                DMA2_Channel5_IRQHandler
                0x0000000008000f3c                CRS_IRQHandler
                0x0000000008000f3c                DMA1_Channel5_IRQHandler
                0x0000000008000f3c                EXTI4_IRQHandler
                0x0000000008000f3c                RNG_IRQHandler
                0x0000000008000f3c                DMA1_Channel3_IRQHandler
                0x0000000008000f3c                COMP_IRQHandler
                0x0000000008000f3c                WWDG_IRQHandler
                0x0000000008000f3c                LPUART1_IRQHandler
                0x0000000008000f3c                DMA2_Channel6_IRQHandler
                0x0000000008000f3c                EXTI1_IRQHandler
                0x0000000008000f3c                USART2_IRQHandler
                0x0000000008000f3c                I2C2_ER_IRQHandler
                0x0000000008000f3c                FLASH_IRQHandler
                0x0000000008000f3c                USART1_IRQHandler
                0x0000000008000f3c                I2C1_ER_IRQHandler
                0x0000000008000f3c                LPTIM1_IRQHandler
                0x0000000008000f3c                DMA2_Channel3_IRQHandler
                0x0000000008000f3c                TIM1_BRK_TIM15_IRQHandler
 *fill*         0x0000000008000f3e        0x2 
 .text.HAL_Init
                0x0000000008000f40       0x40 ./Drivers/STM32L4xx_HAL_Driver/Src/stm32l4xx_hal.o
                0x0000000008000f40                HAL_Init
 .text.HAL_InitTick
                0x0000000008000f80       0x78 ./Drivers/STM32L4xx_HAL_Driver/Src/stm32l4xx_hal.o
                0x0000000008000f80                HAL_InitTick
 .text.HAL_IncTick
                0x0000000008000ff8       0x28 ./Drivers/STM32L4xx_HAL_Driver/Src/stm32l4xx_hal.o
                0x0000000008000ff8                HAL_IncTick
 .text.HAL_GetTick
                0x0000000008001020       0x18 ./Drivers/STM32L4xx_HAL_Driver/Src/stm32l4xx_hal.o
                0x0000000008001020                HAL_GetTick
 .text.LL_ADC_SetCommonClock
                0x0000000008001038       0x26 ./Drivers/STM32L4xx_HAL_Driver/Src/stm32l4xx_hal_adc.o
 .text.LL_ADC_SetCommonPathInternalCh
                0x000000000800105e       0x26 ./Drivers/STM32L4xx_HAL_Driver/Src/stm32l4xx_hal_adc.o
 .text.LL_ADC_GetCommonPathInternalCh
                0x0000000008001084       0x1c ./Drivers/STM32L4xx_HAL_Driver/Src/stm32l4xx_hal_adc.o
 .text.LL_ADC_SetOffset
                0x00000000080010a0       0x48 ./Drivers/STM32L4xx_HAL_Driver/Src/stm32l4xx_hal_adc.o
 .text.LL_ADC_GetOffsetChannel
                0x00000000080010e8       0x2c ./Drivers/STM32L4xx_HAL_Driver/Src/stm32l4xx_hal_adc.o
 .text.LL_ADC_SetOffsetState
                0x0000000008001114       0x36 ./Drivers/STM32L4xx_HAL_Driver/Src/stm32l4xx_hal_adc.o
 .text.LL_ADC_SetSamplingTimeCommonConfig
                0x000000000800114a       0x26 ./Drivers/STM32L4xx_HAL_Driver/Src/stm32l4xx_hal_adc.o
 .text.LL_ADC_REG_IsTriggerSourceSWStart
                0x0000000008001170       0x26 ./Drivers/STM32L4xx_HAL_Driver/Src/stm32l4xx_hal_adc.o
 .text.LL_ADC_REG_SetSequencerRanks
                0x0000000008001196       0x58 ./Drivers/STM32L4xx_HAL_Driver/Src/stm32l4xx_hal_adc.o
 .text.LL_ADC_INJ_IsTriggerSourceSWStart
                0x00000000080011ee       0x26 ./Drivers/STM32L4xx_HAL_Driver/Src/stm32l4xx_hal_adc.o
 .text.LL_ADC_SetChannelSamplingTime
                0x0000000008001214       0x56 ./Drivers/STM32L4xx_HAL_Driver/Src/stm32l4xx_hal_adc.o
 *fill*         0x000000000800126a        0x2 
 .text.LL_ADC_SetChannelSingleDiff
                0x000000000800126c       0x48 ./Drivers/STM32L4xx_HAL_Driver/Src/stm32l4xx_hal_adc.o
 .text.LL_ADC_SetAnalogWDMonitChannels
                0x00000000080012b4       0x5a ./Drivers/STM32L4xx_HAL_Driver/Src/stm32l4xx_hal_adc.o
 .text.LL_ADC_ConfigAnalogWDThresholds
                0x000000000800130e       0x44 ./Drivers/STM32L4xx_HAL_Driver/Src/stm32l4xx_hal_adc.o
 .text.LL_ADC_GetMultimode
                0x0000000008001352       0x1c ./Drivers/STM32L4xx_HAL_Driver/Src/stm32l4xx_hal_adc.o
 .text.LL_ADC_GetMultiDMATransfer
                0x000000000800136e       0x1c ./Drivers/STM32L4xx_HAL_Driver/Src/stm32l4xx_hal_adc.o
 .text.LL_ADC_DisableDeepPowerDown
                0x000000000800138a       0x24 ./Drivers/STM32L4xx_HAL_Driver/Src/stm32l4xx_hal_adc.o
 .text.LL_ADC_IsDeepPowerDownEnabled
                0x00000000080013ae       0x28 ./Drivers/STM32L4xx_HAL_Driver/Src/stm32l4xx_hal_adc.o
 .text.LL_ADC_EnableInternalRegulator
                0x00000000080013d6       0x28 ./Drivers/STM32L4xx_HAL_Driver/Src/stm32l4xx_hal_adc.o
 .text.LL_ADC_IsInternalRegulatorEnabled
                0x00000000080013fe       0x28 ./Drivers/STM32L4xx_HAL_Driver/Src/stm32l4xx_hal_adc.o
 .text.LL_ADC_Enable
                0x0000000008001426       0x28 ./Drivers/STM32L4xx_HAL_Driver/Src/stm32l4xx_hal_adc.o
 .text.LL_ADC_Disable
                0x000000000800144e       0x28 ./Drivers/STM32L4xx_HAL_Driver/Src/stm32l4xx_hal_adc.o
 .text.LL_ADC_IsEnabled
                0x0000000008001476       0x26 ./Drivers/STM32L4xx_HAL_Driver/Src/stm32l4xx_hal_adc.o
 .text.LL_ADC_IsDisableOngoing
                0x000000000800149c       0x26 ./Drivers/STM32L4xx_HAL_Driver/Src/stm32l4xx_hal_adc.o
 .text.LL_ADC_REG_StartConversion
                0x00000000080014c2       0x28 ./Drivers/STM32L4xx_HAL_Driver/Src/stm32l4xx_hal_adc.o
 .text.LL_ADC_REG_StopConversion
                0x00000000080014ea       0x28 ./Drivers/STM32L4xx_HAL_Driver/Src/stm32l4xx_hal_adc.o
 .text.LL_ADC_REG_IsConversionOngoing
                0x0000000008001512       0x26 ./Drivers/STM32L4xx_HAL_Driver/Src/stm32l4xx_hal_adc.o
 .text.LL_ADC_INJ_StopConversion
                0x0000000008001538       0x28 ./Drivers/STM32L4xx_HAL_Driver/Src/stm32l4xx_hal_adc.o
 .text.LL_ADC_INJ_IsConversionOngoing
                0x0000000008001560       0x26 ./Drivers/STM32L4xx_HAL_Driver/Src/stm32l4xx_hal_adc.o
 .text.LL_ADC_ClearFlag_AWD1
                0x0000000008001586       0x1a ./Drivers/STM32L4xx_HAL_Driver/Src/stm32l4xx_hal_adc.o
 .text.LL_ADC_ClearFlag_AWD2
                0x00000000080015a0       0x1c ./Drivers/STM32L4xx_HAL_Driver/Src/stm32l4xx_hal_adc.o
 .text.LL_ADC_ClearFlag_AWD3
                0x00000000080015bc       0x1c ./Drivers/STM32L4xx_HAL_Driver/Src/stm32l4xx_hal_adc.o
 .text.LL_ADC_EnableIT_AWD1
                0x00000000080015d8       0x20 ./Drivers/STM32L4xx_HAL_Driver/Src/stm32l4xx_hal_adc.o
 .text.LL_ADC_EnableIT_AWD2
                0x00000000080015f8       0x20 ./Drivers/STM32L4xx_HAL_Driver/Src/stm32l4xx_hal_adc.o
 .text.LL_ADC_EnableIT_AWD3
                0x0000000008001618       0x20 ./Drivers/STM32L4xx_HAL_Driver/Src/stm32l4xx_hal_adc.o
 .text.LL_ADC_DisableIT_AWD1
                0x0000000008001638       0x20 ./Drivers/STM32L4xx_HAL_Driver/Src/stm32l4xx_hal_adc.o
 .text.LL_ADC_DisableIT_AWD2
                0x0000000008001658       0x20 ./Drivers/STM32L4xx_HAL_Driver/Src/stm32l4xx_hal_adc.o
 .text.LL_ADC_DisableIT_AWD3
                0x0000000008001678       0x20 ./Drivers/STM32L4xx_HAL_Driver/Src/stm32l4xx_hal_adc.o
 .text.HAL_ADC_Init
                0x0000000008001698      0x2a0 ./Drivers/STM32L4xx_HAL_Driver/Src/stm32l4xx_hal_adc.o
                0x0000000008001698                HAL_ADC_Init
 .text.HAL_ADC_DeInit
                0x0000000008001938      0x260 ./Drivers/STM32L4xx_HAL_Driver/Src/stm32l4xx_hal_adc.o
                0x0000000008001938                HAL_ADC_DeInit
 .text.HAL_ADC_Start_DMA
                0x0000000008001b98      0x168 ./Drivers/STM32L4xx_HAL_Driver/Src/stm32l4xx_hal_adc.o
                0x0000000008001b98                HAL_ADC_Start_DMA
 .text.HAL_ADC_Stop_DMA
                0x0000000008001d00       0xc2 ./Drivers/STM32L4xx_HAL_Driver/Src/stm32l4xx_hal_adc.o
                0x0000000008001d00                HAL_ADC_Stop_DMA
 *fill*         0x0000000008001dc2        0x2 
 .text.HAL_ADC_IRQHandler
                0x0000000008001dc4      0x434 ./Drivers/STM32L4xx_HAL_Driver/Src/stm32l4xx_hal_adc.o
                0x0000000008001dc4                HAL_ADC_IRQHandler
 .text.HAL_ADC_ConvCpltCallback
                0x00000000080021f8       0x14 ./Drivers/STM32L4xx_HAL_Driver/Src/stm32l4xx_hal_adc.o
                0x00000000080021f8                HAL_ADC_ConvCpltCallback
 .text.HAL_ADC_ConvHalfCpltCallback
                0x000000000800220c       0x14 ./Drivers/STM32L4xx_HAL_Driver/Src/stm32l4xx_hal_adc.o
                0x000000000800220c                HAL_ADC_ConvHalfCpltCallback
 .text.HAL_ADC_LevelOutOfWindowCallback
                0x0000000008002220       0x14 ./Drivers/STM32L4xx_HAL_Driver/Src/stm32l4xx_hal_adc.o
                0x0000000008002220                HAL_ADC_LevelOutOfWindowCallback
 .text.HAL_ADC_ErrorCallback
                0x0000000008002234       0x14 ./Drivers/STM32L4xx_HAL_Driver/Src/stm32l4xx_hal_adc.o
                0x0000000008002234                HAL_ADC_ErrorCallback
 .text.HAL_ADC_ConfigChannel
                0x0000000008002248      0x7f8 ./Drivers/STM32L4xx_HAL_Driver/Src/stm32l4xx_hal_adc.o
                0x0000000008002248                HAL_ADC_ConfigChannel
 .text.HAL_ADC_AnalogWDGConfig
                0x0000000008002a40      0x418 ./Drivers/STM32L4xx_HAL_Driver/Src/stm32l4xx_hal_adc.o
                0x0000000008002a40                HAL_ADC_AnalogWDGConfig
 .text.ADC_ConversionStop
                0x0000000008002e58      0x178 ./Drivers/STM32L4xx_HAL_Driver/Src/stm32l4xx_hal_adc.o
                0x0000000008002e58                ADC_ConversionStop
 .text.ADC_Enable
                0x0000000008002fd0      0x10c ./Drivers/STM32L4xx_HAL_Driver/Src/stm32l4xx_hal_adc.o
                0x0000000008002fd0                ADC_Enable
 .text.ADC_Disable
                0x00000000080030dc       0xbe ./Drivers/STM32L4xx_HAL_Driver/Src/stm32l4xx_hal_adc.o
                0x00000000080030dc                ADC_Disable
 .text.ADC_DMAConvCplt
                0x000000000800319a       0xd8 ./Drivers/STM32L4xx_HAL_Driver/Src/stm32l4xx_hal_adc.o
                0x000000000800319a                ADC_DMAConvCplt
 .text.ADC_DMAHalfConvCplt
                0x0000000008003272       0x1c ./Drivers/STM32L4xx_HAL_Driver/Src/stm32l4xx_hal_adc.o
                0x0000000008003272                ADC_DMAHalfConvCplt
 .text.ADC_DMAError
                0x000000000800328e       0x34 ./Drivers/STM32L4xx_HAL_Driver/Src/stm32l4xx_hal_adc.o
                0x000000000800328e                ADC_DMAError
 .text.LL_ADC_IsEnabled
                0x00000000080032c2       0x26 ./Drivers/STM32L4xx_HAL_Driver/Src/stm32l4xx_hal_adc_ex.o
 .text.LL_ADC_REG_IsConversionOngoing
                0x00000000080032e8       0x26 ./Drivers/STM32L4xx_HAL_Driver/Src/stm32l4xx_hal_adc_ex.o
 .text.HAL_ADCEx_InjectedConvCpltCallback
                0x000000000800330e       0x14 ./Drivers/STM32L4xx_HAL_Driver/Src/stm32l4xx_hal_adc_ex.o
                0x000000000800330e                HAL_ADCEx_InjectedConvCpltCallback
 .text.HAL_ADCEx_InjectedQueueOverflowCallback
                0x0000000008003322       0x14 ./Drivers/STM32L4xx_HAL_Driver/Src/stm32l4xx_hal_adc_ex.o
                0x0000000008003322                HAL_ADCEx_InjectedQueueOverflowCallback
 .text.HAL_ADCEx_LevelOutOfWindow2Callback
                0x0000000008003336       0x14 ./Drivers/STM32L4xx_HAL_Driver/Src/stm32l4xx_hal_adc_ex.o
                0x0000000008003336                HAL_ADCEx_LevelOutOfWindow2Callback
 .text.HAL_ADCEx_LevelOutOfWindow3Callback
                0x000000000800334a       0x14 ./Drivers/STM32L4xx_HAL_Driver/Src/stm32l4xx_hal_adc_ex.o
                0x000000000800334a                HAL_ADCEx_LevelOutOfWindow3Callback
 .text.HAL_ADCEx_EndOfSamplingCallback
                0x000000000800335e       0x14 ./Drivers/STM32L4xx_HAL_Driver/Src/stm32l4xx_hal_adc_ex.o
                0x000000000800335e                HAL_ADCEx_EndOfSamplingCallback
 *fill*         0x0000000008003372        0x2 
 .text.HAL_ADCEx_MultiModeConfigChannel
                0x0000000008003374      0x148 ./Drivers/STM32L4xx_HAL_Driver/Src/stm32l4xx_hal_adc_ex.o
                0x0000000008003374                HAL_ADCEx_MultiModeConfigChannel
 .text.__NVIC_SetPriorityGrouping
                0x00000000080034bc       0x48 ./Drivers/STM32L4xx_HAL_Driver/Src/stm32l4xx_hal_cortex.o
 .text.__NVIC_GetPriorityGrouping
                0x0000000008003504       0x1c ./Drivers/STM32L4xx_HAL_Driver/Src/stm32l4xx_hal_cortex.o
 .text.__NVIC_EnableIRQ
                0x0000000008003520       0x3c ./Drivers/STM32L4xx_HAL_Driver/Src/stm32l4xx_hal_cortex.o
 .text.__NVIC_DisableIRQ
                0x000000000800355c       0x48 ./Drivers/STM32L4xx_HAL_Driver/Src/stm32l4xx_hal_cortex.o
 .text.__NVIC_SetPriority
                0x00000000080035a4       0x54 ./Drivers/STM32L4xx_HAL_Driver/Src/stm32l4xx_hal_cortex.o
 .text.NVIC_EncodePriority
                0x00000000080035f8       0x66 ./Drivers/STM32L4xx_HAL_Driver/Src/stm32l4xx_hal_cortex.o
 *fill*         0x000000000800365e        0x2 
 .text.SysTick_Config
                0x0000000008003660       0x44 ./Drivers/STM32L4xx_HAL_Driver/Src/stm32l4xx_hal_cortex.o
 .text.HAL_NVIC_SetPriorityGrouping
                0x00000000080036a4       0x16 ./Drivers/STM32L4xx_HAL_Driver/Src/stm32l4xx_hal_cortex.o
                0x00000000080036a4                HAL_NVIC_SetPriorityGrouping
 .text.HAL_NVIC_SetPriority
                0x00000000080036ba       0x38 ./Drivers/STM32L4xx_HAL_Driver/Src/stm32l4xx_hal_cortex.o
                0x00000000080036ba                HAL_NVIC_SetPriority
 .text.HAL_NVIC_EnableIRQ
                0x00000000080036f2       0x1c ./Drivers/STM32L4xx_HAL_Driver/Src/stm32l4xx_hal_cortex.o
                0x00000000080036f2                HAL_NVIC_EnableIRQ
 .text.HAL_NVIC_DisableIRQ
                0x000000000800370e       0x1c ./Drivers/STM32L4xx_HAL_Driver/Src/stm32l4xx_hal_cortex.o
                0x000000000800370e                HAL_NVIC_DisableIRQ
 .text.HAL_SYSTICK_Config
                0x000000000800372a       0x18 ./Drivers/STM32L4xx_HAL_Driver/Src/stm32l4xx_hal_cortex.o
                0x000000000800372a                HAL_SYSTICK_Config
 *fill*         0x0000000008003742        0x2 
 .text.HAL_DMA_Init
                0x0000000008003744      0x170 ./Drivers/STM32L4xx_HAL_Driver/Src/stm32l4xx_hal_dma.o
                0x0000000008003744                HAL_DMA_Init
 .text.HAL_DMA_DeInit
                0x00000000080038b4      0x124 ./Drivers/STM32L4xx_HAL_Driver/Src/stm32l4xx_hal_dma.o
                0x00000000080038b4                HAL_DMA_DeInit
 .text.HAL_DMA_Start_IT
                0x00000000080039d8       0xc0 ./Drivers/STM32L4xx_HAL_Driver/Src/stm32l4xx_hal_dma.o
                0x00000000080039d8                HAL_DMA_Start_IT
 .text.HAL_DMA_Abort
                0x0000000008003a98       0x7c ./Drivers/STM32L4xx_HAL_Driver/Src/stm32l4xx_hal_dma.o
                0x0000000008003a98                HAL_DMA_Abort
 .text.HAL_DMA_Abort_IT
                0x0000000008003b14       0x82 ./Drivers/STM32L4xx_HAL_Driver/Src/stm32l4xx_hal_dma.o
                0x0000000008003b14                HAL_DMA_Abort_IT
 .text.HAL_DMA_IRQHandler
                0x0000000008003b96      0x15e ./Drivers/STM32L4xx_HAL_Driver/Src/stm32l4xx_hal_dma.o
                0x0000000008003b96                HAL_DMA_IRQHandler
 .text.DMA_SetConfig
                0x0000000008003cf4       0x60 ./Drivers/STM32L4xx_HAL_Driver/Src/stm32l4xx_hal_dma.o
 .text.HAL_GPIO_Init
                0x0000000008003d54      0x2e4 ./Drivers/STM32L4xx_HAL_Driver/Src/stm32l4xx_hal_gpio.o
                0x0000000008003d54                HAL_GPIO_Init
 .text.HAL_GPIO_DeInit
                0x0000000008004038      0x1a4 ./Drivers/STM32L4xx_HAL_Driver/Src/stm32l4xx_hal_gpio.o
                0x0000000008004038                HAL_GPIO_DeInit
 .text.HAL_GPIO_ReadPin
                0x00000000080041dc       0x30 ./Drivers/STM32L4xx_HAL_Driver/Src/stm32l4xx_hal_gpio.o
                0x00000000080041dc                HAL_GPIO_ReadPin
 .text.HAL_GPIO_WritePin
                0x000000000800420c       0x30 ./Drivers/STM32L4xx_HAL_Driver/Src/stm32l4xx_hal_gpio.o
                0x000000000800420c                HAL_GPIO_WritePin
 .text.HAL_GPIO_EXTI_IRQHandler
                0x000000000800423c       0x30 ./Drivers/STM32L4xx_HAL_Driver/Src/stm32l4xx_hal_gpio.o
                0x000000000800423c                HAL_GPIO_EXTI_IRQHandler
 .text.HAL_PWREx_GetVoltageRange
                0x000000000800426c       0x1c ./Drivers/STM32L4xx_HAL_Driver/Src/stm32l4xx_hal_pwr_ex.o
                0x000000000800426c                HAL_PWREx_GetVoltageRange
 .text.HAL_PWREx_ControlVoltageScaling
                0x0000000008004288       0xac ./Drivers/STM32L4xx_HAL_Driver/Src/stm32l4xx_hal_pwr_ex.o
                0x0000000008004288                HAL_PWREx_ControlVoltageScaling
 .text.HAL_RCC_OscConfig
                0x0000000008004334      0x8c4 ./Drivers/STM32L4xx_HAL_Driver/Src/stm32l4xx_hal_rcc.o
                0x0000000008004334                HAL_RCC_OscConfig
 .text.HAL_RCC_ClockConfig
                0x0000000008004bf8      0x200 ./Drivers/STM32L4xx_HAL_Driver/Src/stm32l4xx_hal_rcc.o
                0x0000000008004bf8                HAL_RCC_ClockConfig
 .text.HAL_RCC_GetSysClockFreq
                0x0000000008004df8      0x118 ./Drivers/STM32L4xx_HAL_Driver/Src/stm32l4xx_hal_rcc.o
                0x0000000008004df8                HAL_RCC_GetSysClockFreq
 .text.HAL_RCC_GetHCLKFreq
                0x0000000008004f10       0x18 ./Drivers/STM32L4xx_HAL_Driver/Src/stm32l4xx_hal_rcc.o
                0x0000000008004f10                HAL_RCC_GetHCLKFreq
 .text.HAL_RCC_GetPCLK1Freq
                0x0000000008004f28       0x2c ./Drivers/STM32L4xx_HAL_Driver/Src/stm32l4xx_hal_rcc.o
                0x0000000008004f28                HAL_RCC_GetPCLK1Freq
 .text.HAL_RCC_GetPCLK2Freq
                0x0000000008004f54       0x2c ./Drivers/STM32L4xx_HAL_Driver/Src/stm32l4xx_hal_rcc.o
                0x0000000008004f54                HAL_RCC_GetPCLK2Freq
 .text.RCC_SetFlashLatencyFromMSIRange
                0x0000000008004f80       0xc0 ./Drivers/STM32L4xx_HAL_Driver/Src/stm32l4xx_hal_rcc.o
 .text.HAL_RCCEx_PeriphCLKConfig
                0x0000000008005040      0x30c ./Drivers/STM32L4xx_HAL_Driver/Src/stm32l4xx_hal_rcc_ex.o
                0x0000000008005040                HAL_RCCEx_PeriphCLKConfig
 .text.HAL_TIM_Base_Init
                0x000000000800534c       0xae ./Drivers/STM32L4xx_HAL_Driver/Src/stm32l4xx_hal_tim.o
                0x000000000800534c                HAL_TIM_Base_Init
 .text.HAL_TIM_Base_Stop
                0x00000000080053fa       0x4e ./Drivers/STM32L4xx_HAL_Driver/Src/stm32l4xx_hal_tim.o
                0x00000000080053fa                HAL_TIM_Base_Stop
 .text.HAL_TIM_Base_Start_IT
                0x0000000008005448       0xa8 ./Drivers/STM32L4xx_HAL_Driver/Src/stm32l4xx_hal_tim.o
                0x0000000008005448                HAL_TIM_Base_Start_IT
 .text.HAL_TIM_Base_Stop_IT
                0x00000000080054f0       0x5e ./Drivers/STM32L4xx_HAL_Driver/Src/stm32l4xx_hal_tim.o
                0x00000000080054f0                HAL_TIM_Base_Stop_IT
 .text.HAL_TIM_OC_Init
                0x000000000800554e       0xae ./Drivers/STM32L4xx_HAL_Driver/Src/stm32l4xx_hal_tim.o
                0x000000000800554e                HAL_TIM_OC_Init
 .text.HAL_TIM_OC_MspInit
                0x00000000080055fc       0x14 ./Drivers/STM32L4xx_HAL_Driver/Src/stm32l4xx_hal_tim.o
                0x00000000080055fc                HAL_TIM_OC_MspInit
 .text.HAL_TIM_OC_Start_DMA
                0x0000000008005610      0x3f0 ./Drivers/STM32L4xx_HAL_Driver/Src/stm32l4xx_hal_tim.o
                0x0000000008005610                HAL_TIM_OC_Start_DMA
 .text.HAL_TIM_OC_Stop_DMA
                0x0000000008005a00      0x1d0 ./Drivers/STM32L4xx_HAL_Driver/Src/stm32l4xx_hal_tim.o
                0x0000000008005a00                HAL_TIM_OC_Stop_DMA
 .text.HAL_TIM_PWM_Init
                0x0000000008005bd0       0xae ./Drivers/STM32L4xx_HAL_Driver/Src/stm32l4xx_hal_tim.o
                0x0000000008005bd0                HAL_TIM_PWM_Init
 .text.HAL_TIM_PWM_DeInit
                0x0000000008005c7e       0xb8 ./Drivers/STM32L4xx_HAL_Driver/Src/stm32l4xx_hal_tim.o
                0x0000000008005c7e                HAL_TIM_PWM_DeInit
 *fill*         0x0000000008005d36        0x2 
 .text.HAL_TIM_PWM_Start
                0x0000000008005d38      0x1bc ./Drivers/STM32L4xx_HAL_Driver/Src/stm32l4xx_hal_tim.o
                0x0000000008005d38                HAL_TIM_PWM_Start
 .text.HAL_TIM_PWM_Stop
                0x0000000008005ef4      0x110 ./Drivers/STM32L4xx_HAL_Driver/Src/stm32l4xx_hal_tim.o
                0x0000000008005ef4                HAL_TIM_PWM_Stop
 .text.HAL_TIM_IRQHandler
                0x0000000008006004      0x23e ./Drivers/STM32L4xx_HAL_Driver/Src/stm32l4xx_hal_tim.o
                0x0000000008006004                HAL_TIM_IRQHandler
 *fill*         0x0000000008006242        0x2 
 .text.HAL_TIM_OC_ConfigChannel
                0x0000000008006244       0xf4 ./Drivers/STM32L4xx_HAL_Driver/Src/stm32l4xx_hal_tim.o
                0x0000000008006244                HAL_TIM_OC_ConfigChannel
 .text.HAL_TIM_PWM_ConfigChannel
                0x0000000008006338      0x228 ./Drivers/STM32L4xx_HAL_Driver/Src/stm32l4xx_hal_tim.o
                0x0000000008006338                HAL_TIM_PWM_ConfigChannel
 .text.HAL_TIM_GenerateEvent
                0x0000000008006560       0x4e ./Drivers/STM32L4xx_HAL_Driver/Src/stm32l4xx_hal_tim.o
                0x0000000008006560                HAL_TIM_GenerateEvent
 .text.HAL_TIM_PeriodElapsedCallback
                0x00000000080065ae       0x14 ./Drivers/STM32L4xx_HAL_Driver/Src/stm32l4xx_hal_tim.o
                0x00000000080065ae                HAL_TIM_PeriodElapsedCallback
 .text.HAL_TIM_OC_DelayElapsedCallback
                0x00000000080065c2       0x14 ./Drivers/STM32L4xx_HAL_Driver/Src/stm32l4xx_hal_tim.o
                0x00000000080065c2                HAL_TIM_OC_DelayElapsedCallback
 .text.HAL_TIM_IC_CaptureCallback
                0x00000000080065d6       0x14 ./Drivers/STM32L4xx_HAL_Driver/Src/stm32l4xx_hal_tim.o
                0x00000000080065d6                HAL_TIM_IC_CaptureCallback
 .text.HAL_TIM_TriggerCallback
                0x00000000080065ea       0x14 ./Drivers/STM32L4xx_HAL_Driver/Src/stm32l4xx_hal_tim.o
                0x00000000080065ea                HAL_TIM_TriggerCallback
 .text.TIM_DMAError
                0x00000000080065fe       0x92 ./Drivers/STM32L4xx_HAL_Driver/Src/stm32l4xx_hal_tim.o
                0x00000000080065fe                TIM_DMAError
 .text.TIM_DMADelayPulseCplt
                0x0000000008006690       0xa8 ./Drivers/STM32L4xx_HAL_Driver/Src/stm32l4xx_hal_tim.o
 .text.TIM_DMADelayPulseHalfCplt
                0x0000000008006738       0x68 ./Drivers/STM32L4xx_HAL_Driver/Src/stm32l4xx_hal_tim.o
                0x0000000008006738                TIM_DMADelayPulseHalfCplt
 .text.TIM_Base_SetConfig
                0x00000000080067a0       0xc8 ./Drivers/STM32L4xx_HAL_Driver/Src/stm32l4xx_hal_tim.o
                0x00000000080067a0                TIM_Base_SetConfig
 .text.TIM_OC1_SetConfig
                0x0000000008006868       0xf8 ./Drivers/STM32L4xx_HAL_Driver/Src/stm32l4xx_hal_tim.o
 .text.TIM_OC2_SetConfig
                0x0000000008006960       0xf4 ./Drivers/STM32L4xx_HAL_Driver/Src/stm32l4xx_hal_tim.o
                0x0000000008006960                TIM_OC2_SetConfig
 .text.TIM_OC3_SetConfig
                0x0000000008006a54       0xf0 ./Drivers/STM32L4xx_HAL_Driver/Src/stm32l4xx_hal_tim.o
 .text.TIM_OC4_SetConfig
                0x0000000008006b44       0xbc ./Drivers/STM32L4xx_HAL_Driver/Src/stm32l4xx_hal_tim.o
 .text.TIM_OC5_SetConfig
                0x0000000008006c00       0xb0 ./Drivers/STM32L4xx_HAL_Driver/Src/stm32l4xx_hal_tim.o
 .text.TIM_OC6_SetConfig
                0x0000000008006cb0       0xb4 ./Drivers/STM32L4xx_HAL_Driver/Src/stm32l4xx_hal_tim.o
 .text.TIM_CCxChannelCmd
                0x0000000008006d64       0x4a ./Drivers/STM32L4xx_HAL_Driver/Src/stm32l4xx_hal_tim.o
                0x0000000008006d64                TIM_CCxChannelCmd
 *fill*         0x0000000008006dae        0x2 
 .text.HAL_TIMEx_MasterConfigSynchronization
                0x0000000008006db0       0xcc ./Drivers/STM32L4xx_HAL_Driver/Src/stm32l4xx_hal_tim_ex.o
                0x0000000008006db0                HAL_TIMEx_MasterConfigSynchronization
 .text.HAL_TIMEx_ConfigBreakDeadTime
                0x0000000008006e7c       0xf0 ./Drivers/STM32L4xx_HAL_Driver/Src/stm32l4xx_hal_tim_ex.o
                0x0000000008006e7c                HAL_TIMEx_ConfigBreakDeadTime
 .text.HAL_TIMEx_CommutCallback
                0x0000000008006f6c       0x14 ./Drivers/STM32L4xx_HAL_Driver/Src/stm32l4xx_hal_tim_ex.o
                0x0000000008006f6c                HAL_TIMEx_CommutCallback
 .text.HAL_TIMEx_BreakCallback
                0x0000000008006f80       0x14 ./Drivers/STM32L4xx_HAL_Driver/Src/stm32l4xx_hal_tim_ex.o
                0x0000000008006f80                HAL_TIMEx_BreakCallback
 .text.HAL_TIMEx_Break2Callback
                0x0000000008006f94       0x14 ./Drivers/STM32L4xx_HAL_Driver/Src/stm32l4xx_hal_tim_ex.o
                0x0000000008006f94                HAL_TIMEx_Break2Callback
 .text.HAL_UART_Init
                0x0000000008006fa8       0x9c ./Drivers/STM32L4xx_HAL_Driver/Src/stm32l4xx_hal_uart.o
                0x0000000008006fa8                HAL_UART_Init
 .text.HAL_UART_IRQHandler
                0x0000000008007044      0x5c4 ./Drivers/STM32L4xx_HAL_Driver/Src/stm32l4xx_hal_uart.o
                0x0000000008007044                HAL_UART_IRQHandler
 .text.HAL_UART_TxCpltCallback
                0x0000000008007608       0x14 ./Drivers/STM32L4xx_HAL_Driver/Src/stm32l4xx_hal_uart.o
                0x0000000008007608                HAL_UART_TxCpltCallback
 .text.HAL_UART_ErrorCallback
                0x000000000800761c       0x14 ./Drivers/STM32L4xx_HAL_Driver/Src/stm32l4xx_hal_uart.o
                0x000000000800761c                HAL_UART_ErrorCallback
 .text.HAL_UARTEx_RxEventCallback
                0x0000000008007630       0x18 ./Drivers/STM32L4xx_HAL_Driver/Src/stm32l4xx_hal_uart.o
                0x0000000008007630                HAL_UARTEx_RxEventCallback
 .text.UART_SetConfig
                0x0000000008007648      0x4b4 ./Drivers/STM32L4xx_HAL_Driver/Src/stm32l4xx_hal_uart.o
                0x0000000008007648                UART_SetConfig
 .text.UART_AdvFeatureConfig
                0x0000000008007afc      0x144 ./Drivers/STM32L4xx_HAL_Driver/Src/stm32l4xx_hal_uart.o
                0x0000000008007afc                UART_AdvFeatureConfig
 .text.UART_CheckIdleState
                0x0000000008007c40       0x92 ./Drivers/STM32L4xx_HAL_Driver/Src/stm32l4xx_hal_uart.o
                0x0000000008007c40                UART_CheckIdleState
 .text.UART_WaitOnFlagUntilTimeout
                0x0000000008007cd2      0x188 ./Drivers/STM32L4xx_HAL_Driver/Src/stm32l4xx_hal_uart.o
                0x0000000008007cd2                UART_WaitOnFlagUntilTimeout
 .text.UART_EndRxTransfer
                0x0000000008007e5a       0xc6 ./Drivers/STM32L4xx_HAL_Driver/Src/stm32l4xx_hal_uart.o
 .text.UART_DMAAbortOnError
                0x0000000008007f20       0x2c ./Drivers/STM32L4xx_HAL_Driver/Src/stm32l4xx_hal_uart.o
 .text.UART_EndTransmit_IT
                0x0000000008007f4c       0x54 ./Drivers/STM32L4xx_HAL_Driver/Src/stm32l4xx_hal_uart.o
 .text.HAL_UARTEx_WakeupCallback
                0x0000000008007fa0       0x14 ./Drivers/STM32L4xx_HAL_Driver/Src/stm32l4xx_hal_uart_ex.o
                0x0000000008007fa0                HAL_UARTEx_WakeupCallback
 .text.stimLib_stimInit
                0x0000000008007fb4       0x28 C:\Users\eidos\GitHub\Allears_EV_KIT\allears_EVK_TEST\Core\StimLib\liballear_evk_lib_release.a(stim_lib.o)
                0x0000000008007fb4                stimLib_stimInit
 .text.stimLib_stimSignalConfig
                0x0000000008007fdc       0x28 C:\Users\eidos\GitHub\Allears_EV_KIT\allears_EVK_TEST\Core\StimLib\liballear_evk_lib_release.a(stim_lib.o)
                0x0000000008007fdc                stimLib_stimSignalConfig
 .text.stimLib_stimTriggerConfig
                0x0000000008008004       0x28 C:\Users\eidos\GitHub\Allears_EV_KIT\allears_EVK_TEST\Core\StimLib\liballear_evk_lib_release.a(stim_lib.o)
                0x0000000008008004                stimLib_stimTriggerConfig
 .text.stimLib_stimSessionStart
                0x000000000800802c       0x40 C:\Users\eidos\GitHub\Allears_EV_KIT\allears_EVK_TEST\Core\StimLib\liballear_evk_lib_release.a(stim_lib.o)
                0x000000000800802c                stimLib_stimSessionStart
 .text.stimLib_stimStart
                0x000000000800806c       0x1c C:\Users\eidos\GitHub\Allears_EV_KIT\allears_EVK_TEST\Core\StimLib\liballear_evk_lib_release.a(stim_lib.o)
                0x000000000800806c                stimLib_stimStart
 .text.stimLib_chkSystem
                0x0000000008008088        0x4 C:\Users\eidos\GitHub\Allears_EV_KIT\allears_EVK_TEST\Core\StimLib\liballear_evk_lib_release.a(stim_lib_common.o)
                0x0000000008008088                stimLib_chkSystem
 .text.stimLib_errorHandle
                0x000000000800808c       0x24 C:\Users\eidos\GitHub\Allears_EV_KIT\allears_EVK_TEST\Core\StimLib\liballear_evk_lib_release.a(stim_lib_error.o)
                0x000000000800808c                stimLib_errorHandle
 .text.stimLib_initResrc
                0x00000000080080b0      0x100 C:\Users\eidos\GitHub\Allears_EV_KIT\allears_EVK_TEST\Core\StimLib\liballear_evk_lib_release.a(stim_lib_init.o)
                0x00000000080080b0                stimLib_initResrc
 .text.stimLib_trgInput_callback
                0x00000000080081b0       0x58 C:\Users\eidos\GitHub\Allears_EV_KIT\allears_EVK_TEST\Core\StimLib\liballear_evk_lib_release.a(stim_lib_st_inc.o)
                0x00000000080081b0                stimLib_trgInput_callback
 .text.stimLib_timError_callback
                0x0000000008008208        0x4 C:\Users\eidos\GitHub\Allears_EV_KIT\allears_EVK_TEST\Core\StimLib\liballear_evk_lib_release.a(stim_lib_st_inc.o)
                0x0000000008008208                stimLib_timError_callback
 .text.stimLib_timPwmPluseFinished_callback
                0x000000000800820c        0xe C:\Users\eidos\GitHub\Allears_EV_KIT\allears_EVK_TEST\Core\StimLib\liballear_evk_lib_release.a(stim_lib_st_inc.o)
                0x000000000800820c                stimLib_timPwmPluseFinished_callback
 *fill*         0x000000000800821a        0x2 
 .text.stimLib_stimStopDelayRaw
                0x000000000800821c       0x4c C:\Users\eidos\GitHub\Allears_EV_KIT\allears_EVK_TEST\Core\StimLib\liballear_evk_lib_release.a(stim_lib_st_inc_st.o)
                0x000000000800821c                stimLib_stimStopDelayRaw
 .text.stimLib_gpioInit
                0x0000000008008268       0xb0 C:\Users\eidos\GitHub\Allears_EV_KIT\allears_EVK_TEST\Core\StimLib\liballear_evk_lib_release.a(stim_lib_st_init.o)
                0x0000000008008268                stimLib_gpioInit
 .text.stimLib_dmaInit
                0x0000000008008318       0x64 C:\Users\eidos\GitHub\Allears_EV_KIT\allears_EVK_TEST\Core\StimLib\liballear_evk_lib_release.a(stim_lib_st_init.o)
                0x0000000008008318                stimLib_dmaInit
 .text.stimLib_tim1_Init
                0x000000000800837c       0xc0 C:\Users\eidos\GitHub\Allears_EV_KIT\allears_EVK_TEST\Core\StimLib\liballear_evk_lib_release.a(stim_lib_st_init.o)
                0x000000000800837c                stimLib_tim1_Init
 .text.stimLib_tim2_Init
                0x000000000800843c      0x11c C:\Users\eidos\GitHub\Allears_EV_KIT\allears_EVK_TEST\Core\StimLib\liballear_evk_lib_release.a(stim_lib_st_init.o)
                0x000000000800843c                stimLib_tim2_Init
 .text.stimLib_tim6_Init
                0x0000000008008558       0x88 C:\Users\eidos\GitHub\Allears_EV_KIT\allears_EVK_TEST\Core\StimLib\liballear_evk_lib_release.a(stim_lib_st_init.o)
                0x0000000008008558                stimLib_tim6_Init
 .text.stimLib_adc1_Init
                0x00000000080085e0       0xd4 C:\Users\eidos\GitHub\Allears_EV_KIT\allears_EVK_TEST\Core\StimLib\liballear_evk_lib_release.a(stim_lib_st_init.o)
                0x00000000080085e0                stimLib_adc1_Init
 .text.stimLib_adc2_Init
                0x00000000080086b4       0xac C:\Users\eidos\GitHub\Allears_EV_KIT\allears_EVK_TEST\Core\StimLib\liballear_evk_lib_release.a(stim_lib_st_init.o)
                0x00000000080086b4                stimLib_adc2_Init
 .text.stimLib_gpioDeinit
                0x0000000008008760       0x2c C:\Users\eidos\GitHub\Allears_EV_KIT\allears_EVK_TEST\Core\StimLib\liballear_evk_lib_release.a(stim_lib_st_init.o)
                0x0000000008008760                stimLib_gpioDeinit
 .text.stimLib_dmaDeinit
                0x000000000800878c       0x30 C:\Users\eidos\GitHub\Allears_EV_KIT\allears_EVK_TEST\Core\StimLib\liballear_evk_lib_release.a(stim_lib_st_init.o)
                0x000000000800878c                stimLib_dmaDeinit
 .text.stimLib_tim1_Deinit
                0x00000000080087bc        0xc C:\Users\eidos\GitHub\Allears_EV_KIT\allears_EVK_TEST\Core\StimLib\liballear_evk_lib_release.a(stim_lib_st_init.o)
                0x00000000080087bc                stimLib_tim1_Deinit
 .text.stimLib_tim2_Deinit
                0x00000000080087c8        0xc C:\Users\eidos\GitHub\Allears_EV_KIT\allears_EVK_TEST\Core\StimLib\liballear_evk_lib_release.a(stim_lib_st_init.o)
                0x00000000080087c8                stimLib_tim2_Deinit
 .text.stimLib_tim6_Deinit
                0x00000000080087d4        0xc C:\Users\eidos\GitHub\Allears_EV_KIT\allears_EVK_TEST\Core\StimLib\liballear_evk_lib_release.a(stim_lib_st_init.o)
                0x00000000080087d4                stimLib_tim6_Deinit
 .text.stimLib_adc1_Deinit
                0x00000000080087e0        0xc C:\Users\eidos\GitHub\Allears_EV_KIT\allears_EVK_TEST\Core\StimLib\liballear_evk_lib_release.a(stim_lib_st_init.o)
                0x00000000080087e0                stimLib_adc1_Deinit
 .text.stimLib_adc2_Deinit
                0x00000000080087ec        0xc C:\Users\eidos\GitHub\Allears_EV_KIT\allears_EVK_TEST\Core\StimLib\liballear_evk_lib_release.a(stim_lib_st_init.o)
                0x00000000080087ec                stimLib_adc2_Deinit
 .text.stimLib_adc_mspInit
                0x00000000080087f8      0x140 C:\Users\eidos\GitHub\Allears_EV_KIT\allears_EVK_TEST\Core\StimLib\liballear_evk_lib_release.a(stim_lib_st_msp.o)
                0x00000000080087f8                stimLib_adc_mspInit
 .text.stimLib_tim_pwmmspInit
                0x0000000008008938       0xe0 C:\Users\eidos\GitHub\Allears_EV_KIT\allears_EVK_TEST\Core\StimLib\liballear_evk_lib_release.a(stim_lib_st_msp.o)
                0x0000000008008938                stimLib_tim_pwmmspInit
 .text.stimLib_tim_basemspInit
                0x0000000008008a18       0x40 C:\Users\eidos\GitHub\Allears_EV_KIT\allears_EVK_TEST\Core\StimLib\liballear_evk_lib_release.a(stim_lib_st_msp.o)
                0x0000000008008a18                stimLib_tim_basemspInit
 .text.stimLib_tim_msppostInit
                0x0000000008008a58       0x88 C:\Users\eidos\GitHub\Allears_EV_KIT\allears_EVK_TEST\Core\StimLib\liballear_evk_lib_release.a(stim_lib_st_msp.o)
                0x0000000008008a58                stimLib_tim_msppostInit
 .text.stimLib_stateGet
                0x0000000008008ae0        0xc C:\Users\eidos\GitHub\Allears_EV_KIT\allears_EVK_TEST\Core\StimLib\liballear_evk_lib_release.a(stim_lib_state.o)
                0x0000000008008ae0                stimLib_stateGet
 .text.stimLib_stateSet
                0x0000000008008aec       0x44 C:\Users\eidos\GitHub\Allears_EV_KIT\allears_EVK_TEST\Core\StimLib\liballear_evk_lib_release.a(stim_lib_state.o)
                0x0000000008008aec                stimLib_stateSet
 .text.stimLib_stateSigParamSet
                0x0000000008008b30       0x24 C:\Users\eidos\GitHub\Allears_EV_KIT\allears_EVK_TEST\Core\StimLib\liballear_evk_lib_release.a(stim_lib_state.o)
                0x0000000008008b30                stimLib_stateSigParamSet
 .text.stimLib_stateTrgParamSet
                0x0000000008008b54       0x2c C:\Users\eidos\GitHub\Allears_EV_KIT\allears_EVK_TEST\Core\StimLib\liballear_evk_lib_release.a(stim_lib_state.o)
                0x0000000008008b54                stimLib_stateTrgParamSet
 .text.stimLib_stateSigParamCheck
                0x0000000008008b80       0x20 C:\Users\eidos\GitHub\Allears_EV_KIT\allears_EVK_TEST\Core\StimLib\liballear_evk_lib_release.a(stim_lib_state.o)
                0x0000000008008b80                stimLib_stateSigParamCheck
 .text.stimLib_stateParamClear
                0x0000000008008ba0       0x18 C:\Users\eidos\GitHub\Allears_EV_KIT\allears_EVK_TEST\Core\StimLib\liballear_evk_lib_release.a(stim_lib_state.o)
                0x0000000008008ba0                stimLib_stateParamClear
 .text.stimLib_signalParamCheck
                0x0000000008008bb8       0x30 C:\Users\eidos\GitHub\Allears_EV_KIT\allears_EVK_TEST\Core\StimLib\liballear_evk_lib_release.a(stim_lib_stim_cfg.o)
                0x0000000008008bb8                stimLib_signalParamCheck
 .text.stimLib_triggerParamCheck
                0x0000000008008be8        0x8 C:\Users\eidos\GitHub\Allears_EV_KIT\allears_EVK_TEST\Core\StimLib\liballear_evk_lib_release.a(stim_lib_stim_cfg.o)
                0x0000000008008be8                stimLib_triggerParamCheck
 .text.stimLib_paramSetting
                0x0000000008008bf0       0x12 C:\Users\eidos\GitHub\Allears_EV_KIT\allears_EVK_TEST\Core\StimLib\liballear_evk_lib_release.a(stim_lib_stim_cfg.o)
                0x0000000008008bf0                stimLib_paramSetting
 .text.stimLib_paramClear
                0x0000000008008c02        0xe C:\Users\eidos\GitHub\Allears_EV_KIT\allears_EVK_TEST\Core\StimLib\liballear_evk_lib_release.a(stim_lib_stim_cfg.o)
                0x0000000008008c02                stimLib_paramClear
 .text.stimLib_stimPulseStart
                0x0000000008008c10        0xe C:\Users\eidos\GitHub\Allears_EV_KIT\allears_EVK_TEST\Core\StimLib\liballear_evk_lib_release.a(stim_lib_stim_cfg.o)
                0x0000000008008c10                stimLib_stimPulseStart
 .text.stimLib_stimPulseSetiing
                0x0000000008008c1e        0x4 C:\Users\eidos\GitHub\Allears_EV_KIT\allears_EVK_TEST\Core\StimLib\liballear_evk_lib_release.a(stim_lib_stim_cfg.o)
                0x0000000008008c1e                stimLib_stimPulseSetiing
 .text.stimLib_stimPulseStop
                0x0000000008008c22       0x1e C:\Users\eidos\GitHub\Allears_EV_KIT\allears_EVK_TEST\Core\StimLib\liballear_evk_lib_release.a(stim_lib_stim_cfg.o)
                0x0000000008008c22                stimLib_stimPulseStop
 .text.stimLib_paramPulseSettingRaw
                0x0000000008008c40      0x124 C:\Users\eidos\GitHub\Allears_EV_KIT\allears_EVK_TEST\Core\StimLib\liballear_evk_lib_release.a(stim_lib_stim_cfg_st.o)
                0x0000000008008c40                stimLib_paramPulseSettingRaw
 .text.stimLib_paramTrgSettingRaw
                0x0000000008008d64       0x70 C:\Users\eidos\GitHub\Allears_EV_KIT\allears_EVK_TEST\Core\StimLib\liballear_evk_lib_release.a(stim_lib_stim_cfg_st.o)
                0x0000000008008d64                stimLib_paramTrgSettingRaw
 .text.stimLib_paramTrgResettingRaw
                0x0000000008008dd4        0x6 C:\Users\eidos\GitHub\Allears_EV_KIT\allears_EVK_TEST\Core\StimLib\liballear_evk_lib_release.a(stim_lib_stim_cfg_st.o)
                0x0000000008008dd4                stimLib_paramTrgResettingRaw
 *fill*         0x0000000008008dda        0x2 
 .text.stimLib_pulseConfigRaw
                0x0000000008008ddc       0x4c C:\Users\eidos\GitHub\Allears_EV_KIT\allears_EVK_TEST\Core\StimLib\liballear_evk_lib_release.a(stim_lib_stim_cfg_st.o)
                0x0000000008008ddc                stimLib_pulseConfigRaw
 .text.stimLib_stimStartRaw
                0x0000000008008e28       0x64 C:\Users\eidos\GitHub\Allears_EV_KIT\allears_EVK_TEST\Core\StimLib\liballear_evk_lib_release.a(stim_lib_stim_cfg_st.o)
                0x0000000008008e28                stimLib_stimStartRaw
 .text.stimLib_stimStopRaw
                0x0000000008008e8c       0x48 C:\Users\eidos\GitHub\Allears_EV_KIT\allears_EVK_TEST\Core\StimLib\liballear_evk_lib_release.a(stim_lib_stim_cfg_st.o)
                0x0000000008008e8c                stimLib_stimStopRaw
 .text.stimLib_stepupStart
                0x0000000008008ed4        0xe C:\Users\eidos\GitHub\Allears_EV_KIT\allears_EVK_TEST\Core\StimLib\liballear_evk_lib_release.a(stim_lib_volt.o)
                0x0000000008008ed4                stimLib_stepupStart
 .text.stimLib_stepupStop
                0x0000000008008ee2        0xe C:\Users\eidos\GitHub\Allears_EV_KIT\allears_EVK_TEST\Core\StimLib\liballear_evk_lib_release.a(stim_lib_volt.o)
                0x0000000008008ee2                stimLib_stepupStop
 .text.stimLib_stepup_startRaw
                0x0000000008008ef0       0x74 C:\Users\eidos\GitHub\Allears_EV_KIT\allears_EVK_TEST\Core\StimLib\liballear_evk_lib_release.a(stim_lib_volt_st.o)
                0x0000000008008ef0                stimLib_stepup_startRaw
 .text.stimLib_stepup_stopRaw
                0x0000000008008f64       0x30 C:\Users\eidos\GitHub\Allears_EV_KIT\allears_EVK_TEST\Core\StimLib\liballear_evk_lib_release.a(stim_lib_volt_st.o)
                0x0000000008008f64                stimLib_stepup_stopRaw
 .text.stimLib_stepup_adcStartRaw
                0x0000000008008f94       0x34 C:\Users\eidos\GitHub\Allears_EV_KIT\allears_EVK_TEST\Core\StimLib\liballear_evk_lib_release.a(stim_lib_volt_st.o)
                0x0000000008008f94                stimLib_stepup_adcStartRaw
 .text.stimLib_stepup_adcStopRaw
                0x0000000008008fc8        0xc C:\Users\eidos\GitHub\Allears_EV_KIT\allears_EVK_TEST\Core\StimLib\liballear_evk_lib_release.a(stim_lib_volt_st.o)
                0x0000000008008fc8                stimLib_stepup_adcStopRaw
 .text.__errno  0x0000000008008fd4        0xc c:/st/stm32cubeide_1.12.0/stm32cubeide/plugins/com.st.stm32cube.ide.mcu.externaltools.gnu-tools-for-stm32.10.3-2021.10.win32_1.0.200.202301161003/tools/bin/../lib/gcc/arm-none-eabi/10.3.1/../../../../arm-none-eabi/lib/thumb/v7e-m+fp/hard\libc_nano.a(lib_a-errno.o)
                0x0000000008008fd4                __errno
 .text.__libc_init_array
                0x0000000008008fe0       0x48 c:/st/stm32cubeide_1.12.0/stm32cubeide/plugins/com.st.stm32cube.ide.mcu.externaltools.gnu-tools-for-stm32.10.3-2021.10.win32_1.0.200.202301161003/tools/bin/../lib/gcc/arm-none-eabi/10.3.1/../../../../arm-none-eabi/lib/thumb/v7e-m+fp/hard\libc_nano.a(lib_a-init.o)
                0x0000000008008fe0                __libc_init_array
 .text.memset   0x0000000008009028       0x10 c:/st/stm32cubeide_1.12.0/stm32cubeide/plugins/com.st.stm32cube.ide.mcu.externaltools.gnu-tools-for-stm32.10.3-2021.10.win32_1.0.200.202301161003/tools/bin/../lib/gcc/arm-none-eabi/10.3.1/../../../../arm-none-eabi/lib/thumb/v7e-m+fp/hard\libc_nano.a(lib_a-memset.o)
                0x0000000008009028                memset
 .text._puts_r  0x0000000008009038       0xdc c:/st/stm32cubeide_1.12.0/stm32cubeide/plugins/com.st.stm32cube.ide.mcu.externaltools.gnu-tools-for-stm32.10.3-2021.10.win32_1.0.200.202301161003/tools/bin/../lib/gcc/arm-none-eabi/10.3.1/../../../../arm-none-eabi/lib/thumb/v7e-m+fp/hard\libc_nano.a(lib_a-puts.o)
                0x0000000008009038                _puts_r
 .text.puts     0x0000000008009114       0x10 c:/st/stm32cubeide_1.12.0/stm32cubeide/plugins/com.st.stm32cube.ide.mcu.externaltools.gnu-tools-for-stm32.10.3-2021.10.win32_1.0.200.202301161003/tools/bin/../lib/gcc/arm-none-eabi/10.3.1/../../../../arm-none-eabi/lib/thumb/v7e-m+fp/hard\libc_nano.a(lib_a-puts.o)
                0x0000000008009114                puts
 .text.__swbuf_r
                0x0000000008009124       0xa4 c:/st/stm32cubeide_1.12.0/stm32cubeide/plugins/com.st.stm32cube.ide.mcu.externaltools.gnu-tools-for-stm32.10.3-2021.10.win32_1.0.200.202301161003/tools/bin/../lib/gcc/arm-none-eabi/10.3.1/../../../../arm-none-eabi/lib/thumb/v7e-m+fp/hard\libc_nano.a(lib_a-wbuf.o)
                0x0000000008009124                __swbuf_r
 .text.__swsetup_r
                0x00000000080091c8       0xdc c:/st/stm32cubeide_1.12.0/stm32cubeide/plugins/com.st.stm32cube.ide.mcu.externaltools.gnu-tools-for-stm32.10.3-2021.10.win32_1.0.200.202301161003/tools/bin/../lib/gcc/arm-none-eabi/10.3.1/../../../../arm-none-eabi/lib/thumb/v7e-m+fp/hard\libc_nano.a(lib_a-wsetup.o)
                0x00000000080091c8                __swsetup_r
 .text.__sflush_r
                0x00000000080092a4      0x10c c:/st/stm32cubeide_1.12.0/stm32cubeide/plugins/com.st.stm32cube.ide.mcu.externaltools.gnu-tools-for-stm32.10.3-2021.10.win32_1.0.200.202301161003/tools/bin/../lib/gcc/arm-none-eabi/10.3.1/../../../../arm-none-eabi/lib/thumb/v7e-m+fp/hard\libc_nano.a(lib_a-fflush.o)
                0x00000000080092a4                __sflush_r
 .text._fflush_r
                0x00000000080093b0       0x78 c:/st/stm32cubeide_1.12.0/stm32cubeide/plugins/com.st.stm32cube.ide.mcu.externaltools.gnu-tools-for-stm32.10.3-2021.10.win32_1.0.200.202301161003/tools/bin/../lib/gcc/arm-none-eabi/10.3.1/../../../../arm-none-eabi/lib/thumb/v7e-m+fp/hard\libc_nano.a(lib_a-fflush.o)
                0x00000000080093b0                _fflush_r
 .text.std      0x0000000008009428       0x48 c:/st/stm32cubeide_1.12.0/stm32cubeide/plugins/com.st.stm32cube.ide.mcu.externaltools.gnu-tools-for-stm32.10.3-2021.10.win32_1.0.200.202301161003/tools/bin/../lib/gcc/arm-none-eabi/10.3.1/../../../../arm-none-eabi/lib/thumb/v7e-m+fp/hard\libc_nano.a(lib_a-findfp.o)
 .text._cleanup_r
                0x0000000008009470        0xc c:/st/stm32cubeide_1.12.0/stm32cubeide/plugins/com.st.stm32cube.ide.mcu.externaltools.gnu-tools-for-stm32.10.3-2021.10.win32_1.0.200.202301161003/tools/bin/../lib/gcc/arm-none-eabi/10.3.1/../../../../arm-none-eabi/lib/thumb/v7e-m+fp/hard\libc_nano.a(lib_a-findfp.o)
                0x0000000008009470                _cleanup_r
 .text.__sfmoreglue
                0x000000000800947c       0x2c c:/st/stm32cubeide_1.12.0/stm32cubeide/plugins/com.st.stm32cube.ide.mcu.externaltools.gnu-tools-for-stm32.10.3-2021.10.win32_1.0.200.202301161003/tools/bin/../lib/gcc/arm-none-eabi/10.3.1/../../../../arm-none-eabi/lib/thumb/v7e-m+fp/hard\libc_nano.a(lib_a-findfp.o)
                0x000000000800947c                __sfmoreglue
 .text.__sfp_lock_acquire
                0x00000000080094a8        0xc c:/st/stm32cubeide_1.12.0/stm32cubeide/plugins/com.st.stm32cube.ide.mcu.externaltools.gnu-tools-for-stm32.10.3-2021.10.win32_1.0.200.202301161003/tools/bin/../lib/gcc/arm-none-eabi/10.3.1/../../../../arm-none-eabi/lib/thumb/v7e-m+fp/hard\libc_nano.a(lib_a-findfp.o)
                0x00000000080094a8                __sfp_lock_acquire
 .text.__sfp_lock_release
                0x00000000080094b4        0xc c:/st/stm32cubeide_1.12.0/stm32cubeide/plugins/com.st.stm32cube.ide.mcu.externaltools.gnu-tools-for-stm32.10.3-2021.10.win32_1.0.200.202301161003/tools/bin/../lib/gcc/arm-none-eabi/10.3.1/../../../../arm-none-eabi/lib/thumb/v7e-m+fp/hard\libc_nano.a(lib_a-findfp.o)
                0x00000000080094b4                __sfp_lock_release
 .text.__sinit_lock_acquire
                0x00000000080094c0        0xc c:/st/stm32cubeide_1.12.0/stm32cubeide/plugins/com.st.stm32cube.ide.mcu.externaltools.gnu-tools-for-stm32.10.3-2021.10.win32_1.0.200.202301161003/tools/bin/../lib/gcc/arm-none-eabi/10.3.1/../../../../arm-none-eabi/lib/thumb/v7e-m+fp/hard\libc_nano.a(lib_a-findfp.o)
                0x00000000080094c0                __sinit_lock_acquire
 .text.__sinit_lock_release
                0x00000000080094cc        0xc c:/st/stm32cubeide_1.12.0/stm32cubeide/plugins/com.st.stm32cube.ide.mcu.externaltools.gnu-tools-for-stm32.10.3-2021.10.win32_1.0.200.202301161003/tools/bin/../lib/gcc/arm-none-eabi/10.3.1/../../../../arm-none-eabi/lib/thumb/v7e-m+fp/hard\libc_nano.a(lib_a-findfp.o)
                0x00000000080094cc                __sinit_lock_release
 .text.__sinit  0x00000000080094d8       0x70 c:/st/stm32cubeide_1.12.0/stm32cubeide/plugins/com.st.stm32cube.ide.mcu.externaltools.gnu-tools-for-stm32.10.3-2021.10.win32_1.0.200.202301161003/tools/bin/../lib/gcc/arm-none-eabi/10.3.1/../../../../arm-none-eabi/lib/thumb/v7e-m+fp/hard\libc_nano.a(lib_a-findfp.o)
                0x00000000080094d8                __sinit
 .text.__sfp    0x0000000008009548       0x8c c:/st/stm32cubeide_1.12.0/stm32cubeide/plugins/com.st.stm32cube.ide.mcu.externaltools.gnu-tools-for-stm32.10.3-2021.10.win32_1.0.200.202301161003/tools/bin/../lib/gcc/arm-none-eabi/10.3.1/../../../../arm-none-eabi/lib/thumb/v7e-m+fp/hard\libc_nano.a(lib_a-findfp.o)
                0x0000000008009548                __sfp
 .text._fwalk_reent
                0x00000000080095d4       0x3e c:/st/stm32cubeide_1.12.0/stm32cubeide/plugins/com.st.stm32cube.ide.mcu.externaltools.gnu-tools-for-stm32.10.3-2021.10.win32_1.0.200.202301161003/tools/bin/../lib/gcc/arm-none-eabi/10.3.1/../../../../arm-none-eabi/lib/thumb/v7e-m+fp/hard\libc_nano.a(lib_a-fwalk.o)
                0x00000000080095d4                _fwalk_reent
 .text.__retarget_lock_init_recursive
                0x0000000008009612        0x2 c:/st/stm32cubeide_1.12.0/stm32cubeide/plugins/com.st.stm32cube.ide.mcu.externaltools.gnu-tools-for-stm32.10.3-2021.10.win32_1.0.200.202301161003/tools/bin/../lib/gcc/arm-none-eabi/10.3.1/../../../../arm-none-eabi/lib/thumb/v7e-m+fp/hard\libc_nano.a(lib_a-lock.o)
                0x0000000008009612                __retarget_lock_init_recursive
 .text.__retarget_lock_acquire_recursive
                0x0000000008009614        0x2 c:/st/stm32cubeide_1.12.0/stm32cubeide/plugins/com.st.stm32cube.ide.mcu.externaltools.gnu-tools-for-stm32.10.3-2021.10.win32_1.0.200.202301161003/tools/bin/../lib/gcc/arm-none-eabi/10.3.1/../../../../arm-none-eabi/lib/thumb/v7e-m+fp/hard\libc_nano.a(lib_a-lock.o)
                0x0000000008009614                __retarget_lock_acquire_recursive
 .text.__retarget_lock_release_recursive
                0x0000000008009616        0x2 c:/st/stm32cubeide_1.12.0/stm32cubeide/plugins/com.st.stm32cube.ide.mcu.externaltools.gnu-tools-for-stm32.10.3-2021.10.win32_1.0.200.202301161003/tools/bin/../lib/gcc/arm-none-eabi/10.3.1/../../../../arm-none-eabi/lib/thumb/v7e-m+fp/hard\libc_nano.a(lib_a-lock.o)
                0x0000000008009616                __retarget_lock_release_recursive
 .text.__swhatbuf_r
                0x0000000008009618       0x4a c:/st/stm32cubeide_1.12.0/stm32cubeide/plugins/com.st.stm32cube.ide.mcu.externaltools.gnu-tools-for-stm32.10.3-2021.10.win32_1.0.200.202301161003/tools/bin/../lib/gcc/arm-none-eabi/10.3.1/../../../../arm-none-eabi/lib/thumb/v7e-m+fp/hard\libc_nano.a(lib_a-makebuf.o)
                0x0000000008009618                __swhatbuf_r
 *fill*         0x0000000008009662        0x2 
 .text.__smakebuf_r
                0x0000000008009664       0x80 c:/st/stm32cubeide_1.12.0/stm32cubeide/plugins/com.st.stm32cube.ide.mcu.externaltools.gnu-tools-for-stm32.10.3-2021.10.win32_1.0.200.202301161003/tools/bin/../lib/gcc/arm-none-eabi/10.3.1/../../../../arm-none-eabi/lib/thumb/v7e-m+fp/hard\libc_nano.a(lib_a-makebuf.o)
                0x0000000008009664                __smakebuf_r
 .text._free_r  0x00000000080096e4       0x98 c:/st/stm32cubeide_1.12.0/stm32cubeide/plugins/com.st.stm32cube.ide.mcu.externaltools.gnu-tools-for-stm32.10.3-2021.10.win32_1.0.200.202301161003/tools/bin/../lib/gcc/arm-none-eabi/10.3.1/../../../../arm-none-eabi/lib/thumb/v7e-m+fp/hard\libc_nano.a(lib_a-nano-freer.o)
                0x00000000080096e4                _free_r
 .text.sbrk_aligned
                0x000000000800977c       0x40 c:/st/stm32cubeide_1.12.0/stm32cubeide/plugins/com.st.stm32cube.ide.mcu.externaltools.gnu-tools-for-stm32.10.3-2021.10.win32_1.0.200.202301161003/tools/bin/../lib/gcc/arm-none-eabi/10.3.1/../../../../arm-none-eabi/lib/thumb/v7e-m+fp/hard\libc_nano.a(lib_a-nano-mallocr.o)
 .text._malloc_r
                0x00000000080097bc       0xe8 c:/st/stm32cubeide_1.12.0/stm32cubeide/plugins/com.st.stm32cube.ide.mcu.externaltools.gnu-tools-for-stm32.10.3-2021.10.win32_1.0.200.202301161003/tools/bin/../lib/gcc/arm-none-eabi/10.3.1/../../../../arm-none-eabi/lib/thumb/v7e-m+fp/hard\libc_nano.a(lib_a-nano-mallocr.o)
                0x00000000080097bc                _malloc_r
 .text._sbrk_r  0x00000000080098a4       0x20 c:/st/stm32cubeide_1.12.0/stm32cubeide/plugins/com.st.stm32cube.ide.mcu.externaltools.gnu-tools-for-stm32.10.3-2021.10.win32_1.0.200.202301161003/tools/bin/../lib/gcc/arm-none-eabi/10.3.1/../../../../arm-none-eabi/lib/thumb/v7e-m+fp/hard\libc_nano.a(lib_a-sbrkr.o)
                0x00000000080098a4                _sbrk_r
 .text.__sread  0x00000000080098c4       0x22 c:/st/stm32cubeide_1.12.0/stm32cubeide/plugins/com.st.stm32cube.ide.mcu.externaltools.gnu-tools-for-stm32.10.3-2021.10.win32_1.0.200.202301161003/tools/bin/../lib/gcc/arm-none-eabi/10.3.1/../../../../arm-none-eabi/lib/thumb/v7e-m+fp/hard\libc_nano.a(lib_a-stdio.o)
                0x00000000080098c4                __sread
 .text.__swrite
                0x00000000080098e6       0x38 c:/st/stm32cubeide_1.12.0/stm32cubeide/plugins/com.st.stm32cube.ide.mcu.externaltools.gnu-tools-for-stm32.10.3-2021.10.win32_1.0.200.202301161003/tools/bin/../lib/gcc/arm-none-eabi/10.3.1/../../../../arm-none-eabi/lib/thumb/v7e-m+fp/hard\libc_nano.a(lib_a-stdio.o)
                0x00000000080098e6                __swrite
 .text.__sseek  0x000000000800991e       0x24 c:/st/stm32cubeide_1.12.0/stm32cubeide/plugins/com.st.stm32cube.ide.mcu.externaltools.gnu-tools-for-stm32.10.3-2021.10.win32_1.0.200.202301161003/tools/bin/../lib/gcc/arm-none-eabi/10.3.1/../../../../arm-none-eabi/lib/thumb/v7e-m+fp/hard\libc_nano.a(lib_a-stdio.o)
                0x000000000800991e                __sseek
 .text.__sclose
                0x0000000008009942        0x8 c:/st/stm32cubeide_1.12.0/stm32cubeide/plugins/com.st.stm32cube.ide.mcu.externaltools.gnu-tools-for-stm32.10.3-2021.10.win32_1.0.200.202301161003/tools/bin/../lib/gcc/arm-none-eabi/10.3.1/../../../../arm-none-eabi/lib/thumb/v7e-m+fp/hard\libc_nano.a(lib_a-stdio.o)
                0x0000000008009942                __sclose
 *fill*         0x000000000800994a        0x2 
 .text._write_r
                0x000000000800994c       0x24 c:/st/stm32cubeide_1.12.0/stm32cubeide/plugins/com.st.stm32cube.ide.mcu.externaltools.gnu-tools-for-stm32.10.3-2021.10.win32_1.0.200.202301161003/tools/bin/../lib/gcc/arm-none-eabi/10.3.1/../../../../arm-none-eabi/lib/thumb/v7e-m+fp/hard\libc_nano.a(lib_a-writer.o)
                0x000000000800994c                _write_r
 .text._close_r
                0x0000000008009970       0x20 c:/st/stm32cubeide_1.12.0/stm32cubeide/plugins/com.st.stm32cube.ide.mcu.externaltools.gnu-tools-for-stm32.10.3-2021.10.win32_1.0.200.202301161003/tools/bin/../lib/gcc/arm-none-eabi/10.3.1/../../../../arm-none-eabi/lib/thumb/v7e-m+fp/hard\libc_nano.a(lib_a-closer.o)
                0x0000000008009970                _close_r
 .text._fstat_r
                0x0000000008009990       0x24 c:/st/stm32cubeide_1.12.0/stm32cubeide/plugins/com.st.stm32cube.ide.mcu.externaltools.gnu-tools-for-stm32.10.3-2021.10.win32_1.0.200.202301161003/tools/bin/../lib/gcc/arm-none-eabi/10.3.1/../../../../arm-none-eabi/lib/thumb/v7e-m+fp/hard\libc_nano.a(lib_a-fstatr.o)
                0x0000000008009990                _fstat_r
 .text._isatty_r
                0x00000000080099b4       0x20 c:/st/stm32cubeide_1.12.0/stm32cubeide/plugins/com.st.stm32cube.ide.mcu.externaltools.gnu-tools-for-stm32.10.3-2021.10.win32_1.0.200.202301161003/tools/bin/../lib/gcc/arm-none-eabi/10.3.1/../../../../arm-none-eabi/lib/thumb/v7e-m+fp/hard\libc_nano.a(lib_a-isattyr.o)
                0x00000000080099b4                _isatty_r
 .text._lseek_r
                0x00000000080099d4       0x24 c:/st/stm32cubeide_1.12.0/stm32cubeide/plugins/com.st.stm32cube.ide.mcu.externaltools.gnu-tools-for-stm32.10.3-2021.10.win32_1.0.200.202301161003/tools/bin/../lib/gcc/arm-none-eabi/10.3.1/../../../../arm-none-eabi/lib/thumb/v7e-m+fp/hard\libc_nano.a(lib_a-lseekr.o)
                0x00000000080099d4                _lseek_r
 .text.__malloc_lock
                0x00000000080099f8        0xc c:/st/stm32cubeide_1.12.0/stm32cubeide/plugins/com.st.stm32cube.ide.mcu.externaltools.gnu-tools-for-stm32.10.3-2021.10.win32_1.0.200.202301161003/tools/bin/../lib/gcc/arm-none-eabi/10.3.1/../../../../arm-none-eabi/lib/thumb/v7e-m+fp/hard\libc_nano.a(lib_a-mlock.o)
                0x00000000080099f8                __malloc_lock
 .text.__malloc_unlock
                0x0000000008009a04        0xc c:/st/stm32cubeide_1.12.0/stm32cubeide/plugins/com.st.stm32cube.ide.mcu.externaltools.gnu-tools-for-stm32.10.3-2021.10.win32_1.0.200.202301161003/tools/bin/../lib/gcc/arm-none-eabi/10.3.1/../../../../arm-none-eabi/lib/thumb/v7e-m+fp/hard\libc_nano.a(lib_a-mlock.o)
                0x0000000008009a04                __malloc_unlock
 .text._read_r  0x0000000008009a10       0x24 c:/st/stm32cubeide_1.12.0/stm32cubeide/plugins/com.st.stm32cube.ide.mcu.externaltools.gnu-tools-for-stm32.10.3-2021.10.win32_1.0.200.202301161003/tools/bin/../lib/gcc/arm-none-eabi/10.3.1/../../../../arm-none-eabi/lib/thumb/v7e-m+fp/hard\libc_nano.a(lib_a-readr.o)
                0x0000000008009a10                _read_r
 *(.glue_7)
 .glue_7        0x0000000008009a34        0x0 linker stubs
 *(.glue_7t)
 .glue_7t       0x0000000008009a34        0x0 linker stubs
 *(.eh_frame)
 .eh_frame      0x0000000008009a34        0x0 c:/st/stm32cubeide_1.12.0/stm32cubeide/plugins/com.st.stm32cube.ide.mcu.externaltools.gnu-tools-for-stm32.10.3-2021.10.win32_1.0.200.202301161003/tools/bin/../lib/gcc/arm-none-eabi/10.3.1/thumb/v7e-m+fp/hard/crtbegin.o
 *(.init)
 .init          0x0000000008009a34        0x4 c:/st/stm32cubeide_1.12.0/stm32cubeide/plugins/com.st.stm32cube.ide.mcu.externaltools.gnu-tools-for-stm32.10.3-2021.10.win32_1.0.200.202301161003/tools/bin/../lib/gcc/arm-none-eabi/10.3.1/thumb/v7e-m+fp/hard/crti.o
                0x0000000008009a34                _init
 .init          0x0000000008009a38        0x8 c:/st/stm32cubeide_1.12.0/stm32cubeide/plugins/com.st.stm32cube.ide.mcu.externaltools.gnu-tools-for-stm32.10.3-2021.10.win32_1.0.200.202301161003/tools/bin/../lib/gcc/arm-none-eabi/10.3.1/thumb/v7e-m+fp/hard/crtn.o
 *(.fini)
 .fini          0x0000000008009a40        0x4 c:/st/stm32cubeide_1.12.0/stm32cubeide/plugins/com.st.stm32cube.ide.mcu.externaltools.gnu-tools-for-stm32.10.3-2021.10.win32_1.0.200.202301161003/tools/bin/../lib/gcc/arm-none-eabi/10.3.1/thumb/v7e-m+fp/hard/crti.o
                0x0000000008009a40                _fini
 .fini          0x0000000008009a44        0x8 c:/st/stm32cubeide_1.12.0/stm32cubeide/plugins/com.st.stm32cube.ide.mcu.externaltools.gnu-tools-for-stm32.10.3-2021.10.win32_1.0.200.202301161003/tools/bin/../lib/gcc/arm-none-eabi/10.3.1/thumb/v7e-m+fp/hard/crtn.o
                0x0000000008009a4c                . = ALIGN (0x4)
                0x0000000008009a4c                _etext = .

.vfp11_veneer   0x0000000008009a4c        0x0
 .vfp11_veneer  0x0000000008009a4c        0x0 linker stubs

.v4_bx          0x0000000008009a4c        0x0
 .v4_bx         0x0000000008009a4c        0x0 linker stubs

.iplt           0x0000000008009a4c        0x0
 .iplt          0x0000000008009a4c        0x0 c:/st/stm32cubeide_1.12.0/stm32cubeide/plugins/com.st.stm32cube.ide.mcu.externaltools.gnu-tools-for-stm32.10.3-2021.10.win32_1.0.200.202301161003/tools/bin/../lib/gcc/arm-none-eabi/10.3.1/thumb/v7e-m+fp/hard/crtbegin.o

.rodata         0x0000000008009a4c      0x1a8
                0x0000000008009a4c                . = ALIGN (0x4)
 *(.rodata)
 .rodata        0x0000000008009a4c       0x66 ./Core/Src/main.o
 *(.rodata*)
 *fill*         0x0000000008009ab2        0x2 
 .rodata.AHBPrescTable
                0x0000000008009ab4       0x10 ./Core/Src/system_stm32l4xx.o
                0x0000000008009ab4                AHBPrescTable
 .rodata.APBPrescTable
                0x0000000008009ac4        0x8 ./Core/Src/system_stm32l4xx.o
                0x0000000008009ac4                APBPrescTable
 .rodata.MSIRangeTable
                0x0000000008009acc       0x30 ./Core/Src/system_stm32l4xx.o
                0x0000000008009acc                MSIRangeTable
 .rodata.stimLib_stimInit.str1.1
                0x0000000008009afc       0x1d C:\Users\eidos\GitHub\Allears_EV_KIT\allears_EVK_TEST\Core\StimLib\liballear_evk_lib_release.a(stim_lib.o)
 .rodata.stimLib_stimSessionStart.str1.1
                0x0000000008009b19       0x28 C:\Users\eidos\GitHub\Allears_EV_KIT\allears_EVK_TEST\Core\StimLib\liballear_evk_lib_release.a(stim_lib.o)
 .rodata.stimLib_errorHandle.str1.1
                0x0000000008009b41       0x12 C:\Users\eidos\GitHub\Allears_EV_KIT\allears_EVK_TEST\Core\StimLib\liballear_evk_lib_release.a(stim_lib_error.o)
 .rodata.stimLib_paramPulseSettingRaw.str1.1
                0x0000000008009b53       0x3c C:\Users\eidos\GitHub\Allears_EV_KIT\allears_EVK_TEST\Core\StimLib\liballear_evk_lib_release.a(stim_lib_stim_cfg_st.o)
 *fill*         0x0000000008009b8f        0x1 
 .rodata._global_impure_ptr
                0x0000000008009b90        0x4 c:/st/stm32cubeide_1.12.0/stm32cubeide/plugins/com.st.stm32cube.ide.mcu.externaltools.gnu-tools-for-stm32.10.3-2021.10.win32_1.0.200.202301161003/tools/bin/../lib/gcc/arm-none-eabi/10.3.1/../../../../arm-none-eabi/lib/thumb/v7e-m+fp/hard\libc_nano.a(lib_a-impure.o)
                0x0000000008009b90                _global_impure_ptr
 .rodata.__sf_fake_stderr
                0x0000000008009b94       0x20 c:/st/stm32cubeide_1.12.0/stm32cubeide/plugins/com.st.stm32cube.ide.mcu.externaltools.gnu-tools-for-stm32.10.3-2021.10.win32_1.0.200.202301161003/tools/bin/../lib/gcc/arm-none-eabi/10.3.1/../../../../arm-none-eabi/lib/thumb/v7e-m+fp/hard\libc_nano.a(lib_a-findfp.o)
                0x0000000008009b94                __sf_fake_stderr
 .rodata.__sf_fake_stdin
                0x0000000008009bb4       0x20 c:/st/stm32cubeide_1.12.0/stm32cubeide/plugins/com.st.stm32cube.ide.mcu.externaltools.gnu-tools-for-stm32.10.3-2021.10.win32_1.0.200.202301161003/tools/bin/../lib/gcc/arm-none-eabi/10.3.1/../../../../arm-none-eabi/lib/thumb/v7e-m+fp/hard\libc_nano.a(lib_a-findfp.o)
                0x0000000008009bb4                __sf_fake_stdin
 .rodata.__sf_fake_stdout
                0x0000000008009bd4       0x20 c:/st/stm32cubeide_1.12.0/stm32cubeide/plugins/com.st.stm32cube.ide.mcu.externaltools.gnu-tools-for-stm32.10.3-2021.10.win32_1.0.200.202301161003/tools/bin/../lib/gcc/arm-none-eabi/10.3.1/../../../../arm-none-eabi/lib/thumb/v7e-m+fp/hard\libc_nano.a(lib_a-findfp.o)
                0x0000000008009bd4                __sf_fake_stdout
                0x0000000008009bf4                . = ALIGN (0x4)

.ARM.extab      0x0000000008009bf4        0x0
                0x0000000008009bf4                . = ALIGN (0x4)
 *(.ARM.extab* .gnu.linkonce.armextab.*)
                0x0000000008009bf4                . = ALIGN (0x4)

.ARM            0x0000000008009bf4        0x8
                0x0000000008009bf4                . = ALIGN (0x4)
                0x0000000008009bf4                __exidx_start = .
 *(.ARM.exidx*)
 .ARM.exidx     0x0000000008009bf4        0x8 c:/st/stm32cubeide_1.12.0/stm32cubeide/plugins/com.st.stm32cube.ide.mcu.externaltools.gnu-tools-for-stm32.10.3-2021.10.win32_1.0.200.202301161003/tools/bin/../lib/gcc/arm-none-eabi/10.3.1/thumb/v7e-m+fp/hard\libgcc.a(_udivmoddi4.o)
                0x0000000008009bfc                __exidx_end = .
                0x0000000008009bfc                . = ALIGN (0x4)

.rel.dyn        0x0000000008009bfc        0x0
 .rel.iplt      0x0000000008009bfc        0x0 c:/st/stm32cubeide_1.12.0/stm32cubeide/plugins/com.st.stm32cube.ide.mcu.externaltools.gnu-tools-for-stm32.10.3-2021.10.win32_1.0.200.202301161003/tools/bin/../lib/gcc/arm-none-eabi/10.3.1/thumb/v7e-m+fp/hard/crtbegin.o

.preinit_array  0x0000000008009bfc        0x0
                0x0000000008009bfc                . = ALIGN (0x4)
                0x0000000008009bfc                PROVIDE (__preinit_array_start = .)
 *(.preinit_array*)
                0x0000000008009bfc                PROVIDE (__preinit_array_end = .)
                0x0000000008009bfc                . = ALIGN (0x4)

.init_array     0x0000000008009bfc        0x4
                0x0000000008009bfc                . = ALIGN (0x4)
                0x0000000008009bfc                PROVIDE (__init_array_start = .)
 *(SORT_BY_NAME(.init_array.*))
 *(.init_array*)
 .init_array    0x0000000008009bfc        0x4 c:/st/stm32cubeide_1.12.0/stm32cubeide/plugins/com.st.stm32cube.ide.mcu.externaltools.gnu-tools-for-stm32.10.3-2021.10.win32_1.0.200.202301161003/tools/bin/../lib/gcc/arm-none-eabi/10.3.1/thumb/v7e-m+fp/hard/crtbegin.o
                0x0000000008009c00                PROVIDE (__init_array_end = .)
                0x0000000008009c00                . = ALIGN (0x4)

.fini_array     0x0000000008009c00        0x4
                0x0000000008009c00                . = ALIGN (0x4)
                [!provide]                        PROVIDE (__fini_array_start = .)
 *(SORT_BY_NAME(.fini_array.*))
 *(.fini_array*)
 .fini_array    0x0000000008009c00        0x4 c:/st/stm32cubeide_1.12.0/stm32cubeide/plugins/com.st.stm32cube.ide.mcu.externaltools.gnu-tools-for-stm32.10.3-2021.10.win32_1.0.200.202301161003/tools/bin/../lib/gcc/arm-none-eabi/10.3.1/thumb/v7e-m+fp/hard/crtbegin.o
                [!provide]                        PROVIDE (__fini_array_end = .)
                0x0000000008009c04                . = ALIGN (0x4)
                0x0000000008009c04                _sidata = LOADADDR (.data)

.data           0x0000000020000000       0x70 load address 0x0000000008009c04
                0x0000000020000000                . = ALIGN (0x4)
                0x0000000020000000                _sdata = .
 *(.data)
 *(.data*)
 .data.SystemCoreClock
                0x0000000020000000        0x4 ./Core/Src/system_stm32l4xx.o
                0x0000000020000000                SystemCoreClock
 .data.uwTickPrio
                0x0000000020000004        0x4 ./Drivers/STM32L4xx_HAL_Driver/Src/stm32l4xx_hal.o
                0x0000000020000004                uwTickPrio
 .data.uwTickFreq
                0x0000000020000008        0x1 ./Drivers/STM32L4xx_HAL_Driver/Src/stm32l4xx_hal.o
                0x0000000020000008                uwTickFreq
 *fill*         0x0000000020000009        0x3 
 .data._impure_ptr
                0x000000002000000c        0x4 c:/st/stm32cubeide_1.12.0/stm32cubeide/plugins/com.st.stm32cube.ide.mcu.externaltools.gnu-tools-for-stm32.10.3-2021.10.win32_1.0.200.202301161003/tools/bin/../lib/gcc/arm-none-eabi/10.3.1/../../../../arm-none-eabi/lib/thumb/v7e-m+fp/hard\libc_nano.a(lib_a-impure.o)
                0x000000002000000c                _impure_ptr
 .data.impure_data
                0x0000000020000010       0x60 c:/st/stm32cubeide_1.12.0/stm32cubeide/plugins/com.st.stm32cube.ide.mcu.externaltools.gnu-tools-for-stm32.10.3-2021.10.win32_1.0.200.202301161003/tools/bin/../lib/gcc/arm-none-eabi/10.3.1/../../../../arm-none-eabi/lib/thumb/v7e-m+fp/hard\libc_nano.a(lib_a-impure.o)
 *(.RamFunc)
 *(.RamFunc*)
                0x0000000020000070                . = ALIGN (0x4)
                0x0000000020000070                _edata = .

.igot.plt       0x0000000020000070        0x0 load address 0x0000000008009c74
 .igot.plt      0x0000000020000070        0x0 c:/st/stm32cubeide_1.12.0/stm32cubeide/plugins/com.st.stm32cube.ide.mcu.externaltools.gnu-tools-for-stm32.10.3-2021.10.win32_1.0.200.202301161003/tools/bin/../lib/gcc/arm-none-eabi/10.3.1/thumb/v7e-m+fp/hard/crtbegin.o
                0x0000000020000070                . = ALIGN (0x4)

.bss            0x0000000020000070      0x3d8 load address 0x0000000008009c74
                0x0000000020000070                _sbss = .
                0x0000000020000070                __bss_start__ = _sbss
 *(.bss)
 .bss           0x0000000020000070       0x1c c:/st/stm32cubeide_1.12.0/stm32cubeide/plugins/com.st.stm32cube.ide.mcu.externaltools.gnu-tools-for-stm32.10.3-2021.10.win32_1.0.200.202301161003/tools/bin/../lib/gcc/arm-none-eabi/10.3.1/thumb/v7e-m+fp/hard/crtbegin.o
 *(.bss*)
 .bss.hadc1     0x000000002000008c       0x64 ./Core/Src/main.o
                0x000000002000008c                hadc1
 .bss.hadc2     0x00000000200000f0       0x64 ./Core/Src/main.o
                0x00000000200000f0                hadc2
 .bss.hdma_adc1
                0x0000000020000154       0x48 ./Core/Src/main.o
                0x0000000020000154                hdma_adc1
 .bss.hdma_adc2
                0x000000002000019c       0x48 ./Core/Src/main.o
                0x000000002000019c                hdma_adc2
 .bss.htim1     0x00000000200001e4       0x4c ./Core/Src/main.o
                0x00000000200001e4                htim1
 .bss.htim2     0x0000000020000230       0x4c ./Core/Src/main.o
                0x0000000020000230                htim2
 .bss.htim6     0x000000002000027c       0x4c ./Core/Src/main.o
                0x000000002000027c                htim6
 .bss.hdma_tim2_ch2_ch4
                0x00000000200002c8       0x48 ./Core/Src/main.o
                0x00000000200002c8                hdma_tim2_ch2_ch4
 .bss.hdma_tim2_ch3
                0x0000000020000310       0x48 ./Core/Src/main.o
                0x0000000020000310                hdma_tim2_ch3
 .bss.huart3    0x0000000020000358       0x84 ./Core/Src/main.o
                0x0000000020000358                huart3
 .bss.HAL_RCC_ADC_CLK_ENABLED
                0x00000000200003dc        0x4 ./Core/Src/stm32l4xx_hal_msp.o
 .bss.__sbrk_heap_end
                0x00000000200003e0        0x4 ./Core/Src/sysmem.o
 .bss.uwTick    0x00000000200003e4        0x4 ./Drivers/STM32L4xx_HAL_Driver/Src/stm32l4xx_hal.o
                0x00000000200003e4                uwTick
 .bss.HAL_RCC_ADC_CLK_ENABLED
                0x00000000200003e8        0x4 C:\Users\eidos\GitHub\Allears_EV_KIT\allears_EVK_TEST\Core\StimLib\liballear_evk_lib_release.a(stim_lib_st_msp.o)
 .bss.exStimLib_state
                0x00000000200003ec       0x18 C:\Users\eidos\GitHub\Allears_EV_KIT\allears_EVK_TEST\Core\StimLib\liballear_evk_lib_release.a(stim_lib_state.o)
                0x00000000200003ec                exStimLib_state
 .bss.gStimLIb_cathodeDma
                0x0000000020000404        0x8 C:\Users\eidos\GitHub\Allears_EV_KIT\allears_EVK_TEST\Core\StimLib\liballear_evk_lib_release.a(stim_lib_stim_cfg_st.o)
                0x0000000020000404                gStimLIb_cathodeDma
 .bss.gStimLib_dacOnDma
                0x000000002000040c       0x10 C:\Users\eidos\GitHub\Allears_EV_KIT\allears_EVK_TEST\Core\StimLib\liballear_evk_lib_release.a(stim_lib_stim_cfg_st.o)
                0x000000002000040c                gStimLib_dacOnDma
 .bss.gStimLib_dischgDma
                0x000000002000041c        0x8 C:\Users\eidos\GitHub\Allears_EV_KIT\allears_EVK_TEST\Core\StimLib\liballear_evk_lib_release.a(stim_lib_stim_cfg_st.o)
                0x000000002000041c                gStimLib_dischgDma
 .bss.adc1_conv_buff
                0x0000000020000424       0x14 C:\Users\eidos\GitHub\Allears_EV_KIT\allears_EVK_TEST\Core\StimLib\liballear_evk_lib_release.a(stim_lib_volt.o)
                0x0000000020000424                adc1_conv_buff
 .bss.voltage_ctrl_pulse
                0x0000000020000438        0x1 C:\Users\eidos\GitHub\Allears_EV_KIT\allears_EVK_TEST\Core\StimLib\liballear_evk_lib_release.a(stim_lib_volt.o)
                0x0000000020000438                voltage_ctrl_pulse
 .bss.__lock___malloc_recursive_mutex
                0x0000000020000439        0x1 c:/st/stm32cubeide_1.12.0/stm32cubeide/plugins/com.st.stm32cube.ide.mcu.externaltools.gnu-tools-for-stm32.10.3-2021.10.win32_1.0.200.202301161003/tools/bin/../lib/gcc/arm-none-eabi/10.3.1/../../../../arm-none-eabi/lib/thumb/v7e-m+fp/hard\libc_nano.a(lib_a-lock.o)
                0x0000000020000439                __lock___malloc_recursive_mutex
 .bss.__lock___sfp_recursive_mutex
                0x000000002000043a        0x1 c:/st/stm32cubeide_1.12.0/stm32cubeide/plugins/com.st.stm32cube.ide.mcu.externaltools.gnu-tools-for-stm32.10.3-2021.10.win32_1.0.200.202301161003/tools/bin/../lib/gcc/arm-none-eabi/10.3.1/../../../../arm-none-eabi/lib/thumb/v7e-m+fp/hard\libc_nano.a(lib_a-lock.o)
                0x000000002000043a                __lock___sfp_recursive_mutex
 .bss.__lock___sinit_recursive_mutex
                0x000000002000043b        0x1 c:/st/stm32cubeide_1.12.0/stm32cubeide/plugins/com.st.stm32cube.ide.mcu.externaltools.gnu-tools-for-stm32.10.3-2021.10.win32_1.0.200.202301161003/tools/bin/../lib/gcc/arm-none-eabi/10.3.1/../../../../arm-none-eabi/lib/thumb/v7e-m+fp/hard\libc_nano.a(lib_a-lock.o)
                0x000000002000043b                __lock___sinit_recursive_mutex
 .bss.__malloc_free_list
                0x000000002000043c        0x4 c:/st/stm32cubeide_1.12.0/stm32cubeide/plugins/com.st.stm32cube.ide.mcu.externaltools.gnu-tools-for-stm32.10.3-2021.10.win32_1.0.200.202301161003/tools/bin/../lib/gcc/arm-none-eabi/10.3.1/../../../../arm-none-eabi/lib/thumb/v7e-m+fp/hard\libc_nano.a(lib_a-nano-mallocr.o)
                0x000000002000043c                __malloc_free_list
 .bss.__malloc_sbrk_start
                0x0000000020000440        0x4 c:/st/stm32cubeide_1.12.0/stm32cubeide/plugins/com.st.stm32cube.ide.mcu.externaltools.gnu-tools-for-stm32.10.3-2021.10.win32_1.0.200.202301161003/tools/bin/../lib/gcc/arm-none-eabi/10.3.1/../../../../arm-none-eabi/lib/thumb/v7e-m+fp/hard\libc_nano.a(lib_a-nano-mallocr.o)
                0x0000000020000440                __malloc_sbrk_start
 .bss.errno     0x0000000020000444        0x4 c:/st/stm32cubeide_1.12.0/stm32cubeide/plugins/com.st.stm32cube.ide.mcu.externaltools.gnu-tools-for-stm32.10.3-2021.10.win32_1.0.200.202301161003/tools/bin/../lib/gcc/arm-none-eabi/10.3.1/../../../../arm-none-eabi/lib/thumb/v7e-m+fp/hard\libc_nano.a(lib_a-reent.o)
                0x0000000020000444                errno
 *(COMMON)
                0x0000000020000448                . = ALIGN (0x4)
                0x0000000020000448                _ebss = .
                0x0000000020000448                __bss_end__ = _ebss

._user_heap_stack
                0x0000000020000448     0x1000 load address 0x0000000008009c74
                0x0000000020000448                . = ALIGN (0x8)
                [!provide]                        PROVIDE (end = .)
                0x0000000020000448                PROVIDE (_end = .)
                0x0000000020000c47                . = (. + _Min_Heap_Size)
 *fill*         0x0000000020000448      0x7ff 
                0x0000000020001446                . = (. + _Min_Stack_Size)
 *fill*         0x0000000020000c47      0x7ff 
                0x0000000020001448                . = ALIGN (0x8)
 *fill*         0x0000000020001446        0x2 

/DISCARD/
 libc.a(*)
 libm.a(*)
 libgcc.a(*)

.ARM.attributes
                0x0000000000000000       0x30
 *(.ARM.attributes)
 .ARM.attributes
                0x0000000000000000       0x1e c:/st/stm32cubeide_1.12.0/stm32cubeide/plugins/com.st.stm32cube.ide.mcu.externaltools.gnu-tools-for-stm32.10.3-2021.10.win32_1.0.200.202301161003/tools/bin/../lib/gcc/arm-none-eabi/10.3.1/thumb/v7e-m+fp/hard/crti.o
 .ARM.attributes
                0x000000000000001e       0x34 c:/st/stm32cubeide_1.12.0/stm32cubeide/plugins/com.st.stm32cube.ide.mcu.externaltools.gnu-tools-for-stm32.10.3-2021.10.win32_1.0.200.202301161003/tools/bin/../lib/gcc/arm-none-eabi/10.3.1/thumb/v7e-m+fp/hard/crtbegin.o
 .ARM.attributes
                0x0000000000000052       0x34 ./Core/Src/main.o
 .ARM.attributes
                0x0000000000000086       0x34 ./Core/Src/stm32l4xx_hal_msp.o
 .ARM.attributes
                0x00000000000000ba       0x34 ./Core/Src/stm32l4xx_it.o
 .ARM.attributes
                0x00000000000000ee       0x34 ./Core/Src/syscalls.o
 .ARM.attributes
                0x0000000000000122       0x34 ./Core/Src/sysmem.o
 .ARM.attributes
                0x0000000000000156       0x34 ./Core/Src/system_stm32l4xx.o
 .ARM.attributes
                0x000000000000018a       0x34 ./Core/Src/td_retarget.o
 .ARM.attributes
                0x00000000000001be       0x21 ./Core/Startup/startup_stm32l412rbtxp.o
 .ARM.attributes
                0x00000000000001df       0x34 ./Drivers/STM32L4xx_HAL_Driver/Src/stm32l4xx_hal.o
 .ARM.attributes
                0x0000000000000213       0x34 ./Drivers/STM32L4xx_HAL_Driver/Src/stm32l4xx_hal_adc.o
 .ARM.attributes
                0x0000000000000247       0x34 ./Drivers/STM32L4xx_HAL_Driver/Src/stm32l4xx_hal_adc_ex.o
 .ARM.attributes
                0x000000000000027b       0x34 ./Drivers/STM32L4xx_HAL_Driver/Src/stm32l4xx_hal_cortex.o
 .ARM.attributes
                0x00000000000002af       0x34 ./Drivers/STM32L4xx_HAL_Driver/Src/stm32l4xx_hal_dma.o
 .ARM.attributes
                0x00000000000002e3       0x34 ./Drivers/STM32L4xx_HAL_Driver/Src/stm32l4xx_hal_gpio.o
 .ARM.attributes
                0x0000000000000317       0x34 ./Drivers/STM32L4xx_HAL_Driver/Src/stm32l4xx_hal_pwr_ex.o
 .ARM.attributes
                0x000000000000034b       0x34 ./Drivers/STM32L4xx_HAL_Driver/Src/stm32l4xx_hal_rcc.o
 .ARM.attributes
                0x000000000000037f       0x34 ./Drivers/STM32L4xx_HAL_Driver/Src/stm32l4xx_hal_rcc_ex.o